Archive member included to satisfy reference by file (symbol)

c:/program files (x86)/atollic/truestudio for stm32 9.3.0/armtools/bin/../lib/gcc/arm-atollic-eabi/6.3.1/../../../../arm-atollic-eabi/lib/armv7e-m/fpu/fpv5-d16\libc_nano.a(lib_a-errno.o)
                              Core\Src\syscalls.o (__errno)
c:/program files (x86)/atollic/truestudio for stm32 9.3.0/armtools/bin/../lib/gcc/arm-atollic-eabi/6.3.1/../../../../arm-atollic-eabi/lib/armv7e-m/fpu/fpv5-d16\libc_nano.a(lib_a-impure.o)
                              c:/program files (x86)/atollic/truestudio for stm32 9.3.0/armtools/bin/../lib/gcc/arm-atollic-eabi/6.3.1/../../../../arm-atollic-eabi/lib/armv7e-m/fpu/fpv5-d16\libc_nano.a(lib_a-errno.o) (_impure_ptr)
c:/program files (x86)/atollic/truestudio for stm32 9.3.0/armtools/bin/../lib/gcc/arm-atollic-eabi/6.3.1/../../../../arm-atollic-eabi/lib/armv7e-m/fpu/fpv5-d16\libc_nano.a(lib_a-init.o)
                              startup\startup_stm32h743xx.o (__libc_init_array)
c:/program files (x86)/atollic/truestudio for stm32 9.3.0/armtools/bin/../lib/gcc/arm-atollic-eabi/6.3.1/../../../../arm-atollic-eabi/lib/armv7e-m/fpu/fpv5-d16\libc_nano.a(lib_a-memset.o)
                              Core\Src\main.o (memset)
c:/program files (x86)/atollic/truestudio for stm32 9.3.0/armtools/bin/../lib/gcc/arm-atollic-eabi/6.3.1/armv7e-m/fpu/fpv5-d16\libgcc.a(_aeabi_uldivmod.o)
                              Drivers\STM32H7xx_HAL_Driver\Src\stm32h7xx_hal_uart.o (__aeabi_uldivmod)
c:/program files (x86)/atollic/truestudio for stm32 9.3.0/armtools/bin/../lib/gcc/arm-atollic-eabi/6.3.1/armv7e-m/fpu/fpv5-d16\libgcc.a(_udivmoddi4.o)
                              c:/program files (x86)/atollic/truestudio for stm32 9.3.0/armtools/bin/../lib/gcc/arm-atollic-eabi/6.3.1/armv7e-m/fpu/fpv5-d16\libgcc.a(_aeabi_uldivmod.o) (__udivmoddi4)
c:/program files (x86)/atollic/truestudio for stm32 9.3.0/armtools/bin/../lib/gcc/arm-atollic-eabi/6.3.1/armv7e-m/fpu/fpv5-d16\libgcc.a(_dvmd_tls.o)
                              c:/program files (x86)/atollic/truestudio for stm32 9.3.0/armtools/bin/../lib/gcc/arm-atollic-eabi/6.3.1/armv7e-m/fpu/fpv5-d16\libgcc.a(_aeabi_uldivmod.o) (__aeabi_ldiv0)

Allocating common symbols
Common symbol       size              file

huart3              0x90              Core\Src\main.o
uwTick              0x4               Drivers\STM32H7xx_HAL_Driver\Src\stm32h7xx_hal.o
hdma_usart3_tx      0x78              Core\Src\main.o
pFlash              0x1c              Drivers\STM32H7xx_HAL_Driver\Src\stm32h7xx_hal_flash.o
heth                0xb0              Core\Src\main.o
TxConfig            0x38              Core\Src\main.o

Discarded input sections

 .text          0x00000000        0x0 c:/program files (x86)/atollic/truestudio for stm32 9.3.0/armtools/bin/../lib/gcc/arm-atollic-eabi/6.3.1/armv7e-m/fpu/fpv5-d16/crti.o
 .data          0x00000000        0x0 c:/program files (x86)/atollic/truestudio for stm32 9.3.0/armtools/bin/../lib/gcc/arm-atollic-eabi/6.3.1/armv7e-m/fpu/fpv5-d16/crti.o
 .bss           0x00000000        0x0 c:/program files (x86)/atollic/truestudio for stm32 9.3.0/armtools/bin/../lib/gcc/arm-atollic-eabi/6.3.1/armv7e-m/fpu/fpv5-d16/crti.o
 .data          0x00000000        0x4 c:/program files (x86)/atollic/truestudio for stm32 9.3.0/armtools/bin/../lib/gcc/arm-atollic-eabi/6.3.1/armv7e-m/fpu/fpv5-d16/crtbegin.o
 .text          0x00000000        0x0 Core\Src\main.o
 .data          0x00000000        0x0 Core\Src\main.o
 .bss           0x00000000        0x0 Core\Src\main.o
 .RxArraySection
                0x00000000     0x17e0 Core\Src\main.o
 .text          0x00000000        0x0 Core\Src\stm32h7xx_hal_msp.o
 .data          0x00000000        0x0 Core\Src\stm32h7xx_hal_msp.o
 .bss           0x00000000        0x0 Core\Src\stm32h7xx_hal_msp.o
 .text.HAL_ETH_MspDeInit
                0x00000000       0x88 Core\Src\stm32h7xx_hal_msp.o
 .text.HAL_UART_MspDeInit
                0x00000000       0x50 Core\Src\stm32h7xx_hal_msp.o
 .text          0x00000000        0x0 Core\Src\stm32h7xx_it.o
 .data          0x00000000        0x0 Core\Src\stm32h7xx_it.o
 .bss           0x00000000        0x0 Core\Src\stm32h7xx_it.o
 .text          0x00000000        0x0 Core\Src\syscalls.o
 .data          0x00000000        0x0 Core\Src\syscalls.o
 .bss           0x00000000        0x0 Core\Src\syscalls.o
 .bss.__env     0x00000000        0x4 Core\Src\syscalls.o
 .data.environ  0x00000000        0x4 Core\Src\syscalls.o
 .text.initialise_monitor_handles
                0x00000000        0xe Core\Src\syscalls.o
 .text._getpid  0x00000000       0x10 Core\Src\syscalls.o
 .text._kill    0x00000000       0x20 Core\Src\syscalls.o
 .text._exit    0x00000000       0x14 Core\Src\syscalls.o
 .text._read    0x00000000       0x3a Core\Src\syscalls.o
 .text._write   0x00000000       0x38 Core\Src\syscalls.o
 .bss.heap_end.7010
                0x00000000        0x4 Core\Src\syscalls.o
 .text._sbrk    0x00000000       0x58 Core\Src\syscalls.o
[...]
Memory Configuration

Name             Origin             Length             Attributes
DTCMRAM          0x20000000         0x00020000         xrw
RAM_D1           0x24000000         0x00080000         xrw
RAM_D2           0x30000000         0x00048000         xrw
RAM_D3           0x38000000         0x00010000         xrw
ITCMRAM          0x00000000         0x00010000         xrw
FLASH            0x08000000         0x00200000         xr
*default*        0x00000000         0xffffffff

Linker script and memory map

LOAD c:/program files (x86)/atollic/truestudio for stm32 9.3.0/armtools/bin/../lib/gcc/arm-atollic-eabi/6.3.1/armv7e-m/fpu/fpv5-d16/crti.o
LOAD c:/program files (x86)/atollic/truestudio for stm32 9.3.0/armtools/bin/../lib/gcc/arm-atollic-eabi/6.3.1/armv7e-m/fpu/fpv5-d16/crtbegin.o
LOAD Core\Src\main.o
LOAD Core\Src\stm32h7xx_hal_msp.o
LOAD Core\Src\stm32h7xx_it.o
LOAD Core\Src\syscalls.o
LOAD Core\Src\system_stm32h7xx.o
LOAD Drivers\STM32H7xx_HAL_Driver\Src\stm32h7xx_hal.o
LOAD Drivers\STM32H7xx_HAL_Driver\Src\stm32h7xx_hal_cortex.o
LOAD Drivers\STM32H7xx_HAL_Driver\Src\stm32h7xx_hal_dma.o
LOAD Drivers\STM32H7xx_HAL_Driver\Src\stm32h7xx_hal_dma_ex.o
LOAD Drivers\STM32H7xx_HAL_Driver\Src\stm32h7xx_hal_eth.o
LOAD Drivers\STM32H7xx_HAL_Driver\Src\stm32h7xx_hal_eth_ex.o
LOAD Drivers\STM32H7xx_HAL_Driver\Src\stm32h7xx_hal_exti.o
LOAD Drivers\STM32H7xx_HAL_Driver\Src\stm32h7xx_hal_flash.o
LOAD Drivers\STM32H7xx_HAL_Driver\Src\stm32h7xx_hal_flash_ex.o
LOAD Drivers\STM32H7xx_HAL_Driver\Src\stm32h7xx_hal_gpio.o
LOAD Drivers\STM32H7xx_HAL_Driver\Src\stm32h7xx_hal_hsem.o
LOAD Drivers\STM32H7xx_HAL_Driver\Src\stm32h7xx_hal_i2c.o
LOAD Drivers\STM32H7xx_HAL_Driver\Src\stm32h7xx_hal_i2c_ex.o
LOAD Drivers\STM32H7xx_HAL_Driver\Src\stm32h7xx_hal_mdma.o
LOAD Drivers\STM32H7xx_HAL_Driver\Src\stm32h7xx_hal_pwr.o
LOAD Drivers\STM32H7xx_HAL_Driver\Src\stm32h7xx_hal_pwr_ex.o
LOAD Drivers\STM32H7xx_HAL_Driver\Src\stm32h7xx_hal_rcc.o
LOAD Drivers\STM32H7xx_HAL_Driver\Src\stm32h7xx_hal_rcc_ex.o
LOAD Drivers\STM32H7xx_HAL_Driver\Src\stm32h7xx_hal_tim.o
LOAD Drivers\STM32H7xx_HAL_Driver\Src\stm32h7xx_hal_tim_ex.o
LOAD Drivers\STM32H7xx_HAL_Driver\Src\stm32h7xx_hal_uart.o
LOAD Drivers\STM32H7xx_HAL_Driver\Src\stm32h7xx_hal_uart_ex.o
LOAD startup\startup_stm32h743xx.o
                0x00000080                malloc_getpagesize_P = 0x80
START GROUP
LOAD c:/program files (x86)/atollic/truestudio for stm32 9.3.0/armtools/bin/../lib/gcc/arm-atollic-eabi/6.3.1/../../../../arm-atollic-eabi/lib/armv7e-m/fpu/fpv5-d16\libc_nano.a
LOAD c:/program files (x86)/atollic/truestudio for stm32 9.3.0/armtools/bin/../lib/gcc/arm-atollic-eabi/6.3.1/../../../../arm-atollic-eabi/lib/armv7e-m/fpu/fpv5-d16\libm.a
END GROUP
START GROUP
LOAD c:/program files (x86)/atollic/truestudio for stm32 9.3.0/armtools/bin/../lib/gcc/arm-atollic-eabi/6.3.1/armv7e-m/fpu/fpv5-d16\libgcc.a
LOAD c:/program files (x86)/atollic/truestudio for stm32 9.3.0/armtools/bin/../lib/gcc/arm-atollic-eabi/6.3.1/../../../../arm-atollic-eabi/lib/armv7e-m/fpu/fpv5-d16\libc_nano.a
END GROUP
START GROUP
LOAD c:/program files (x86)/atollic/truestudio for stm32 9.3.0/armtools/bin/../lib/gcc/arm-atollic-eabi/6.3.1/armv7e-m/fpu/fpv5-d16\libgcc.a
LOAD c:/program files (x86)/atollic/truestudio for stm32 9.3.0/armtools/bin/../lib/gcc/arm-atollic-eabi/6.3.1/../../../../arm-atollic-eabi/lib/armv7e-m/fpu/fpv5-d16\libc_nano.a
LOAD c:/program files (x86)/atollic/truestudio for stm32 9.3.0/armtools/bin/../lib/gcc/arm-atollic-eabi/6.3.1/../../../../arm-atollic-eabi/lib/armv7e-m/fpu/fpv5-d16\libnosys.a
END GROUP
START GROUP
LOAD c:/program files (x86)/atollic/truestudio for stm32 9.3.0/armtools/bin/../lib/gcc/arm-atollic-eabi/6.3.1/armv7e-m/fpu/fpv5-d16\libgcc.a
LOAD c:/program files (x86)/atollic/truestudio for stm32 9.3.0/armtools/bin/../lib/gcc/arm-atollic-eabi/6.3.1/../../../../arm-atollic-eabi/lib/armv7e-m/fpu/fpv5-d16\libc_nano.a
LOAD c:/program files (x86)/atollic/truestudio for stm32 9.3.0/armtools/bin/../lib/gcc/arm-atollic-eabi/6.3.1/../../../../arm-atollic-eabi/lib/armv7e-m/fpu/fpv5-d16\libnosys.a
END GROUP
LOAD c:/program files (x86)/atollic/truestudio for stm32 9.3.0/armtools/bin/../lib/gcc/arm-atollic-eabi/6.3.1/armv7e-m/fpu/fpv5-d16/crtend.o
LOAD c:/program files (x86)/atollic/truestudio for stm32 9.3.0/armtools/bin/../lib/gcc/arm-atollic-eabi/6.3.1/armv7e-m/fpu/fpv5-d16/crtn.o
                0x20020000                _estack = (ORIGIN (DTCMRAM) + LENGTH (DTCMRAM))
                0x00000200                _Min_Heap_Size = 0x200
                0x00000400                _Min_Stack_Size = 0x400

.isr_vector     0x08000000      0x298
                0x08000000                . = ALIGN (0x4)
 *(.isr_vector)
 .isr_vector    0x08000000      0x298 startup\startup_stm32h743xx.o
                0x08000000                g_pfnVectors
                0x08000298                . = ALIGN (0x4)

.text           0x08000298     0x8c70
                0x08000298                . = ALIGN (0x4)
 *(.text)
 .text          0x08000298       0x40 c:/program files (x86)/atollic/truestudio for stm32 9.3.0/armtools/bin/../lib/gcc/arm-atollic-eabi/6.3.1/armv7e-m/fpu/fpv5-d16/crtbegin.o
 .text          0x080002d8       0x30 c:/program files (x86)/atollic/truestudio for stm32 9.3.0/armtools/bin/../lib/gcc/arm-atollic-eabi/6.3.1/armv7e-m/fpu/fpv5-d16\libgcc.a(_aeabi_uldivmod.o)
                0x080002d8                __aeabi_uldivmod
 .text          0x08000308      0x2dc c:/program files (x86)/atollic/truestudio for stm32 9.3.0/armtools/bin/../lib/gcc/arm-atollic-eabi/6.3.1/armv7e-m/fpu/fpv5-d16\libgcc.a(_udivmoddi4.o)
                0x08000308                __udivmoddi4
 .text          0x080005e4        0x4 c:/program files (x86)/atollic/truestudio for stm32 9.3.0/armtools/bin/../lib/gcc/arm-atollic-eabi/6.3.1/armv7e-m/fpu/fpv5-d16\libgcc.a(_dvmd_tls.o)
                0x080005e4                __aeabi_idiv0
                0x080005e4                __aeabi_ldiv0
 *(.text*)
 .text.main     0x080005e8       0x58 Core\Src\main.o
                0x080005e8                main
 .text.SystemClock_Config
                0x08000640       0xd4 Core\Src\main.o
                0x08000640                SystemClock_Config
 .text.MX_ETH_Init
                0x08000714       0x98 Core\Src\main.o
 .text.MX_USART3_UART_Init
                0x080007ac       0x98 Core\Src\main.o
 .text.MX_DMA_Init
                0x08000844       0x40 Core\Src\main.o
 .text.MX_GPIO_Init
                0x08000884      0x1dc Core\Src\main.o
 .text.Error_Handler
                0x08000a60        0x8 Core\Src\main.o
                0x08000a60                Error_Handler
 .text.HAL_MspInit
                0x08000a68       0x34 Core\Src\stm32h7xx_hal_msp.o
                0x08000a68                HAL_MspInit
 .text.HAL_ETH_MspInit
                0x08000a9c      0x19c Core\Src\stm32h7xx_hal_msp.o
                0x08000a9c                HAL_ETH_MspInit
 .text.HAL_UART_MspInit
                0x08000c38      0x140 Core\Src\stm32h7xx_hal_msp.o
                0x08000c38                HAL_UART_MspInit
 .text.NMI_Handler
                0x08000d78        0x6 Core\Src\stm32h7xx_it.o
                0x08000d78                NMI_Handler
 .text.HardFault_Handler
                0x08000d7e        0x6 Core\Src\stm32h7xx_it.o
                0x08000d7e                HardFault_Handler
 .text.MemManage_Handler
                0x08000d84        0x6 Core\Src\stm32h7xx_it.o
                0x08000d84                MemManage_Handler
 .text.BusFault_Handler
                0x08000d8a        0x6 Core\Src\stm32h7xx_it.o
                0x08000d8a                BusFault_Handler
 .text.UsageFault_Handler
                0x08000d90        0x6 Core\Src\stm32h7xx_it.o
                0x08000d90                UsageFault_Handler
 .text.SVC_Handler
                0x08000d96        0xe Core\Src\stm32h7xx_it.o
                0x08000d96                SVC_Handler
 .text.DebugMon_Handler
                0x08000da4        0xe Core\Src\stm32h7xx_it.o
                0x08000da4                DebugMon_Handler
 .text.PendSV_Handler
                0x08000db2        0xe Core\Src\stm32h7xx_it.o
                0x08000db2                PendSV_Handler
 .text.SysTick_Handler
                0x08000dc0        0xc Core\Src\stm32h7xx_it.o
                0x08000dc0                SysTick_Handler
 .text.DMA1_Stream0_IRQHandler
                0x08000dcc       0x14 Core\Src\stm32h7xx_it.o
                0x08000dcc                DMA1_Stream0_IRQHandler
 .text.USART3_IRQHandler
                0x08000de0       0x14 Core\Src\stm32h7xx_it.o
                0x08000de0                USART3_IRQHandler
 .text.SystemInit
                0x08000df4      0x110 Core\Src\system_stm32h7xx.o
                0x08000df4                SystemInit
 .text.HAL_Init
                0x08000f04       0x78 Drivers\STM32H7xx_HAL_Driver\Src\stm32h7xx_hal.o
                0x08000f04                HAL_Init
 .text.HAL_InitTick
                0x08000f7c       0x6c Drivers\STM32H7xx_HAL_Driver\Src\stm32h7xx_hal.o
                0x08000f7c                HAL_InitTick
 .text.HAL_IncTick
                0x08000fe8       0x28 Drivers\STM32H7xx_HAL_Driver\Src\stm32h7xx_hal.o
                0x08000fe8                HAL_IncTick
 .text.HAL_GetTick
                0x08001010       0x18 Drivers\STM32H7xx_HAL_Driver\Src\stm32h7xx_hal.o
                0x08001010                HAL_GetTick
 .text.HAL_Delay
                0x08001028       0x44 Drivers\STM32H7xx_HAL_Driver\Src\stm32h7xx_hal.o
                0x08001028                HAL_Delay
 .text.HAL_GetREVID
                0x0800106c       0x18 Drivers\STM32H7xx_HAL_Driver\Src\stm32h7xx_hal.o
                0x0800106c                HAL_GetREVID
 .text.HAL_SYSCFG_ETHInterfaceSelect
                0x08001084       0x28 Drivers\STM32H7xx_HAL_Driver\Src\stm32h7xx_hal.o
                0x08001084                HAL_SYSCFG_ETHInterfaceSelect
 .text.__NVIC_SetPriorityGrouping
                0x080010ac       0x48 Drivers\STM32H7xx_HAL_Driver\Src\stm32h7xx_hal_cortex.o
 .text.__NVIC_GetPriorityGrouping
                0x080010f4       0x1c Drivers\STM32H7xx_HAL_Driver\Src\stm32h7xx_hal_cortex.o
 .text.__NVIC_EnableIRQ
                0x08001110       0x3c Drivers\STM32H7xx_HAL_Driver\Src\stm32h7xx_hal_cortex.o
 .text.__NVIC_SetPriority
                0x0800114c       0x54 Drivers\STM32H7xx_HAL_Driver\Src\stm32h7xx_hal_cortex.o
 .text.NVIC_EncodePriority
                0x080011a0       0x62 Drivers\STM32H7xx_HAL_Driver\Src\stm32h7xx_hal_cortex.o
 *fill*         0x08001202        0x2 
 .text.SysTick_Config
                0x08001204       0x44 Drivers\STM32H7xx_HAL_Driver\Src\stm32h7xx_hal_cortex.o
 .text.HAL_NVIC_SetPriorityGrouping
                0x08001248       0x16 Drivers\STM32H7xx_HAL_Driver\Src\stm32h7xx_hal_cortex.o
                0x08001248                HAL_NVIC_SetPriorityGrouping
 .text.HAL_NVIC_SetPriority
                0x0800125e       0x34 Drivers\STM32H7xx_HAL_Driver\Src\stm32h7xx_hal_cortex.o
                0x0800125e                HAL_NVIC_SetPriority
 .text.HAL_NVIC_EnableIRQ
                0x08001292       0x1c Drivers\STM32H7xx_HAL_Driver\Src\stm32h7xx_hal_cortex.o
                0x08001292                HAL_NVIC_EnableIRQ
 .text.HAL_SYSTICK_Config
                0x080012ae       0x18 Drivers\STM32H7xx_HAL_Driver\Src\stm32h7xx_hal_cortex.o
                0x080012ae                HAL_SYSTICK_Config
 *fill*         0x080012c6        0x2 
 .text.HAL_DMA_Init
                0x080012c8      0x6b8 Drivers\STM32H7xx_HAL_Driver\Src\stm32h7xx_hal_dma.o
                0x080012c8                HAL_DMA_Init
 .text.HAL_DMA_Start_IT
                0x08001980      0x4d4 Drivers\STM32H7xx_HAL_Driver\Src\stm32h7xx_hal_dma.o
                0x08001980                HAL_DMA_Start_IT
 .text.HAL_DMA_Abort
                0x08001e54      0x63c Drivers\STM32H7xx_HAL_Driver\Src\stm32h7xx_hal_dma.o
                0x08001e54                HAL_DMA_Abort
 .text.HAL_DMA_Abort_IT
                0x08002490      0x488 Drivers\STM32H7xx_HAL_Driver\Src\stm32h7xx_hal_dma.o
                0x08002490                HAL_DMA_Abort_IT
 .text.HAL_DMA_IRQHandler
                0x08002918      0xe54 Drivers\STM32H7xx_HAL_Driver\Src\stm32h7xx_hal_dma.o
                0x08002918                HAL_DMA_IRQHandler
 .text.DMA_SetConfig
                0x0800376c      0x358 Drivers\STM32H7xx_HAL_Driver\Src\stm32h7xx_hal_dma.o
 .text.DMA_CalcBaseAndBitshift
                0x08003ac4      0x164 Drivers\STM32H7xx_HAL_Driver\Src\stm32h7xx_hal_dma.o
 .text.DMA_CheckFifoParam
                0x08003c28       0xf8 Drivers\STM32H7xx_HAL_Driver\Src\stm32h7xx_hal_dma.o
 .text.DMA_CalcDMAMUXChannelBaseAndMask
                0x08003d20      0x134 Drivers\STM32H7xx_HAL_Driver\Src\stm32h7xx_hal_dma.o
 .text.DMA_CalcDMAMUXRequestGenBaseAndMask
                0x08003e54       0xe8 Drivers\STM32H7xx_HAL_Driver\Src\stm32h7xx_hal_dma.o
 .text.HAL_ETH_Init
                0x08003f3c      0x1c4 Drivers\STM32H7xx_HAL_Driver\Src\stm32h7xx_hal_eth.o
                0x08003f3c                HAL_ETH_Init
 .text.HAL_ETH_SetMDIOClockRange
                0x08004100       0xb0 Drivers\STM32H7xx_HAL_Driver\Src\stm32h7xx_hal_eth.o
                0x08004100                HAL_ETH_SetMDIOClockRange
 .text.ETH_SetMACConfig
                0x080041b0      0x238 Drivers\STM32H7xx_HAL_Driver\Src\stm32h7xx_hal_eth.o
 .text.ETH_SetDMAConfig
                0x080043e8      0x10c Drivers\STM32H7xx_HAL_Driver\Src\stm32h7xx_hal_eth.o
 .text.ETH_MACDMAConfig
                0x080044f4      0x13a Drivers\STM32H7xx_HAL_Driver\Src\stm32h7xx_hal_eth.o
 .text.ETH_DMATxDescListInit
                0x0800462e       0x90 Drivers\STM32H7xx_HAL_Driver\Src\stm32h7xx_hal_eth.o
 .text.ETH_DMARxDescListInit
                0x080046be       0xba Drivers\STM32H7xx_HAL_Driver\Src\stm32h7xx_hal_eth.o
 .text.HAL_GPIO_Init
                0x08004778      0x360 Drivers\STM32H7xx_HAL_Driver\Src\stm32h7xx_hal_gpio.o
                0x08004778                HAL_GPIO_Init
 .text.HAL_GPIO_WritePin
                0x08004ad8       0x32 Drivers\STM32H7xx_HAL_Driver\Src\stm32h7xx_hal_gpio.o
                0x08004ad8                HAL_GPIO_WritePin
 *fill*         0x08004b0a        0x2 
 .text.HAL_PWREx_ConfigSupply
                0x08004b0c       0x74 Drivers\STM32H7xx_HAL_Driver\Src\stm32h7xx_hal_pwr_ex.o
                0x08004b0c                HAL_PWREx_ConfigSupply
 .text.HAL_RCC_OscConfig
                0x08004b80      0x858 Drivers\STM32H7xx_HAL_Driver\Src\stm32h7xx_hal_rcc.o
                0x08004b80                HAL_RCC_OscConfig
 .text.HAL_RCC_ClockConfig
                0x080053d8      0x36c Drivers\STM32H7xx_HAL_Driver\Src\stm32h7xx_hal_rcc.o
                0x080053d8                HAL_RCC_ClockConfig
 .text.HAL_RCC_GetSysClockFreq
                0x08005744      0x2e4 Drivers\STM32H7xx_HAL_Driver\Src\stm32h7xx_hal_rcc.o
                0x08005744                HAL_RCC_GetSysClockFreq
 .text.HAL_RCC_GetHCLKFreq
                0x08005a28       0x60 Drivers\STM32H7xx_HAL_Driver\Src\stm32h7xx_hal_rcc.o
                0x08005a28                HAL_RCC_GetHCLKFreq
 .text.HAL_RCC_GetPCLK1Freq
                0x08005a88       0x2c Drivers\STM32H7xx_HAL_Driver\Src\stm32h7xx_hal_rcc.o
                0x08005a88                HAL_RCC_GetPCLK1Freq
 .text.HAL_RCC_GetPCLK2Freq
                0x08005ab4       0x2c Drivers\STM32H7xx_HAL_Driver\Src\stm32h7xx_hal_rcc.o
                0x08005ab4                HAL_RCC_GetPCLK2Freq
 .text.HAL_RCCEx_PeriphCLKConfig
                0x08005ae0      0xdfc Drivers\STM32H7xx_HAL_Driver\Src\stm32h7xx_hal_rcc_ex.o
                0x08005ae0                HAL_RCCEx_PeriphCLKConfig
 .text.HAL_RCCEx_GetD3PCLK1Freq
                0x080068dc       0x2c Drivers\STM32H7xx_HAL_Driver\Src\stm32h7xx_hal_rcc_ex.o
                0x080068dc                HAL_RCCEx_GetD3PCLK1Freq
 .text.HAL_RCCEx_GetPLL2ClockFreq
                0x08006908      0x298 Drivers\STM32H7xx_HAL_Driver\Src\stm32h7xx_hal_rcc_ex.o
                0x08006908                HAL_RCCEx_GetPLL2ClockFreq
 .text.HAL_RCCEx_GetPLL3ClockFreq
                0x08006ba0      0x298 Drivers\STM32H7xx_HAL_Driver\Src\stm32h7xx_hal_rcc_ex.o
                0x08006ba0                HAL_RCCEx_GetPLL3ClockFreq
 .text.RCCEx_PLL2_Config
                0x08006e38      0x164 Drivers\STM32H7xx_HAL_Driver\Src\stm32h7xx_hal_rcc_ex.o
 .text.RCCEx_PLL3_Config
                0x08006f9c      0x164 Drivers\STM32H7xx_HAL_Driver\Src\stm32h7xx_hal_rcc_ex.o
 .text.HAL_UART_Init
                0x08007100       0xa0 Drivers\STM32H7xx_HAL_Driver\Src\stm32h7xx_hal_uart.o
                0x08007100                HAL_UART_Init
 .text.HAL_UART_Transmit_DMA
                0x080071a0      0x124 Drivers\STM32H7xx_HAL_Driver\Src\stm32h7xx_hal_uart.o
                0x080071a0                HAL_UART_Transmit_DMA
 .text.HAL_UART_IRQHandler
                0x080072c4      0x73c Drivers\STM32H7xx_HAL_Driver\Src\stm32h7xx_hal_uart.o
                0x080072c4                HAL_UART_IRQHandler
 .text.HAL_UART_TxCpltCallback
                0x08007a00       0x14 Drivers\STM32H7xx_HAL_Driver\Src\stm32h7xx_hal_uart.o
                0x08007a00                HAL_UART_TxCpltCallback
 .text.HAL_UART_TxHalfCpltCallback
                0x08007a14       0x14 Drivers\STM32H7xx_HAL_Driver\Src\stm32h7xx_hal_uart.o
                0x08007a14                HAL_UART_TxHalfCpltCallback
 .text.HAL_UART_ErrorCallback
                0x08007a28       0x14 Drivers\STM32H7xx_HAL_Driver\Src\stm32h7xx_hal_uart.o
                0x08007a28                HAL_UART_ErrorCallback
 .text.HAL_UARTEx_RxEventCallback
                0x08007a3c       0x18 Drivers\STM32H7xx_HAL_Driver\Src\stm32h7xx_hal_uart.o
                0x08007a3c                HAL_UARTEx_RxEventCallback
 .text.UART_SetConfig
                0x08007a54      0xb40 Drivers\STM32H7xx_HAL_Driver\Src\stm32h7xx_hal_uart.o
                0x08007a54                UART_SetConfig
 .text.UART_AdvFeatureConfig
                0x08008594      0x144 Drivers\STM32H7xx_HAL_Driver\Src\stm32h7xx_hal_uart.o
                0x08008594                UART_AdvFeatureConfig
 .text.UART_CheckIdleState
                0x080086d8       0x96 Drivers\STM32H7xx_HAL_Driver\Src\stm32h7xx_hal_uart.o
                0x080086d8                UART_CheckIdleState
 .text.UART_WaitOnFlagUntilTimeout
                0x0800876e      0x190 Drivers\STM32H7xx_HAL_Driver\Src\stm32h7xx_hal_uart.o
                0x0800876e                UART_WaitOnFlagUntilTimeout
 .text.UART_EndTxTransfer
                0x080088fe       0x82 Drivers\STM32H7xx_HAL_Driver\Src\stm32h7xx_hal_uart.o
 .text.UART_EndRxTransfer
                0x08008980       0xcc Drivers\STM32H7xx_HAL_Driver\Src\stm32h7xx_hal_uart.o
 .text.UART_DMATransmitCplt
                0x08008a4c       0x96 Drivers\STM32H7xx_HAL_Driver\Src\stm32h7xx_hal_uart.o
 .text.UART_DMATxHalfCplt
                0x08008ae2       0x1c Drivers\STM32H7xx_HAL_Driver\Src\stm32h7xx_hal_uart.o
 .text.UART_DMAError
                0x08008afe       0x80 Drivers\STM32H7xx_HAL_Driver\Src\stm32h7xx_hal_uart.o
 .text.UART_DMAAbortOnError
                0x08008b7e       0x2c Drivers\STM32H7xx_HAL_Driver\Src\stm32h7xx_hal_uart.o
 .text.UART_EndTransmit_IT
                0x08008baa       0x56 Drivers\STM32H7xx_HAL_Driver\Src\stm32h7xx_hal_uart.o
 .text.HAL_UARTEx_WakeupCallback
                0x08008c00       0x14 Drivers\STM32H7xx_HAL_Driver\Src\stm32h7xx_hal_uart_ex.o
                0x08008c00                HAL_UARTEx_WakeupCallback
 .text.HAL_UARTEx_RxFifoFullCallback
                0x08008c14       0x14 Drivers\STM32H7xx_HAL_Driver\Src\stm32h7xx_hal_uart_ex.o
                0x08008c14                HAL_UARTEx_RxFifoFullCallback
 .text.HAL_UARTEx_TxFifoEmptyCallback
                0x08008c28       0x14 Drivers\STM32H7xx_HAL_Driver\Src\stm32h7xx_hal_uart_ex.o
                0x08008c28                HAL_UARTEx_TxFifoEmptyCallback
 .text.HAL_UARTEx_DisableFifoMode
                0x08008c3c       0x72 Drivers\STM32H7xx_HAL_Driver\Src\stm32h7xx_hal_uart_ex.o
                0x08008c3c                HAL_UARTEx_DisableFifoMode
 .text.HAL_UARTEx_SetTxFifoThreshold
                0x08008cae       0x7c Drivers\STM32H7xx_HAL_Driver\Src\stm32h7xx_hal_uart_ex.o
                0x08008cae                HAL_UARTEx_SetTxFifoThreshold
 .text.HAL_UARTEx_SetRxFifoThreshold
                0x08008d2a       0x7c Drivers\STM32H7xx_HAL_Driver\Src\stm32h7xx_hal_uart_ex.o
                0x08008d2a                HAL_UARTEx_SetRxFifoThreshold
 *fill*         0x08008da6        0x2 
 .text.UARTEx_SetNbDataToProcess
                0x08008da8       0x9c Drivers\STM32H7xx_HAL_Driver\Src\stm32h7xx_hal_uart_ex.o
 .text.Reset_Handler
                0x08008e44       0x50 startup\startup_stm32h743xx.o
                0x08008e44                Reset_Handler
 .text.Default_Handler
                0x08008e94        0x2 startup\startup_stm32h743xx.o
                0x08008e94                RTC_Alarm_IRQHandler
                0x08008e94                EXTI2_IRQHandler
                0x08008e94                TIM8_CC_IRQHandler
                0x08008e94                HRTIM1_Master_IRQHandler
                0x08008e94                UART8_IRQHandler
                0x08008e94                SPI4_IRQHandler
                0x08008e94                TIM1_CC_IRQHandler
                0x08008e94                BDMA_Channel6_IRQHandler
                0x08008e94                DMA2_Stream5_IRQHandler
                0x08008e94                HRTIM1_FLT_IRQHandler
                0x08008e94                JPEG_IRQHandler
                0x08008e94                DMA1_Stream5_IRQHandler
                0x08008e94                BDMA_Channel1_IRQHandler
                0x08008e94                HRTIM1_TIMD_IRQHandler
                0x08008e94                TAMP_STAMP_IRQHandler
                0x08008e94                EXTI3_IRQHandler
                0x08008e94                LPTIM4_IRQHandler
                0x08008e94                TIM8_TRG_COM_TIM14_IRQHandler
                0x08008e94                LPTIM2_IRQHandler
                0x08008e94                DFSDM1_FLT1_IRQHandler
                0x08008e94                DMAMUX2_OVR_IRQHandler
                0x08008e94                TIM8_UP_TIM13_IRQHandler
                0x08008e94                I2C3_ER_IRQHandler
                0x08008e94                DFSDM1_FLT2_IRQHandler
                0x08008e94                MDMA_IRQHandler
                0x08008e94                LPTIM3_IRQHandler
                0x08008e94                HSEM1_IRQHandler
                0x08008e94                EXTI0_IRQHandler
                0x08008e94                I2C2_EV_IRQHandler
                0x08008e94                DMA1_Stream2_IRQHandler
                0x08008e94                FPU_IRQHandler
                0x08008e94                OTG_HS_WKUP_IRQHandler
                0x08008e94                FDCAN1_IT1_IRQHandler
                0x08008e94                LTDC_ER_IRQHandler
                0x08008e94                DMA2_Stream2_IRQHandler
                0x08008e94                HRTIM1_TIME_IRQHandler
                0x08008e94                SPI1_IRQHandler
                0x08008e94                TIM6_DAC_IRQHandler
                0x08008e94                DCMI_IRQHandler
                0x08008e94                HRTIM1_TIMC_IRQHandler
                0x08008e94                DMA2_Stream3_IRQHandler
                0x08008e94                SAI2_IRQHandler
                0x08008e94                DFSDM1_FLT3_IRQHandler
                0x08008e94                USART6_IRQHandler
                0x08008e94                TIM17_IRQHandler
                0x08008e94                BDMA_Channel7_IRQHandler
                0x08008e94                LPTIM5_IRQHandler
                0x08008e94                UART5_IRQHandler
                0x08008e94                ADC3_IRQHandler
                0x08008e94                DMA2_Stream0_IRQHandler
                0x08008e94                TIM4_IRQHandler
                0x08008e94                BDMA_Channel2_IRQHandler
                0x08008e94                QUADSPI_IRQHandler
                0x08008e94                I2C1_EV_IRQHandler
                0x08008e94                DMA1_Stream6_IRQHandler
                0x08008e94                DMAMUX1_OVR_IRQHandler
                0x08008e94                DMA1_Stream1_IRQHandler
                0x08008e94                TIM16_IRQHandler
                0x08008e94                UART4_IRQHandler
                0x08008e94                BDMA_Channel5_IRQHandler
                0x08008e94                TIM3_IRQHandler
                0x08008e94                RCC_IRQHandler
                0x08008e94                TIM8_BRK_TIM12_IRQHandler
                0x08008e94                TIM1_TRG_COM_IRQHandler
                0x08008e94                Default_Handler
                0x08008e94                ECC_IRQHandler
                0x08008e94                CEC_IRQHandler
                0x08008e94                EXTI15_10_IRQHandler
                0x08008e94                BDMA_Channel0_IRQHandler
                0x08008e94                ADC_IRQHandler
                0x08008e94                DMA1_Stream7_IRQHandler
                0x08008e94                HRTIM1_TIMA_IRQHandler
                0x08008e94                SPI5_IRQHandler
                0x08008e94                TIM7_IRQHandler
                0x08008e94                SDMMC1_IRQHandler
                0x08008e94                TIM5_IRQHandler
                0x08008e94                DMA2_Stream7_IRQHandler
                0x08008e94                TIM15_IRQHandler
                0x08008e94                PVD_AVD_IRQHandler
                0x08008e94                I2C3_EV_IRQHandler
                0x08008e94                EXTI9_5_IRQHandler
                0x08008e94                RTC_WKUP_IRQHandler
                0x08008e94                LTDC_IRQHandler
                0x08008e94                SAI3_IRQHandler
                0x08008e94                ETH_WKUP_IRQHandler
                0x08008e94                SPDIF_RX_IRQHandler
                0x08008e94                SPI2_IRQHandler
                0x08008e94                OTG_HS_EP1_IN_IRQHandler
                0x08008e94                CRS_IRQHandler
                0x08008e94                EXTI4_IRQHandler
                0x08008e94                RNG_IRQHandler
                0x08008e94                HRTIM1_TIMB_IRQHandler
                0x08008e94                FDCAN2_IT1_IRQHandler
                0x08008e94                ETH_IRQHandler
                0x08008e94                TIM1_UP_IRQHandler
                0x08008e94                BDMA_Channel4_IRQHandler
                0x08008e94                OTG_HS_EP1_OUT_IRQHandler
                0x08008e94                WWDG_IRQHandler
                0x08008e94                SPI6_IRQHandler
                0x08008e94                MDIOS_IRQHandler
                0x08008e94                I2C4_EV_IRQHandler
                0x08008e94                FDCAN2_IT0_IRQHandler
                0x08008e94                LPUART1_IRQHandler
                0x08008e94                FDCAN1_IT0_IRQHandler
                0x08008e94                TIM2_IRQHandler
                0x08008e94                OTG_FS_WKUP_IRQHandler
                0x08008e94                OTG_HS_IRQHandler
                0x08008e94                DMA2D_IRQHandler
                0x08008e94                TIM1_BRK_IRQHandler
                0x08008e94                EXTI1_IRQHandler
                0x08008e94                SDMMC2_IRQHandler
                0x08008e94                OTG_FS_EP1_OUT_IRQHandler
                0x08008e94                BDMA_Channel3_IRQHandler
                0x08008e94                UART7_IRQHandler
                0x08008e94                MDIOS_WKUP_IRQHandler
                0x08008e94                USART2_IRQHandler
                0x08008e94                DFSDM1_FLT0_IRQHandler
                0x08008e94                SAI4_IRQHandler
                0x08008e94                I2C2_ER_IRQHandler
                0x08008e94                DMA2_Stream1_IRQHandler
                0x08008e94                FLASH_IRQHandler
                0x08008e94                DMA2_Stream4_IRQHandler
                0x08008e94                USART1_IRQHandler
                0x08008e94                OTG_FS_IRQHandler
                0x08008e94                SPI3_IRQHandler
                0x08008e94                WAKEUP_PIN_IRQHandler
                0x08008e94                DMA1_Stream4_IRQHandler
                0x08008e94                OTG_FS_EP1_IN_IRQHandler
                0x08008e94                I2C1_ER_IRQHandler
                0x08008e94                FMC_IRQHandler
                0x08008e94                FDCAN_CAL_IRQHandler
                0x08008e94                SWPMI1_IRQHandler
                0x08008e94                COMP1_IRQHandler
                0x08008e94                LPTIM1_IRQHandler
                0x08008e94                I2C4_ER_IRQHandler
                0x08008e94                DMA2_Stream6_IRQHandler
                0x08008e94                SAI1_IRQHandler
                0x08008e94                DMA1_Stream3_IRQHandler
 *fill*         0x08008e96        0x2 
 .text.__libc_init_array
                0x08008e98       0x48 c:/program files (x86)/atollic/truestudio for stm32 9.3.0/armtools/bin/../lib/gcc/arm-atollic-eabi/6.3.1/../../../../arm-atollic-eabi/lib/armv7e-m/fpu/fpv5-d16\libc_nano.a(lib_a-init.o)
                0x08008e98                __libc_init_array
 .text.memset   0x08008ee0       0x10 c:/program files (x86)/atollic/truestudio for stm32 9.3.0/armtools/bin/../lib/gcc/arm-atollic-eabi/6.3.1/../../../../arm-atollic-eabi/lib/armv7e-m/fpu/fpv5-d16\libc_nano.a(lib_a-memset.o)
                0x08008ee0                memset
 *(.glue_7)
 .glue_7        0x08008ef0        0x0 linker stubs
 *(.glue_7t)
 .glue_7t       0x08008ef0        0x0 linker stubs
 *(.eh_frame)
 .eh_frame      0x08008ef0        0x0 c:/program files (x86)/atollic/truestudio for stm32 9.3.0/armtools/bin/../lib/gcc/arm-atollic-eabi/6.3.1/armv7e-m/fpu/fpv5-d16/crtbegin.o
 *(.init)
 .init          0x08008ef0        0x4 c:/program files (x86)/atollic/truestudio for stm32 9.3.0/armtools/bin/../lib/gcc/arm-atollic-eabi/6.3.1/armv7e-m/fpu/fpv5-d16/crti.o
                0x08008ef0                _init
 .init          0x08008ef4        0x8 c:/program files (x86)/atollic/truestudio for stm32 9.3.0/armtools/bin/../lib/gcc/arm-atollic-eabi/6.3.1/armv7e-m/fpu/fpv5-d16/crtn.o
 *(.fini)
 .fini          0x08008efc        0x4 c:/program files (x86)/atollic/truestudio for stm32 9.3.0/armtools/bin/../lib/gcc/arm-atollic-eabi/6.3.1/armv7e-m/fpu/fpv5-d16/crti.o
                0x08008efc                _fini
 .fini          0x08008f00        0x8 c:/program files (x86)/atollic/truestudio for stm32 9.3.0/armtools/bin/../lib/gcc/arm-atollic-eabi/6.3.1/armv7e-m/fpu/fpv5-d16/crtn.o
                0x08008f08                . = ALIGN (0x4)
                0x08008f08                _etext = .

.vfp11_veneer   0x08008f08        0x0
 .vfp11_veneer  0x08008f08        0x0 linker stubs

.v4_bx          0x08008f08        0x0
 .v4_bx         0x08008f08        0x0 linker stubs

.iplt           0x08008f08        0x0
 .iplt          0x08008f08        0x0 c:/program files (x86)/atollic/truestudio for stm32 9.3.0/armtools/bin/../lib/gcc/arm-atollic-eabi/6.3.1/armv7e-m/fpu/fpv5-d16/crtbegin.o

.rodata         0x08008f08       0x40
                0x08008f08                . = ALIGN (0x4)
 *(.rodata)
 *(.rodata*)
 .rodata.D1CorePrescTable
                0x08008f08       0x10 Core\Src\system_stm32h7xx.o
                0x08008f08                D1CorePrescTable
 .rodata.flagBitshiftOffset.10608
                0x08008f18        0x8 Drivers\STM32H7xx_HAL_Driver\Src\stm32h7xx_hal_dma.o
 .rodata.UARTPrescTable
                0x08008f20       0x18 Drivers\STM32H7xx_HAL_Driver\Src\stm32h7xx_hal_uart.o
                0x08008f20                UARTPrescTable
 .rodata.numerator.10575
                0x08008f38        0x8 Drivers\STM32H7xx_HAL_Driver\Src\stm32h7xx_hal_uart_ex.o
 .rodata.denominator.10576
                0x08008f40        0x8 Drivers\STM32H7xx_HAL_Driver\Src\stm32h7xx_hal_uart_ex.o
                0x08008f48                . = ALIGN (0x4)

.ARM.extab
 *(.ARM.extab* .gnu.linkonce.armextab.*)

.ARM            0x08008f48        0x8
                0x08008f48                __exidx_start = .
 *(.ARM.exidx*)
 .ARM.exidx     0x08008f48        0x8 c:/program files (x86)/atollic/truestudio for stm32 9.3.0/armtools/bin/../lib/gcc/arm-atollic-eabi/6.3.1/armv7e-m/fpu/fpv5-d16\libgcc.a(_udivmoddi4.o)
                0x08008f50                __exidx_end = .

.rel.dyn        0x08008f50        0x0
 .rel.iplt      0x08008f50        0x0 c:/program files (x86)/atollic/truestudio for stm32 9.3.0/armtools/bin/../lib/gcc/arm-atollic-eabi/6.3.1/armv7e-m/fpu/fpv5-d16/crtbegin.o

.preinit_array  0x08008f50        0x0
                0x08008f50                PROVIDE (__preinit_array_start, .)
 *(.preinit_array*)
                0x08008f50                PROVIDE (__preinit_array_end, .)

.init_array     0x08008f50        0x4
                0x08008f50                PROVIDE (__init_array_start, .)
 *(SORT(.init_array.*))
 *(.init_array*)
 .init_array    0x08008f50        0x4 c:/program files (x86)/atollic/truestudio for stm32 9.3.0/armtools/bin/../lib/gcc/arm-atollic-eabi/6.3.1/armv7e-m/fpu/fpv5-d16/crtbegin.o
                0x08008f54                PROVIDE (__init_array_end, .)

.fini_array     0x08008f54        0x4
                [!provide]                PROVIDE (__fini_array_start, .)
 *(SORT(.fini_array.*))
 *(.fini_array*)
 .fini_array    0x08008f54        0x4 c:/program files (x86)/atollic/truestudio for stm32 9.3.0/armtools/bin/../lib/gcc/arm-atollic-eabi/6.3.1/armv7e-m/fpu/fpv5-d16/crtbegin.o
                [!provide]                PROVIDE (__fini_array_end, .)
                0x08008f58                _sidata = LOADADDR (.data)

.data           0x20000000       0x10 load address 0x08008f58
                0x20000000                . = ALIGN (0x4)
                0x20000000                _sdata = .
 *(.data)
 *(.data*)
 .data.SystemCoreClock
                0x20000000        0x4 Core\Src\system_stm32h7xx.o
                0x20000000                SystemCoreClock
 .data.SystemD2Clock
                0x20000004        0x4 Core\Src\system_stm32h7xx.o
                0x20000004                SystemD2Clock
 .data.uwTickPrio
                0x20000008        0x4 Drivers\STM32H7xx_HAL_Driver\Src\stm32h7xx_hal.o
                0x20000008                uwTickPrio
 .data.uwTickFreq
                0x2000000c        0x1 Drivers\STM32H7xx_HAL_Driver\Src\stm32h7xx_hal.o
                0x2000000c                uwTickFreq
                0x20000010                . = ALIGN (0x4)
 *fill*         0x2000000d        0x3 
                0x20000010                _edata = .

.igot.plt       0x20000010        0x0 load address 0x08008f68
 .igot.plt      0x20000010        0x0 c:/program files (x86)/atollic/truestudio for stm32 9.3.0/armtools/bin/../lib/gcc/arm-atollic-eabi/6.3.1/armv7e-m/fpu/fpv5-d16/crtbegin.o

.RxDecripSection
                0x20000010       0x60 load address 0x08008f68
 .RxDecripSection
                0x20000010       0x60 Core\Src\main.o
                0x20000010                DMARxDscrTab

.TxDecripSection
                0x20000070       0x60 load address 0x08008fc8
 .TxDecripSection
                0x20000070       0x60 Core\Src\main.o
                0x20000070                DMATxDscrTab
                0x200000d0                . = ALIGN (0x4)

.bss            0x200000d0      0x218 load address 0x08009028
                0x200000d0                _sbss = .
                0x200000d0                __bss_start__ = _sbss
 *(.bss)
 .bss           0x200000d0       0x1c c:/program files (x86)/atollic/truestudio for stm32 9.3.0/armtools/bin/../lib/gcc/arm-atollic-eabi/6.3.1/armv7e-m/fpu/fpv5-d16/crtbegin.o
 *(.bss*)
 .bss.MACAddr.10691
                0x200000ec        0x6 Core\Src\main.o
 *(COMMON)
 *fill*         0x200000f2        0x2 
 COMMON         0x200000f4      0x1f0 Core\Src\main.o
                0x200000f4                huart3
                0x20000184                hdma_usart3_tx
                0x200001fc                heth
                0x200002ac                TxConfig
 COMMON         0x200002e4        0x4 Drivers\STM32H7xx_HAL_Driver\Src\stm32h7xx_hal.o
                0x200002e4                uwTick
                0x200002e8                . = ALIGN (0x4)
                0x200002e8                _ebss = .
                0x200002e8                __bss_end__ = _ebss

._user_heap_stack
                0x200002e8      0x600 load address 0x08009028
                0x200002e8                . = ALIGN (0x4)
                0x200002e8                PROVIDE (end, .)
                [!provide]                PROVIDE (_end, .)
                0x200004e8                . = (. + _Min_Heap_Size)
 *fill*         0x200002e8      0x200 
                0x200008e8                . = (. + _Min_Stack_Size)
 *fill*         0x200004e8      0x400 
                0x200008e8                . = ALIGN (0x4)

/DISCARD/
 libc.a(*)
 libm.a(*)
 libgcc.a(*)

.ARM.attributes
                0x00000000       0x2e
 *(.ARM.attributes)
 .ARM.attributes
                0x00000000       0x20 c:/program files (x86)/atollic/truestudio for stm32 9.3.0/armtools/bin/../lib/gcc/arm-atollic-eabi/6.3.1/armv7e-m/fpu/fpv5-d16/crti.o
 .ARM.attributes
                0x00000020       0x32 c:/program files (x86)/atollic/truestudio for stm32 9.3.0/armtools/bin/../lib/gcc/arm-atollic-eabi/6.3.1/armv7e-m/fpu/fpv5-d16/crtbegin.o
 .ARM.attributes
                0x00000052       0x37 Core\Src\main.o
 .ARM.attributes
                0x00000089       0x37 Core\Src\stm32h7xx_hal_msp.o
 .ARM.attributes
                0x000000c0       0x37 Core\Src\stm32h7xx_it.o
 .ARM.attributes
                0x000000f7       0x37 Core\Src\system_stm32h7xx.o
 .ARM.attributes
                0x0000012e       0x37 Drivers\STM32H7xx_HAL_Driver\Src\stm32h7xx_hal.o
 .ARM.attributes
                0x00000165       0x37 Drivers\STM32H7xx_HAL_Driver\Src\stm32h7xx_hal_cortex.o
 .ARM.attributes
                0x0000019c       0x37 Drivers\STM32H7xx_HAL_Driver\Src\stm32h7xx_hal_dma.o
 .ARM.attributes
                0x000001d3       0x37 Drivers\STM32H7xx_HAL_Driver\Src\stm32h7xx_hal_eth.o
 .ARM.attributes
                0x0000020a       0x37 Drivers\STM32H7xx_HAL_Driver\Src\stm32h7xx_hal_gpio.o
 .ARM.attributes
                0x00000241       0x37 Drivers\STM32H7xx_HAL_Driver\Src\stm32h7xx_hal_pwr_ex.o
 .ARM.attributes
                0x00000278       0x37 Drivers\STM32H7xx_HAL_Driver\Src\stm32h7xx_hal_rcc.o
 .ARM.attributes
                0x000002af       0x37 Drivers\STM32H7xx_HAL_Driver\Src\stm32h7xx_hal_rcc_ex.o
 .ARM.attributes
                0x000002e6       0x37 Drivers\STM32H7xx_HAL_Driver\Src\stm32h7xx_hal_uart.o
 .ARM.attributes
                0x0000031d       0x37 Drivers\STM32H7xx_HAL_Driver\Src\stm32h7xx_hal_uart_ex.o
 .ARM.attributes
                0x00000354       0x21 startup\startup_stm32h743xx.o
 .ARM.attributes
                0x00000375       0x32 c:/program files (x86)/atollic/truestudio for stm32 9.3.0/armtools/bin/../lib/gcc/arm-atollic-eabi/6.3.1/../../../../arm-atollic-eabi/lib/armv7e-m/fpu/fpv5-d16\libc_nano.a(lib_a-init.o)
 .ARM.attributes
                0x000003a7       0x32 c:/program files (x86)/atollic/truestudio for stm32 9.3.0/armtools/bin/../lib/gcc/arm-atollic-eabi/6.3.1/../../../../arm-atollic-eabi/lib/armv7e-m/fpu/fpv5-d16\libc_nano.a(lib_a-memset.o)
 .ARM.attributes
                0x000003d9       0x20 c:/program files (x86)/atollic/truestudio for stm32 9.3.0/armtools/bin/../lib/gcc/arm-atollic-eabi/6.3.1/armv7e-m/fpu/fpv5-d16\libgcc.a(_aeabi_uldivmod.o)
 .ARM.attributes
                0x000003f9       0x32 c:/program files (x86)/atollic/truestudio for stm32 9.3.0/armtools/bin/../lib/gcc/arm-atollic-eabi/6.3.1/armv7e-m/fpu/fpv5-d16\libgcc.a(_udivmoddi4.o)
 .ARM.attributes
                0x0000042b       0x20 c:/program files (x86)/atollic/truestudio for stm32 9.3.0/armtools/bin/../lib/gcc/arm-atollic-eabi/6.3.1/armv7e-m/fpu/fpv5-d16\libgcc.a(_dvmd_tls.o)
 .ARM.attributes
                0x0000044b       0x20 c:/program files (x86)/atollic/truestudio for stm32 9.3.0/armtools/bin/../lib/gcc/arm-atollic-eabi/6.3.1/armv7e-m/fpu/fpv5-d16/crtn.o
OUTPUT(USARTtxOut.elf elf32-littlearm)

.debug_info     0x00000000    0x1d944
 .debug_info    0x00000000     0x2eba Core\Src\main.o
 .debug_info    0x00002eba     0x2ba1 Core\Src\stm32h7xx_hal_msp.o
 .debug_info    0x00005a5b     0x119a Core\Src\stm32h7xx_it.o
 .debug_info    0x00006bf5     0x161c Core\Src\system_stm32h7xx.o
 .debug_info    0x00008211     0x1df1 Drivers\STM32H7xx_HAL_Driver\Src\stm32h7xx_hal.o
 .debug_info    0x0000a002     0x1aae Drivers\STM32H7xx_HAL_Driver\Src\stm32h7xx_hal_cortex.o
 .debug_info    0x0000bab0     0x15ee Drivers\STM32H7xx_HAL_Driver\Src\stm32h7xx_hal_dma.o
 .debug_info    0x0000d09e     0x3292 Drivers\STM32H7xx_HAL_Driver\Src\stm32h7xx_hal_eth.o
 .debug_info    0x00010330     0x1672 Drivers\STM32H7xx_HAL_Driver\Src\stm32h7xx_hal_gpio.o
 .debug_info    0x000119a2     0x19e3 Drivers\STM32H7xx_HAL_Driver\Src\stm32h7xx_hal_pwr_ex.o
 .debug_info    0x00013385     0x17c5 Drivers\STM32H7xx_HAL_Driver\Src\stm32h7xx_hal_rcc.o
 .debug_info    0x00014b4a     0x1b34 Drivers\STM32H7xx_HAL_Driver\Src\stm32h7xx_hal_rcc_ex.o
 .debug_info    0x0001667e     0x59cb Drivers\STM32H7xx_HAL_Driver\Src\stm32h7xx_hal_uart.o
 .debug_info    0x0001c049     0x187c Drivers\STM32H7xx_HAL_Driver\Src\stm32h7xx_hal_uart_ex.o
 .debug_info    0x0001d8c5       0x7f startup\startup_stm32h743xx.o

.debug_abbrev   0x00000000     0x26a5
 .debug_abbrev  0x00000000      0x2e8 Core\Src\main.o
 .debug_abbrev  0x000002e8      0x257 Core\Src\stm32h7xx_hal_msp.o
 .debug_abbrev  0x0000053f      0x1cf Core\Src\stm32h7xx_it.o
 .debug_abbrev  0x0000070e      0x227 Core\Src\system_stm32h7xx.o
 .debug_abbrev  0x00000935      0x2d2 Drivers\STM32H7xx_HAL_Driver\Src\stm32h7xx_hal.o
 .debug_abbrev  0x00000c07      0x3ae Drivers\STM32H7xx_HAL_Driver\Src\stm32h7xx_hal_cortex.o
 .debug_abbrev  0x00000fb5      0x282 Drivers\STM32H7xx_HAL_Driver\Src\stm32h7xx_hal_dma.o
 .debug_abbrev  0x00001237      0x2fb Drivers\STM32H7xx_HAL_Driver\Src\stm32h7xx_hal_eth.o
 .debug_abbrev  0x00001532      0x288 Drivers\STM32H7xx_HAL_Driver\Src\stm32h7xx_hal_gpio.o
 .debug_abbrev  0x000017ba      0x30a Drivers\STM32H7xx_HAL_Driver\Src\stm32h7xx_hal_pwr_ex.o
 .debug_abbrev  0x00001ac4      0x2db Drivers\STM32H7xx_HAL_Driver\Src\stm32h7xx_hal_rcc.o
 .debug_abbrev  0x00001d9f      0x2d4 Drivers\STM32H7xx_HAL_Driver\Src\stm32h7xx_hal_rcc_ex.o
 .debug_abbrev  0x00002073      0x32e Drivers\STM32H7xx_HAL_Driver\Src\stm32h7xx_hal_uart.o
 .debug_abbrev  0x000023a1      0x2f2 Drivers\STM32H7xx_HAL_Driver\Src\stm32h7xx_hal_uart_ex.o
 .debug_abbrev  0x00002693       0x12 startup\startup_stm32h743xx.o

.debug_aranges  0x00000000      0xc98
 .debug_aranges
                0x00000000       0x50 Core\Src\main.o
 .debug_aranges
                0x00000050       0x40 Core\Src\stm32h7xx_hal_msp.o
 .debug_aranges
                0x00000090       0x70 Core\Src\stm32h7xx_it.o
 .debug_aranges
                0x00000100       0x28 Core\Src\system_stm32h7xx.o
 .debug_aranges
                0x00000128      0x198 Drivers\STM32H7xx_HAL_Driver\Src\stm32h7xx_hal.o
 .debug_aranges
                0x000002c0      0x120 Drivers\STM32H7xx_HAL_Driver\Src\stm32h7xx_hal_cortex.o
 .debug_aranges
                0x000003e0       0xa0 Drivers\STM32H7xx_HAL_Driver\Src\stm32h7xx_hal_dma.o
 .debug_aranges
                0x00000480      0x1d8 Drivers\STM32H7xx_HAL_Driver\Src\stm32h7xx_hal_eth.o
 .debug_aranges
                0x00000658       0x58 Drivers\STM32H7xx_HAL_Driver\Src\stm32h7xx_hal_gpio.o
 .debug_aranges
                0x000006b0      0x158 Drivers\STM32H7xx_HAL_Driver\Src\stm32h7xx_hal_pwr_ex.o
 .debug_aranges
                0x00000808       0x88 Drivers\STM32H7xx_HAL_Driver\Src\stm32h7xx_hal_rcc.o
 .debug_aranges
                0x00000890       0xf8 Drivers\STM32H7xx_HAL_Driver\Src\stm32h7xx_hal_rcc_ex.o
 .debug_aranges
                0x00000988      0x248 Drivers\STM32H7xx_HAL_Driver\Src\stm32h7xx_hal_uart.o
 .debug_aranges
                0x00000bd0       0xa0 Drivers\STM32H7xx_HAL_Driver\Src\stm32h7xx_hal_uart_ex.o
 .debug_aranges
                0x00000c70       0x28 startup\startup_stm32h743xx.o

.debug_ranges   0x00000000      0xbe0
 .debug_ranges  0x00000000       0x40 Core\Src\main.o
 .debug_ranges  0x00000040       0x30 Core\Src\stm32h7xx_hal_msp.o
 .debug_ranges  0x00000070       0x60 Core\Src\stm32h7xx_it.o
 .debug_ranges  0x000000d0       0x18 Core\Src\system_stm32h7xx.o
 .debug_ranges  0x000000e8      0x188 Drivers\STM32H7xx_HAL_Driver\Src\stm32h7xx_hal.o
 .debug_ranges  0x00000270      0x110 Drivers\STM32H7xx_HAL_Driver\Src\stm32h7xx_hal_cortex.o
 .debug_ranges  0x00000380       0x90 Drivers\STM32H7xx_HAL_Driver\Src\stm32h7xx_hal_dma.o
 .debug_ranges  0x00000410      0x1c8 Drivers\STM32H7xx_HAL_Driver\Src\stm32h7xx_hal_eth.o
 .debug_ranges  0x000005d8       0x48 Drivers\STM32H7xx_HAL_Driver\Src\stm32h7xx_hal_gpio.o
 .debug_ranges  0x00000620      0x148 Drivers\STM32H7xx_HAL_Driver\Src\stm32h7xx_hal_pwr_ex.o
 .debug_ranges  0x00000768       0x78 Drivers\STM32H7xx_HAL_Driver\Src\stm32h7xx_hal_rcc.o
 .debug_ranges  0x000007e0       0xe8 Drivers\STM32H7xx_HAL_Driver\Src\stm32h7xx_hal_rcc_ex.o
 .debug_ranges  0x000008c8      0x268 Drivers\STM32H7xx_HAL_Driver\Src\stm32h7xx_hal_uart.o
 .debug_ranges  0x00000b30       0x90 Drivers\STM32H7xx_HAL_Driver\Src\stm32h7xx_hal_uart_ex.o
 .debug_ranges  0x00000bc0       0x20 startup\startup_stm32h743xx.o

.debug_line     0x00000000     0x8fa9
 .debug_line    0x00000000      0x49a Core\Src\main.o
 .debug_line    0x0000049a      0x420 Core\Src\stm32h7xx_hal_msp.o
 .debug_line    0x000008ba      0x400 Core\Src\stm32h7xx_it.o
 .debug_line    0x00000cba      0x385 Core\Src\system_stm32h7xx.o
 .debug_line    0x0000103f      0x6ee Drivers\STM32H7xx_HAL_Driver\Src\stm32h7xx_hal.o
 .debug_line    0x0000172d      0x69e Drivers\STM32H7xx_HAL_Driver\Src\stm32h7xx_hal_cortex.o
 .debug_line    0x00001dcb     0x17bb Drivers\STM32H7xx_HAL_Driver\Src\stm32h7xx_hal_dma.o
 .debug_line    0x00003586      0xc32 Drivers\STM32H7xx_HAL_Driver\Src\stm32h7xx_hal_eth.o
 .debug_line    0x000041b8      0x535 Drivers\STM32H7xx_HAL_Driver\Src\stm32h7xx_hal_gpio.o
 .debug_line    0x000046ed      0x751 Drivers\STM32H7xx_HAL_Driver\Src\stm32h7xx_hal_pwr_ex.o
 .debug_line    0x00004e3e      0x751 Drivers\STM32H7xx_HAL_Driver\Src\stm32h7xx_hal_rcc.o
 .debug_line    0x0000558f      0xa4a Drivers\STM32H7xx_HAL_Driver\Src\stm32h7xx_hal_rcc_ex.o
 .debug_line    0x00005fd9     0x2763 Drivers\STM32H7xx_HAL_Driver\Src\stm32h7xx_hal_uart.o
 .debug_line    0x0000873c      0x7ec Drivers\STM32H7xx_HAL_Driver\Src\stm32h7xx_hal_uart_ex.o
 .debug_line    0x00008f28       0x81 startup\startup_stm32h743xx.o

.debug_str      0x00000000     0x5f06
 .debug_str     0x00000000     0x2382 Core\Src\main.o
                               0x2536 (size before relaxing)
 .debug_str     0x00002382      0x3c6 Core\Src\stm32h7xx_hal_msp.o
                               0x254f (size before relaxing)
 .debug_str     0x00002748       0xd5 Core\Src\stm32h7xx_it.o
                                0xeb0 (size before relaxing)
 .debug_str     0x0000281d      0x301 Core\Src\system_stm32h7xx.o
                                0xdfc (size before relaxing)
 .debug_str     0x00002b1e      0x68a Drivers\STM32H7xx_HAL_Driver\Src\stm32h7xx_hal.o
                               0x1a9f (size before relaxing)
 .debug_str     0x000031a8      0x49f Drivers\STM32H7xx_HAL_Driver\Src\stm32h7xx_hal_cortex.o
                               0x1732 (size before relaxing)
 .debug_str     0x00003647      0x3df Drivers\STM32H7xx_HAL_Driver\Src\stm32h7xx_hal_dma.o
                               0x1074 (size before relaxing)
 .debug_str     0x00003a26      0xb9a Drivers\STM32H7xx_HAL_Driver\Src\stm32h7xx_hal_eth.o
                               0x21b2 (size before relaxing)
 .debug_str     0x000045c0      0x118 Drivers\STM32H7xx_HAL_Driver\Src\stm32h7xx_hal_gpio.o
                                0xdce (size before relaxing)
 .debug_str     0x000046d8      0x550 Drivers\STM32H7xx_HAL_Driver\Src\stm32h7xx_hal_pwr_ex.o
                               0x1125 (size before relaxing)
 .debug_str     0x00004c28      0x1d0 Drivers\STM32H7xx_HAL_Driver\Src\stm32h7xx_hal_rcc.o
                               0x1094 (size before relaxing)
 .debug_str     0x00004df8      0x5df Drivers\STM32H7xx_HAL_Driver\Src\stm32h7xx_hal_rcc_ex.o
                               0x1584 (size before relaxing)
 .debug_str     0x000053d7      0x85e Drivers\STM32H7xx_HAL_Driver\Src\stm32h7xx_hal_uart.o
                               0x19f7 (size before relaxing)
 .debug_str     0x00005c35      0x2d1 Drivers\STM32H7xx_HAL_Driver\Src\stm32h7xx_hal_uart_ex.o
                               0x1164 (size before relaxing)

.comment        0x00000000       0x7c
 .comment       0x00000000       0x7c Core\Src\main.o
                                 0x7d (size before relaxing)
 .comment       0x0000007c       0x7d Core\Src\stm32h7xx_hal_msp.o
 .comment       0x0000007c       0x7d Core\Src\stm32h7xx_it.o
 .comment       0x0000007c       0x7d Core\Src\system_stm32h7xx.o
 .comment       0x0000007c       0x7d Drivers\STM32H7xx_HAL_Driver\Src\stm32h7xx_hal.o
 .comment       0x0000007c       0x7d Drivers\STM32H7xx_HAL_Driver\Src\stm32h7xx_hal_cortex.o
 .comment       0x0000007c       0x7d Drivers\STM32H7xx_HAL_Driver\Src\stm32h7xx_hal_dma.o
 .comment       0x0000007c       0x7d Drivers\STM32H7xx_HAL_Driver\Src\stm32h7xx_hal_eth.o
 .comment       0x0000007c       0x7d Drivers\STM32H7xx_HAL_Driver\Src\stm32h7xx_hal_gpio.o
 .comment       0x0000007c       0x7d Drivers\STM32H7xx_HAL_Driver\Src\stm32h7xx_hal_pwr_ex.o
 .comment       0x0000007c       0x7d Drivers\STM32H7xx_HAL_Driver\Src\stm32h7xx_hal_rcc.o
 .comment       0x0000007c       0x7d Drivers\STM32H7xx_HAL_Driver\Src\stm32h7xx_hal_rcc_ex.o
 .comment       0x0000007c       0x7d Drivers\STM32H7xx_HAL_Driver\Src\stm32h7xx_hal_uart.o
 .comment       0x0000007c       0x7d Drivers\STM32H7xx_HAL_Driver\Src\stm32h7xx_hal_uart_ex.o

.debug_frame    0x00000000     0x346c
 .debug_frame   0x00000000       0xec Core\Src\main.o
 .debug_frame   0x000000ec       0xcc Core\Src\stm32h7xx_hal_msp.o
 .debug_frame   0x000001b8      0x13c Core\Src\stm32h7xx_it.o
 .debug_frame   0x000002f4       0x58 Core\Src\system_stm32h7xx.o
 .debug_frame   0x0000034c      0x690 Drivers\STM32H7xx_HAL_Driver\Src\stm32h7xx_hal.o
 .debug_frame   0x000009dc      0x4b8 Drivers\STM32H7xx_HAL_Driver\Src\stm32h7xx_hal_cortex.o
 .debug_frame   0x00000e94      0x2b4 Drivers\STM32H7xx_HAL_Driver\Src\stm32h7xx_hal_dma.o
 .debug_frame   0x00001148      0x898 Drivers\STM32H7xx_HAL_Driver\Src\stm32h7xx_hal_eth.o
 .debug_frame   0x000019e0      0x14c Drivers\STM32H7xx_HAL_Driver\Src\stm32h7xx_hal_gpio.o
 .debug_frame   0x00001b2c      0x580 Drivers\STM32H7xx_HAL_Driver\Src\stm32h7xx_hal_pwr_ex.o
 .debug_frame   0x000020ac      0x1f8 Drivers\STM32H7xx_HAL_Driver\Src\stm32h7xx_hal_rcc.o
 .debug_frame   0x000022a4      0x3f4 Drivers\STM32H7xx_HAL_Driver\Src\stm32h7xx_hal_rcc_ex.o
 .debug_frame   0x00002698      0xa8c Drivers\STM32H7xx_HAL_Driver\Src\stm32h7xx_hal_uart.o
 .debug_frame   0x00003124      0x29c Drivers\STM32H7xx_HAL_Driver\Src\stm32h7xx_hal_uart_ex.o
 .debug_frame   0x000033c0       0x2c c:/program files (x86)/atollic/truestudio for stm32 9.3.0/armtools/bin/../lib/gcc/arm-atollic-eabi/6.3.1/../../../../arm-atollic-eabi/lib/armv7e-m/fpu/fpv5-d16\libc_nano.a(lib_a-init.o)
 .debug_frame   0x000033ec       0x20 c:/program files (x86)/atollic/truestudio for stm32 9.3.0/armtools/bin/../lib/gcc/arm-atollic-eabi/6.3.1/../../../../arm-atollic-eabi/lib/armv7e-m/fpu/fpv5-d16\libc_nano.a(lib_a-memset.o)
 .debug_frame   0x0000340c       0x2c c:/program files (x86)/atollic/truestudio for stm32 9.3.0/armtools/bin/../lib/gcc/arm-atollic-eabi/6.3.1/armv7e-m/fpu/fpv5-d16\libgcc.a(_aeabi_uldivmod.o)
 .debug_frame   0x00003438       0x34 c:/program files (x86)/atollic/truestudio for stm32 9.3.0/armtools/bin/../lib/gcc/arm-atollic-eabi/6.3.1/armv7e-m/fpu/fpv5-d16\libgcc.a(_udivmoddi4.o)
