Archive member included to satisfy reference by file (symbol)

C:/ST/STM32CubeIDE_1.16.0/STM32CubeIDE/plugins/com.st.stm32cube.ide.mcu.externaltools.gnu-tools-for-stm32.12.3.rel1.win32_1.0.200.202406191623/tools/bin/../lib/gcc/arm-none-eabi/12.3.1/../../../../arm-none-eabi/lib/thumb/v7e-m+dp/hard\libc_nano.a(libc_a-exit.o)
                              C:/ST/STM32CubeIDE_1.16.0/STM32CubeIDE/plugins/com.st.stm32cube.ide.mcu.externaltools.gnu-tools-for-stm32.12.3.rel1.win32_1.0.200.202406191623/tools/bin/../lib/gcc/arm-none-eabi/12.3.1/../../../../arm-none-eabi/lib/thumb/v7e-m+dp/hard/crt0.o (exit)
C:/ST/STM32CubeIDE_1.16.0/STM32CubeIDE/plugins/com.st.stm32cube.ide.mcu.externaltools.gnu-tools-for-stm32.12.3.rel1.win32_1.0.200.202406191623/tools/bin/../lib/gcc/arm-none-eabi/12.3.1/../../../../arm-none-eabi/lib/thumb/v7e-m+dp/hard\libc_nano.a(libc_a-findfp.o)
                              C:/ST/STM32CubeIDE_1.16.0/STM32CubeIDE/plugins/com.st.stm32cube.ide.mcu.externaltools.gnu-tools-for-stm32.12.3.rel1.win32_1.0.200.202406191623/tools/bin/../lib/gcc/arm-none-eabi/12.3.1/../../../../arm-none-eabi/lib/thumb/v7e-m+dp/hard\libc_nano.a(libc_a-exit.o) (__stdio_exit_handler)
C:/ST/STM32CubeIDE_1.16.0/STM32CubeIDE/plugins/com.st.stm32cube.ide.mcu.externaltools.gnu-tools-for-stm32.12.3.rel1.win32_1.0.200.202406191623/tools/bin/../lib/gcc/arm-none-eabi/12.3.1/../../../../arm-none-eabi/lib/thumb/v7e-m+dp/hard\libc_nano.a(libc_a-fwalk.o)
                              C:/ST/STM32CubeIDE_1.16.0/STM32CubeIDE/plugins/com.st.stm32cube.ide.mcu.externaltools.gnu-tools-for-stm32.12.3.rel1.win32_1.0.200.202406191623/tools/bin/../lib/gcc/arm-none-eabi/12.3.1/../../../../arm-none-eabi/lib/thumb/v7e-m+dp/hard\libc_nano.a(libc_a-findfp.o) (_fwalk_sglue)
C:/ST/STM32CubeIDE_1.16.0/STM32CubeIDE/plugins/com.st.stm32cube.ide.mcu.externaltools.gnu-tools-for-stm32.12.3.rel1.win32_1.0.200.202406191623/tools/bin/../lib/gcc/arm-none-eabi/12.3.1/../../../../arm-none-eabi/lib/thumb/v7e-m+dp/hard\libc_nano.a(libc_a-stdio.o)
                              C:/ST/STM32CubeIDE_1.16.0/STM32CubeIDE/plugins/com.st.stm32cube.ide.mcu.externaltools.gnu-tools-for-stm32.12.3.rel1.win32_1.0.200.202406191623/tools/bin/../lib/gcc/arm-none-eabi/12.3.1/../../../../arm-none-eabi/lib/thumb/v7e-m+dp/hard\libc_nano.a(libc_a-findfp.o) (__sread)
C:/ST/STM32CubeIDE_1.16.0/STM32CubeIDE/plugins/com.st.stm32cube.ide.mcu.externaltools.gnu-tools-for-stm32.12.3.rel1.win32_1.0.200.202406191623/tools/bin/../lib/gcc/arm-none-eabi/12.3.1/../../../../arm-none-eabi/lib/thumb/v7e-m+dp/hard\libc_nano.a(libc_a-memset.o)
                              C:/ST/STM32CubeIDE_1.16.0/STM32CubeIDE/plugins/com.st.stm32cube.ide.mcu.externaltools.gnu-tools-for-stm32.12.3.rel1.win32_1.0.200.202406191623/tools/bin/../lib/gcc/arm-none-eabi/12.3.1/../../../../arm-none-eabi/lib/thumb/v7e-m+dp/hard/crt0.o (memset)
C:/ST/STM32CubeIDE_1.16.0/STM32CubeIDE/plugins/com.st.stm32cube.ide.mcu.externaltools.gnu-tools-for-stm32.12.3.rel1.win32_1.0.200.202406191623/tools/bin/../lib/gcc/arm-none-eabi/12.3.1/../../../../arm-none-eabi/lib/thumb/v7e-m+dp/hard\libc_nano.a(libc_a-closer.o)
                              C:/ST/STM32CubeIDE_1.16.0/STM32CubeIDE/plugins/com.st.stm32cube.ide.mcu.externaltools.gnu-tools-for-stm32.12.3.rel1.win32_1.0.200.202406191623/tools/bin/../lib/gcc/arm-none-eabi/12.3.1/../../../../arm-none-eabi/lib/thumb/v7e-m+dp/hard\libc_nano.a(libc_a-stdio.o) (_close_r)
C:/ST/STM32CubeIDE_1.16.0/STM32CubeIDE/plugins/com.st.stm32cube.ide.mcu.externaltools.gnu-tools-for-stm32.12.3.rel1.win32_1.0.200.202406191623/tools/bin/../lib/gcc/arm-none-eabi/12.3.1/../../../../arm-none-eabi/lib/thumb/v7e-m+dp/hard\libc_nano.a(libc_a-reent.o)
                              C:/ST/STM32CubeIDE_1.16.0/STM32CubeIDE/plugins/com.st.stm32cube.ide.mcu.externaltools.gnu-tools-for-stm32.12.3.rel1.win32_1.0.200.202406191623/tools/bin/../lib/gcc/arm-none-eabi/12.3.1/../../../../arm-none-eabi/lib/thumb/v7e-m+dp/hard\libc_nano.a(libc_a-closer.o) (errno)
C:/ST/STM32CubeIDE_1.16.0/STM32CubeIDE/plugins/com.st.stm32cube.ide.mcu.externaltools.gnu-tools-for-stm32.12.3.rel1.win32_1.0.200.202406191623/tools/bin/../lib/gcc/arm-none-eabi/12.3.1/../../../../arm-none-eabi/lib/thumb/v7e-m+dp/hard\libc_nano.a(libc_a-impure.o)
                              C:/ST/STM32CubeIDE_1.16.0/STM32CubeIDE/plugins/com.st.stm32cube.ide.mcu.externaltools.gnu-tools-for-stm32.12.3.rel1.win32_1.0.200.202406191623/tools/bin/../lib/gcc/arm-none-eabi/12.3.1/../../../../arm-none-eabi/lib/thumb/v7e-m+dp/hard\libc_nano.a(libc_a-reent.o) (_impure_ptr)
C:/ST/STM32CubeIDE_1.16.0/STM32CubeIDE/plugins/com.st.stm32cube.ide.mcu.externaltools.gnu-tools-for-stm32.12.3.rel1.win32_1.0.200.202406191623/tools/bin/../lib/gcc/arm-none-eabi/12.3.1/../../../../arm-none-eabi/lib/thumb/v7e-m+dp/hard\libc_nano.a(libc_a-lseekr.o)
[...]
Memory Configuration

Name             Origin             Length             Attributes
FLASH            0x08000000         0x00200000         xr
DTCMRAM          0x20000000         0x00020000         xrw
RAM_D1           0x24000000         0x00080000         xrw
RAM_D2           0x30000000         0x00048000         xrw
RAM_D3           0x38000000         0x00010000         xrw
ITCMRAM          0x00000000         0x00010000         xrw
*default*        0x00000000         0xffffffff

Linker script and memory map

LOAD C:/ST/STM32CubeIDE_1.16.0/STM32CubeIDE/plugins/com.st.stm32cube.ide.mcu.externaltools.gnu-tools-for-stm32.12.3.rel1.win32_1.0.200.202406191623/tools/bin/../lib/gcc/arm-none-eabi/12.3.1/thumb/v7e-m+dp/hard/crti.o
LOAD C:/ST/STM32CubeIDE_1.16.0/STM32CubeIDE/plugins/com.st.stm32cube.ide.mcu.externaltools.gnu-tools-for-stm32.12.3.rel1.win32_1.0.200.202406191623/tools/bin/../lib/gcc/arm-none-eabi/12.3.1/thumb/v7e-m+dp/hard/crtbegin.o
LOAD C:/ST/STM32CubeIDE_1.16.0/STM32CubeIDE/plugins/com.st.stm32cube.ide.mcu.externaltools.gnu-tools-for-stm32.12.3.rel1.win32_1.0.200.202406191623/tools/bin/../lib/gcc/arm-none-eabi/12.3.1/../../../../arm-none-eabi/lib/thumb/v7e-m+dp/hard/crt0.o
LOAD ./Core/Src/main.o
LOAD ./Core/Src/stm32h7xx_hal_msp.o
LOAD ./Core/Src/stm32h7xx_it.o
LOAD ./Core/Src/syscalls.o
LOAD ./Core/Src/sysmem.o
LOAD ./Core/Src/system_stm32h7xx.o
LOAD ./Core/Startup/startup_stm32h743zitx.o
LOAD ./Drivers/STM32H7xx_HAL_Driver/Src/stm32h7xx_hal.o
LOAD ./Drivers/STM32H7xx_HAL_Driver/Src/stm32h7xx_hal_cortex.o
LOAD ./Drivers/STM32H7xx_HAL_Driver/Src/stm32h7xx_hal_dma.o
LOAD ./Drivers/STM32H7xx_HAL_Driver/Src/stm32h7xx_hal_dma_ex.o
LOAD ./Drivers/STM32H7xx_HAL_Driver/Src/stm32h7xx_hal_eth.o
LOAD ./Drivers/STM32H7xx_HAL_Driver/Src/stm32h7xx_hal_eth_ex.o
LOAD ./Drivers/STM32H7xx_HAL_Driver/Src/stm32h7xx_hal_exti.o
LOAD ./Drivers/STM32H7xx_HAL_Driver/Src/stm32h7xx_hal_flash.o
LOAD ./Drivers/STM32H7xx_HAL_Driver/Src/stm32h7xx_hal_flash_ex.o
LOAD ./Drivers/STM32H7xx_HAL_Driver/Src/stm32h7xx_hal_gpio.o
LOAD ./Drivers/STM32H7xx_HAL_Driver/Src/stm32h7xx_hal_hsem.o
LOAD ./Drivers/STM32H7xx_HAL_Driver/Src/stm32h7xx_hal_i2c.o
LOAD ./Drivers/STM32H7xx_HAL_Driver/Src/stm32h7xx_hal_i2c_ex.o
LOAD ./Drivers/STM32H7xx_HAL_Driver/Src/stm32h7xx_hal_mdma.o
LOAD ./Drivers/STM32H7xx_HAL_Driver/Src/stm32h7xx_hal_pcd.o
LOAD ./Drivers/STM32H7xx_HAL_Driver/Src/stm32h7xx_hal_pcd_ex.o
LOAD ./Drivers/STM32H7xx_HAL_Driver/Src/stm32h7xx_hal_pwr.o
LOAD ./Drivers/STM32H7xx_HAL_Driver/Src/stm32h7xx_hal_pwr_ex.o
LOAD ./Drivers/STM32H7xx_HAL_Driver/Src/stm32h7xx_hal_rcc.o
LOAD ./Drivers/STM32H7xx_HAL_Driver/Src/stm32h7xx_hal_rcc_ex.o
LOAD ./Drivers/STM32H7xx_HAL_Driver/Src/stm32h7xx_hal_tim.o
LOAD ./Drivers/STM32H7xx_HAL_Driver/Src/stm32h7xx_hal_tim_ex.o
LOAD ./Drivers/STM32H7xx_HAL_Driver/Src/stm32h7xx_hal_uart.o
LOAD ./Drivers/STM32H7xx_HAL_Driver/Src/stm32h7xx_hal_uart_ex.o
LOAD ./Drivers/STM32H7xx_HAL_Driver/Src/stm32h7xx_hal_usart.o
LOAD ./Drivers/STM32H7xx_HAL_Driver/Src/stm32h7xx_hal_usart_ex.o
LOAD ./Drivers/STM32H7xx_HAL_Driver/Src/stm32h7xx_ll_usb.o
LOAD ./Middlewares/ST/STM32_USB_Device_Library/Class/CDC/Src/usbd_cdc.o
LOAD ./Middlewares/ST/STM32_USB_Device_Library/Core/Src/usbd_core.o
LOAD ./Middlewares/ST/STM32_USB_Device_Library/Core/Src/usbd_ctlreq.o
LOAD ./Middlewares/ST/STM32_USB_Device_Library/Core/Src/usbd_ioreq.o
LOAD ./USB_DEVICE/App/usb_device.o
LOAD ./USB_DEVICE/App/usbd_cdc_if.o
LOAD ./USB_DEVICE/App/usbd_desc.o
LOAD ./USB_DEVICE/Target/usbd_conf.o
START GROUP
LOAD C:/ST/STM32CubeIDE_1.16.0/STM32CubeIDE/plugins/com.st.stm32cube.ide.mcu.externaltools.gnu-tools-for-stm32.12.3.rel1.win32_1.0.200.202406191623/tools/bin/../lib/gcc/arm-none-eabi/12.3.1/../../../../arm-none-eabi/lib/thumb/v7e-m+dp/hard\libc_nano.a
LOAD C:/ST/STM32CubeIDE_1.16.0/STM32CubeIDE/plugins/com.st.stm32cube.ide.mcu.externaltools.gnu-tools-for-stm32.12.3.rel1.win32_1.0.200.202406191623/tools/bin/../lib/gcc/arm-none-eabi/12.3.1/../../../../arm-none-eabi/lib/thumb/v7e-m+dp/hard\libm.a
END GROUP
START GROUP
LOAD C:/ST/STM32CubeIDE_1.16.0/STM32CubeIDE/plugins/com.st.stm32cube.ide.mcu.externaltools.gnu-tools-for-stm32.12.3.rel1.win32_1.0.200.202406191623/tools/bin/../lib/gcc/arm-none-eabi/12.3.1/thumb/v7e-m+dp/hard\libgcc.a
LOAD C:/ST/STM32CubeIDE_1.16.0/STM32CubeIDE/plugins/com.st.stm32cube.ide.mcu.externaltools.gnu-tools-for-stm32.12.3.rel1.win32_1.0.200.202406191623/tools/bin/../lib/gcc/arm-none-eabi/12.3.1/../../../../arm-none-eabi/lib/thumb/v7e-m+dp/hard\libc_nano.a
END GROUP
START GROUP
LOAD C:/ST/STM32CubeIDE_1.16.0/STM32CubeIDE/plugins/com.st.stm32cube.ide.mcu.externaltools.gnu-tools-for-stm32.12.3.rel1.win32_1.0.200.202406191623/tools/bin/../lib/gcc/arm-none-eabi/12.3.1/thumb/v7e-m+dp/hard\libgcc.a
LOAD C:/ST/STM32CubeIDE_1.16.0/STM32CubeIDE/plugins/com.st.stm32cube.ide.mcu.externaltools.gnu-tools-for-stm32.12.3.rel1.win32_1.0.200.202406191623/tools/bin/../lib/gcc/arm-none-eabi/12.3.1/../../../../arm-none-eabi/lib/thumb/v7e-m+dp/hard\libc_nano.a
LOAD C:/ST/STM32CubeIDE_1.16.0/STM32CubeIDE/plugins/com.st.stm32cube.ide.mcu.externaltools.gnu-tools-for-stm32.12.3.rel1.win32_1.0.200.202406191623/tools/bin/../lib/gcc/arm-none-eabi/12.3.1/../../../../arm-none-eabi/lib/thumb/v7e-m+dp/hard\libnosys.a
END GROUP
START GROUP
LOAD C:/ST/STM32CubeIDE_1.16.0/STM32CubeIDE/plugins/com.st.stm32cube.ide.mcu.externaltools.gnu-tools-for-stm32.12.3.rel1.win32_1.0.200.202406191623/tools/bin/../lib/gcc/arm-none-eabi/12.3.1/thumb/v7e-m+dp/hard\libgcc.a
LOAD C:/ST/STM32CubeIDE_1.16.0/STM32CubeIDE/plugins/com.st.stm32cube.ide.mcu.externaltools.gnu-tools-for-stm32.12.3.rel1.win32_1.0.200.202406191623/tools/bin/../lib/gcc/arm-none-eabi/12.3.1/../../../../arm-none-eabi/lib/thumb/v7e-m+dp/hard\libc_nano.a
LOAD C:/ST/STM32CubeIDE_1.16.0/STM32CubeIDE/plugins/com.st.stm32cube.ide.mcu.externaltools.gnu-tools-for-stm32.12.3.rel1.win32_1.0.200.202406191623/tools/bin/../lib/gcc/arm-none-eabi/12.3.1/../../../../arm-none-eabi/lib/thumb/v7e-m+dp/hard\libnosys.a
END GROUP
LOAD C:/ST/STM32CubeIDE_1.16.0/STM32CubeIDE/plugins/com.st.stm32cube.ide.mcu.externaltools.gnu-tools-for-stm32.12.3.rel1.win32_1.0.200.202406191623/tools/bin/../lib/gcc/arm-none-eabi/12.3.1/thumb/v7e-m+dp/hard/crtend.o
LOAD C:/ST/STM32CubeIDE_1.16.0/STM32CubeIDE/plugins/com.st.stm32cube.ide.mcu.externaltools.gnu-tools-for-stm32.12.3.rel1.win32_1.0.200.202406191623/tools/bin/../lib/gcc/arm-none-eabi/12.3.1/thumb/v7e-m+dp/hard/crtn.o
                0x24080000                        _estack = (ORIGIN (RAM_D1) + LENGTH (RAM_D1))
                0x00000200                        _Min_Heap_Size = 0x200
                0x00000400                        _Min_Stack_Size = 0x400

.isr_vector     0x08000000      0x298
                0x08000000                        . = ALIGN (0x4)
 *(.isr_vector)
 .isr_vector    0x08000000      0x298 ./Core/Startup/startup_stm32h743zitx.o
                0x08000000                g_pfnVectors
                0x08000298                        . = ALIGN (0x4)

.text           0x08000298     0xc184
                0x08000298                        . = ALIGN (0x4)
 *(.text)
 .text          0x08000298       0x40 C:/ST/STM32CubeIDE_1.16.0/STM32CubeIDE/plugins/com.st.stm32cube.ide.mcu.externaltools.gnu-tools-for-stm32.12.3.rel1.win32_1.0.200.202406191623/tools/bin/../lib/gcc/arm-none-eabi/12.3.1/thumb/v7e-m+dp/hard/crtbegin.o
 .text          0x080002d8       0x30 C:/ST/STM32CubeIDE_1.16.0/STM32CubeIDE/plugins/com.st.stm32cube.ide.mcu.externaltools.gnu-tools-for-stm32.12.3.rel1.win32_1.0.200.202406191623/tools/bin/../lib/gcc/arm-none-eabi/12.3.1/thumb/v7e-m+dp/hard\libgcc.a(_aeabi_uldivmod.o)
                0x080002d8                __aeabi_uldivmod
 .text          0x08000308      0x2bc C:/ST/STM32CubeIDE_1.16.0/STM32CubeIDE/plugins/com.st.stm32cube.ide.mcu.externaltools.gnu-tools-for-stm32.12.3.rel1.win32_1.0.200.202406191623/tools/bin/../lib/gcc/arm-none-eabi/12.3.1/thumb/v7e-m+dp/hard\libgcc.a(_udivmoddi4.o)
                0x08000308                __udivmoddi4
 .text          0x080005c4        0x4 C:/ST/STM32CubeIDE_1.16.0/STM32CubeIDE/plugins/com.st.stm32cube.ide.mcu.externaltools.gnu-tools-for-stm32.12.3.rel1.win32_1.0.200.202406191623/tools/bin/../lib/gcc/arm-none-eabi/12.3.1/thumb/v7e-m+dp/hard\libgcc.a(_dvmd_tls.o)
                0x080005c4                __aeabi_idiv0
                0x080005c4                __aeabi_ldiv0
 *(.text*)
 .text.main     0x080005c8       0x56 ./Core/Src/main.o
                0x080005c8                main
 *fill*         0x0800061e        0x2 
 .text.SystemClock_Config
                0x08000620       0xfc ./Core/Src/main.o
                0x08000620                SystemClock_Config
 .text.MX_ETH_Init
                0x0800071c       0x98 ./Core/Src/main.o
 .text.MX_USART2_Init
                0x080007b4       0xa8 ./Core/Src/main.o
 .text.MX_USART3_UART_Init
                0x0800085c       0x98 ./Core/Src/main.o
 .text.MX_GPIO_Init
                0x080008f4      0x1b8 ./Core/Src/main.o
 .text.Error_Handler
                0x08000aac        0xc ./Core/Src/main.o
                0x08000aac                Error_Handler
 .text.HAL_MspInit
                0x08000ab8       0x34 ./Core/Src/stm32h7xx_hal_msp.o
                0x08000ab8                HAL_MspInit
 .text.HAL_ETH_MspInit
                0x08000aec      0x19c ./Core/Src/stm32h7xx_hal_msp.o
                0x08000aec                HAL_ETH_MspInit
 .text.HAL_USART_MspInit
                0x08000c88      0x11c ./Core/Src/stm32h7xx_hal_msp.o
                0x08000c88                HAL_USART_MspInit
 .text.HAL_UART_MspInit
                0x08000da4       0xd4 ./Core/Src/stm32h7xx_hal_msp.o
                0x08000da4                HAL_UART_MspInit
 .text.NMI_Handler
                0x08000e78        0x8 ./Core/Src/stm32h7xx_it.o
                0x08000e78                NMI_Handler
 .text.HardFault_Handler
                0x08000e80        0x8 ./Core/Src/stm32h7xx_it.o
                0x08000e80                HardFault_Handler
 .text.MemManage_Handler
                0x08000e88        0x8 ./Core/Src/stm32h7xx_it.o
                0x08000e88                MemManage_Handler
 .text.BusFault_Handler
                0x08000e90        0x8 ./Core/Src/stm32h7xx_it.o
                0x08000e90                BusFault_Handler
 .text.UsageFault_Handler
                0x08000e98        0x8 ./Core/Src/stm32h7xx_it.o
                0x08000e98                UsageFault_Handler
 .text.SVC_Handler
                0x08000ea0        0xe ./Core/Src/stm32h7xx_it.o
                0x08000ea0                SVC_Handler
 .text.DebugMon_Handler
                0x08000eae        0xe ./Core/Src/stm32h7xx_it.o
                0x08000eae                DebugMon_Handler
 .text.PendSV_Handler
                0x08000ebc        0xe ./Core/Src/stm32h7xx_it.o
                0x08000ebc                PendSV_Handler
 .text.SysTick_Handler
                0x08000eca        0xc ./Core/Src/stm32h7xx_it.o
                0x08000eca                SysTick_Handler
 *fill*         0x08000ed6        0x2 
 .text.OTG_FS_IRQHandler
                0x08000ed8       0x14 ./Core/Src/stm32h7xx_it.o
                0x08000ed8                OTG_FS_IRQHandler
 .text.SystemInit
                0x08000eec      0x110 ./Core/Src/system_stm32h7xx.o
                0x08000eec                SystemInit
 .text.Reset_Handler
                0x08000ffc       0x50 ./Core/Startup/startup_stm32h743zitx.o
                0x08000ffc                Reset_Handler
 .text.Default_Handler
                0x0800104c        0x2 ./Core/Startup/startup_stm32h743zitx.o
                0x0800104c                RTC_Alarm_IRQHandler
                0x0800104c                EXTI2_IRQHandler
                0x0800104c                TIM8_CC_IRQHandler
                0x0800104c                HRTIM1_Master_IRQHandler
                0x0800104c                UART8_IRQHandler
                0x0800104c                SPI4_IRQHandler
                0x0800104c                TIM1_CC_IRQHandler
                0x0800104c                BDMA_Channel6_IRQHandler
                0x0800104c                DMA2_Stream5_IRQHandler
                0x0800104c                HRTIM1_FLT_IRQHandler
                0x0800104c                JPEG_IRQHandler
                0x0800104c                DMA1_Stream5_IRQHandler
                0x0800104c                BDMA_Channel1_IRQHandler
                0x0800104c                HRTIM1_TIMD_IRQHandler
                0x0800104c                TAMP_STAMP_IRQHandler
                0x0800104c                EXTI3_IRQHandler
                0x0800104c                LPTIM4_IRQHandler
                0x0800104c                TIM8_TRG_COM_TIM14_IRQHandler
                0x0800104c                LPTIM2_IRQHandler
                0x0800104c                DFSDM1_FLT1_IRQHandler
                0x0800104c                DMAMUX2_OVR_IRQHandler
                0x0800104c                TIM8_UP_TIM13_IRQHandler
                0x0800104c                I2C3_ER_IRQHandler
                0x0800104c                DFSDM1_FLT2_IRQHandler
                0x0800104c                MDMA_IRQHandler
                0x0800104c                LPTIM3_IRQHandler
                0x0800104c                HSEM1_IRQHandler
                0x0800104c                EXTI0_IRQHandler
                0x0800104c                I2C2_EV_IRQHandler
                0x0800104c                DMA1_Stream2_IRQHandler
                0x0800104c                FPU_IRQHandler
                0x0800104c                OTG_HS_WKUP_IRQHandler
                0x0800104c                FDCAN1_IT1_IRQHandler
                0x0800104c                LTDC_ER_IRQHandler
                0x0800104c                DMA2_Stream2_IRQHandler
                0x0800104c                HRTIM1_TIME_IRQHandler
                0x0800104c                SPI1_IRQHandler
                0x0800104c                TIM6_DAC_IRQHandler
                0x0800104c                DCMI_IRQHandler
                0x0800104c                HRTIM1_TIMC_IRQHandler
                0x0800104c                DMA2_Stream3_IRQHandler
                0x0800104c                SAI2_IRQHandler
                0x0800104c                DFSDM1_FLT3_IRQHandler
                0x0800104c                USART6_IRQHandler
                0x0800104c                TIM17_IRQHandler
                0x0800104c                USART3_IRQHandler
                0x0800104c                BDMA_Channel7_IRQHandler
                0x0800104c                LPTIM5_IRQHandler
                0x0800104c                UART5_IRQHandler
                0x0800104c                ADC3_IRQHandler
                0x0800104c                DMA2_Stream0_IRQHandler
                0x0800104c                TIM4_IRQHandler
                0x0800104c                BDMA_Channel2_IRQHandler
                0x0800104c                QUADSPI_IRQHandler
                0x0800104c                I2C1_EV_IRQHandler
                0x0800104c                DMA1_Stream6_IRQHandler
                0x0800104c                DMAMUX1_OVR_IRQHandler
                0x0800104c                DMA1_Stream1_IRQHandler
                0x0800104c                TIM16_IRQHandler
                0x0800104c                UART4_IRQHandler
                0x0800104c                BDMA_Channel5_IRQHandler
                0x0800104c                TIM3_IRQHandler
                0x0800104c                RCC_IRQHandler
                0x0800104c                TIM8_BRK_TIM12_IRQHandler
                0x0800104c                TIM1_TRG_COM_IRQHandler
                0x0800104c                Default_Handler
                0x0800104c                ECC_IRQHandler
                0x0800104c                CEC_IRQHandler
                0x0800104c                EXTI15_10_IRQHandler
                0x0800104c                BDMA_Channel0_IRQHandler
                0x0800104c                ADC_IRQHandler
                0x0800104c                DMA1_Stream7_IRQHandler
                0x0800104c                HRTIM1_TIMA_IRQHandler
                0x0800104c                SPI5_IRQHandler
                0x0800104c                TIM7_IRQHandler
                0x0800104c                SDMMC1_IRQHandler
                0x0800104c                TIM5_IRQHandler
                0x0800104c                DMA2_Stream7_IRQHandler
                0x0800104c                TIM15_IRQHandler
                0x0800104c                PVD_AVD_IRQHandler
                0x0800104c                I2C3_EV_IRQHandler
                0x0800104c                EXTI9_5_IRQHandler
                0x0800104c                RTC_WKUP_IRQHandler
                0x0800104c                LTDC_IRQHandler
                0x0800104c                SAI3_IRQHandler
                0x0800104c                ETH_WKUP_IRQHandler
                0x0800104c                SPDIF_RX_IRQHandler
                0x0800104c                SPI2_IRQHandler
                0x0800104c                OTG_HS_EP1_IN_IRQHandler
                0x0800104c                DMA1_Stream0_IRQHandler
                0x0800104c                CRS_IRQHandler
                0x0800104c                EXTI4_IRQHandler
                0x0800104c                RNG_IRQHandler
                0x0800104c                HRTIM1_TIMB_IRQHandler
                0x0800104c                FDCAN2_IT1_IRQHandler
                0x0800104c                ETH_IRQHandler
                0x0800104c                TIM1_UP_IRQHandler
                0x0800104c                BDMA_Channel4_IRQHandler
                0x0800104c                OTG_HS_EP1_OUT_IRQHandler
                0x0800104c                WWDG_IRQHandler
                0x0800104c                SPI6_IRQHandler
                0x0800104c                MDIOS_IRQHandler
                0x0800104c                I2C4_EV_IRQHandler
                0x0800104c                FDCAN2_IT0_IRQHandler
                0x0800104c                LPUART1_IRQHandler
                0x0800104c                FDCAN1_IT0_IRQHandler
                0x0800104c                TIM2_IRQHandler
                0x0800104c                OTG_FS_WKUP_IRQHandler
                0x0800104c                OTG_HS_IRQHandler
                0x0800104c                DMA2D_IRQHandler
                0x0800104c                TIM1_BRK_IRQHandler
                0x0800104c                EXTI1_IRQHandler
                0x0800104c                SDMMC2_IRQHandler
                0x0800104c                OTG_FS_EP1_OUT_IRQHandler
                0x0800104c                BDMA_Channel3_IRQHandler
                0x0800104c                UART7_IRQHandler
                0x0800104c                MDIOS_WKUP_IRQHandler
                0x0800104c                USART2_IRQHandler
                0x0800104c                DFSDM1_FLT0_IRQHandler
                0x0800104c                SAI4_IRQHandler
                0x0800104c                I2C2_ER_IRQHandler
                0x0800104c                DMA2_Stream1_IRQHandler
                0x0800104c                FLASH_IRQHandler
                0x0800104c                DMA2_Stream4_IRQHandler
                0x0800104c                USART1_IRQHandler
                0x0800104c                SPI3_IRQHandler
                0x0800104c                WAKEUP_PIN_IRQHandler
                0x0800104c                DMA1_Stream4_IRQHandler
                0x0800104c                OTG_FS_EP1_IN_IRQHandler
                0x0800104c                I2C1_ER_IRQHandler
                0x0800104c                FMC_IRQHandler
                0x0800104c                FDCAN_CAL_IRQHandler
                0x0800104c                SWPMI1_IRQHandler
                0x0800104c                COMP1_IRQHandler
                0x0800104c                LPTIM1_IRQHandler
                0x0800104c                I2C4_ER_IRQHandler
                0x0800104c                DMA2_Stream6_IRQHandler
                0x0800104c                SAI1_IRQHandler
                0x0800104c                DMA1_Stream3_IRQHandler
 *fill*         0x0800104e        0x2 
 .text.HAL_Init
                0x08001050       0x78 ./Drivers/STM32H7xx_HAL_Driver/Src/stm32h7xx_hal.o
                0x08001050                HAL_Init
 .text.HAL_InitTick
                0x080010c8       0x6c ./Drivers/STM32H7xx_HAL_Driver/Src/stm32h7xx_hal.o
                0x080010c8                HAL_InitTick
 .text.HAL_IncTick
                0x08001134       0x28 ./Drivers/STM32H7xx_HAL_Driver/Src/stm32h7xx_hal.o
                0x08001134                HAL_IncTick
 .text.HAL_GetTick
                0x0800115c       0x18 ./Drivers/STM32H7xx_HAL_Driver/Src/stm32h7xx_hal.o
                0x0800115c                HAL_GetTick
 .text.HAL_Delay
                0x08001174       0x48 ./Drivers/STM32H7xx_HAL_Driver/Src/stm32h7xx_hal.o
                0x08001174                HAL_Delay
 .text.HAL_GetREVID
                0x080011bc       0x18 ./Drivers/STM32H7xx_HAL_Driver/Src/stm32h7xx_hal.o
                0x080011bc                HAL_GetREVID
 .text.HAL_SYSCFG_ETHInterfaceSelect
                0x080011d4       0x28 ./Drivers/STM32H7xx_HAL_Driver/Src/stm32h7xx_hal.o
                0x080011d4                HAL_SYSCFG_ETHInterfaceSelect
 .text.__NVIC_SetPriorityGrouping
                0x080011fc       0x48 ./Drivers/STM32H7xx_HAL_Driver/Src/stm32h7xx_hal_cortex.o
 .text.__NVIC_GetPriorityGrouping
                0x08001244       0x1c ./Drivers/STM32H7xx_HAL_Driver/Src/stm32h7xx_hal_cortex.o
 .text.__NVIC_EnableIRQ
                0x08001260       0x3c ./Drivers/STM32H7xx_HAL_Driver/Src/stm32h7xx_hal_cortex.o
 .text.__NVIC_SetPriority
                0x0800129c       0x54 ./Drivers/STM32H7xx_HAL_Driver/Src/stm32h7xx_hal_cortex.o
 .text.NVIC_EncodePriority
                0x080012f0       0x66 ./Drivers/STM32H7xx_HAL_Driver/Src/stm32h7xx_hal_cortex.o
 *fill*         0x08001356        0x2 
 .text.SysTick_Config
                0x08001358       0x44 ./Drivers/STM32H7xx_HAL_Driver/Src/stm32h7xx_hal_cortex.o
 .text.HAL_NVIC_SetPriorityGrouping
                0x0800139c       0x16 ./Drivers/STM32H7xx_HAL_Driver/Src/stm32h7xx_hal_cortex.o
                0x0800139c                HAL_NVIC_SetPriorityGrouping
 .text.HAL_NVIC_SetPriority
                0x080013b2       0x34 ./Drivers/STM32H7xx_HAL_Driver/Src/stm32h7xx_hal_cortex.o
                0x080013b2                HAL_NVIC_SetPriority
 .text.HAL_NVIC_EnableIRQ
                0x080013e6       0x1c ./Drivers/STM32H7xx_HAL_Driver/Src/stm32h7xx_hal_cortex.o
                0x080013e6                HAL_NVIC_EnableIRQ
 .text.HAL_SYSTICK_Config
                0x08001402       0x18 ./Drivers/STM32H7xx_HAL_Driver/Src/stm32h7xx_hal_cortex.o
                0x08001402                HAL_SYSTICK_Config
 *fill*         0x0800141a        0x2 
 .text.HAL_ETH_Init
                0x0800141c      0x1fc ./Drivers/STM32H7xx_HAL_Driver/Src/stm32h7xx_hal_eth.o
                0x0800141c                HAL_ETH_Init
 .text.HAL_ETH_SetMDIOClockRange
                0x08001618       0xa0 ./Drivers/STM32H7xx_HAL_Driver/Src/stm32h7xx_hal_eth.o
                0x08001618                HAL_ETH_SetMDIOClockRange
 .text.ETH_SetMACConfig
                0x080016b8      0x238 ./Drivers/STM32H7xx_HAL_Driver/Src/stm32h7xx_hal_eth.o
 .text.ETH_SetDMAConfig
                0x080018f0      0x10c ./Drivers/STM32H7xx_HAL_Driver/Src/stm32h7xx_hal_eth.o
 .text.ETH_MACDMAConfig
                0x080019fc      0x13a ./Drivers/STM32H7xx_HAL_Driver/Src/stm32h7xx_hal_eth.o
 .text.ETH_DMATxDescListInit
                0x08001b36       0x92 ./Drivers/STM32H7xx_HAL_Driver/Src/stm32h7xx_hal_eth.o
 .text.ETH_DMARxDescListInit
                0x08001bc8       0xba ./Drivers/STM32H7xx_HAL_Driver/Src/stm32h7xx_hal_eth.o
 *fill*         0x08001c82        0x2 
 .text.HAL_GPIO_Init
                0x08001c84      0x360 ./Drivers/STM32H7xx_HAL_Driver/Src/stm32h7xx_hal_gpio.o
                0x08001c84                HAL_GPIO_Init
 .text.HAL_GPIO_WritePin
                0x08001fe4       0x32 ./Drivers/STM32H7xx_HAL_Driver/Src/stm32h7xx_hal_gpio.o
                0x08001fe4                HAL_GPIO_WritePin
 .text.HAL_PCD_Init
                0x08002016      0x218 ./Drivers/STM32H7xx_HAL_Driver/Src/stm32h7xx_hal_pcd.o
                0x08002016                HAL_PCD_Init
 .text.HAL_PCD_Start
                0x0800222e       0x6a ./Drivers/STM32H7xx_HAL_Driver/Src/stm32h7xx_hal_pcd.o
                0x0800222e                HAL_PCD_Start
 .text.HAL_PCD_IRQHandler
                0x08002298      0x99c ./Drivers/STM32H7xx_HAL_Driver/Src/stm32h7xx_hal_pcd.o
                0x08002298                HAL_PCD_IRQHandler
 .text.HAL_PCD_SetAddress
                0x08002c34       0x48 ./Drivers/STM32H7xx_HAL_Driver/Src/stm32h7xx_hal_pcd.o
                0x08002c34                HAL_PCD_SetAddress
 .text.HAL_PCD_EP_Open
                0x08002c7c       0xd0 ./Drivers/STM32H7xx_HAL_Driver/Src/stm32h7xx_hal_pcd.o
                0x08002c7c                HAL_PCD_EP_Open
 .text.HAL_PCD_EP_Close
                0x08002d4c       0x94 ./Drivers/STM32H7xx_HAL_Driver/Src/stm32h7xx_hal_pcd.o
                0x08002d4c                HAL_PCD_EP_Close
 .text.HAL_PCD_EP_Receive
                0x08002de0       0x76 ./Drivers/STM32H7xx_HAL_Driver/Src/stm32h7xx_hal_pcd.o
                0x08002de0                HAL_PCD_EP_Receive
 .text.HAL_PCD_EP_GetRxCount
                0x08002e56       0x30 ./Drivers/STM32H7xx_HAL_Driver/Src/stm32h7xx_hal_pcd.o
                0x08002e56                HAL_PCD_EP_GetRxCount
 .text.HAL_PCD_EP_Transmit
                0x08002e86       0x74 ./Drivers/STM32H7xx_HAL_Driver/Src/stm32h7xx_hal_pcd.o
                0x08002e86                HAL_PCD_EP_Transmit
 .text.HAL_PCD_EP_SetStall
                0x08002efa       0xc6 ./Drivers/STM32H7xx_HAL_Driver/Src/stm32h7xx_hal_pcd.o
                0x08002efa                HAL_PCD_EP_SetStall
 .text.HAL_PCD_EP_ClrStall
                0x08002fc0       0xac ./Drivers/STM32H7xx_HAL_Driver/Src/stm32h7xx_hal_pcd.o
                0x08002fc0                HAL_PCD_EP_ClrStall
 .text.HAL_PCD_EP_Abort
                0x0800306c       0x62 ./Drivers/STM32H7xx_HAL_Driver/Src/stm32h7xx_hal_pcd.o
                0x0800306c                HAL_PCD_EP_Abort
 .text.PCD_WriteEmptyTxFifo
                0x080030ce      0x118 ./Drivers/STM32H7xx_HAL_Driver/Src/stm32h7xx_hal_pcd.o
 *fill*         0x080031e6        0x2 
 .text.PCD_EP_OutXfrComplete_int
                0x080031e8      0x1d0 ./Drivers/STM32H7xx_HAL_Driver/Src/stm32h7xx_hal_pcd.o
 .text.PCD_EP_OutSetupPacket_int
                0x080033b8       0x8c ./Drivers/STM32H7xx_HAL_Driver/Src/stm32h7xx_hal_pcd.o
 .text.HAL_PCDEx_SetTxFiFo
                0x08003444       0x8e ./Drivers/STM32H7xx_HAL_Driver/Src/stm32h7xx_hal_pcd_ex.o
                0x08003444                HAL_PCDEx_SetTxFiFo
 .text.HAL_PCDEx_SetRxFiFo
                0x080034d2       0x22 ./Drivers/STM32H7xx_HAL_Driver/Src/stm32h7xx_hal_pcd_ex.o
                0x080034d2                HAL_PCDEx_SetRxFiFo
 .text.HAL_PCDEx_ActivateLPM
                0x080034f4       0x48 ./Drivers/STM32H7xx_HAL_Driver/Src/stm32h7xx_hal_pcd_ex.o
                0x080034f4                HAL_PCDEx_ActivateLPM
 .text.HAL_PCDEx_LPM_Callback
                0x0800353c       0x18 ./Drivers/STM32H7xx_HAL_Driver/Src/stm32h7xx_hal_pcd_ex.o
                0x0800353c                HAL_PCDEx_LPM_Callback
 .text.HAL_PWREx_ConfigSupply
                0x08003554       0x74 ./Drivers/STM32H7xx_HAL_Driver/Src/stm32h7xx_hal_pwr_ex.o
                0x08003554                HAL_PWREx_ConfigSupply
 .text.HAL_PWREx_EnableUSBVoltageDetector
                0x080035c8       0x20 ./Drivers/STM32H7xx_HAL_Driver/Src/stm32h7xx_hal_pwr_ex.o
                0x080035c8                HAL_PWREx_EnableUSBVoltageDetector
 .text.HAL_RCC_OscConfig
                0x080035e8      0x8b4 ./Drivers/STM32H7xx_HAL_Driver/Src/stm32h7xx_hal_rcc.o
                0x080035e8                HAL_RCC_OscConfig
 .text.HAL_RCC_ClockConfig
                0x08003e9c      0x36c ./Drivers/STM32H7xx_HAL_Driver/Src/stm32h7xx_hal_rcc.o
                0x08003e9c                HAL_RCC_ClockConfig
 .text.HAL_RCC_GetSysClockFreq
                0x08004208      0x2f4 ./Drivers/STM32H7xx_HAL_Driver/Src/stm32h7xx_hal_rcc.o
                0x08004208                HAL_RCC_GetSysClockFreq
 .text.HAL_RCC_GetHCLKFreq
                0x080044fc       0x60 ./Drivers/STM32H7xx_HAL_Driver/Src/stm32h7xx_hal_rcc.o
                0x080044fc                HAL_RCC_GetHCLKFreq
 .text.HAL_RCC_GetPCLK1Freq
                0x0800455c       0x2c ./Drivers/STM32H7xx_HAL_Driver/Src/stm32h7xx_hal_rcc.o
                0x0800455c                HAL_RCC_GetPCLK1Freq
 .text.HAL_RCC_GetPCLK2Freq
                0x08004588       0x2c ./Drivers/STM32H7xx_HAL_Driver/Src/stm32h7xx_hal_rcc.o
                0x08004588                HAL_RCC_GetPCLK2Freq
 .text.HAL_RCCEx_PeriphCLKConfig
                0x080045b4     0x1414 ./Drivers/STM32H7xx_HAL_Driver/Src/stm32h7xx_hal_rcc_ex.o
                0x080045b4                HAL_RCCEx_PeriphCLKConfig
 .text.HAL_RCCEx_GetD3PCLK1Freq
                0x080059c8       0x2c ./Drivers/STM32H7xx_HAL_Driver/Src/stm32h7xx_hal_rcc_ex.o
                0x080059c8                HAL_RCCEx_GetD3PCLK1Freq
 .text.HAL_RCCEx_GetPLL2ClockFreq
                0x080059f4      0x2a8 ./Drivers/STM32H7xx_HAL_Driver/Src/stm32h7xx_hal_rcc_ex.o
                0x080059f4                HAL_RCCEx_GetPLL2ClockFreq
 .text.HAL_RCCEx_GetPLL3ClockFreq
                0x08005c9c      0x2a8 ./Drivers/STM32H7xx_HAL_Driver/Src/stm32h7xx_hal_rcc_ex.o
                0x08005c9c                HAL_RCCEx_GetPLL3ClockFreq
 .text.RCCEx_PLL2_Config
                0x08005f44      0x164 ./Drivers/STM32H7xx_HAL_Driver/Src/stm32h7xx_hal_rcc_ex.o
 .text.RCCEx_PLL3_Config
                0x080060a8      0x164 ./Drivers/STM32H7xx_HAL_Driver/Src/stm32h7xx_hal_rcc_ex.o
 .text.HAL_UART_Init
                0x0800620c       0xa0 ./Drivers/STM32H7xx_HAL_Driver/Src/stm32h7xx_hal_uart.o
                0x0800620c                HAL_UART_Init
 .text.UART_SetConfig
                0x080062ac      0xad0 ./Drivers/STM32H7xx_HAL_Driver/Src/stm32h7xx_hal_uart.o
                0x080062ac                UART_SetConfig
 .text.UART_AdvFeatureConfig
                0x08006d7c      0x144 ./Drivers/STM32H7xx_HAL_Driver/Src/stm32h7xx_hal_uart.o
                0x08006d7c                UART_AdvFeatureConfig
 .text.UART_CheckIdleState
                0x08006ec0      0x154 ./Drivers/STM32H7xx_HAL_Driver/Src/stm32h7xx_hal_uart.o
                0x08006ec0                UART_CheckIdleState
 .text.UART_WaitOnFlagUntilTimeout
                0x08007014       0xda ./Drivers/STM32H7xx_HAL_Driver/Src/stm32h7xx_hal_uart.o
                0x08007014                UART_WaitOnFlagUntilTimeout
 *fill*         0x080070ee        0x2 
 .text.UART_EndRxTransfer
                0x080070f0       0xcc ./Drivers/STM32H7xx_HAL_Driver/Src/stm32h7xx_hal_uart.o
 .text.HAL_UARTEx_DisableFifoMode
                0x080071bc       0x72 ./Drivers/STM32H7xx_HAL_Driver/Src/stm32h7xx_hal_uart_ex.o
                0x080071bc                HAL_UARTEx_DisableFifoMode
 .text.HAL_UARTEx_SetTxFifoThreshold
                0x0800722e       0x7c ./Drivers/STM32H7xx_HAL_Driver/Src/stm32h7xx_hal_uart_ex.o
                0x0800722e                HAL_UARTEx_SetTxFifoThreshold
 .text.HAL_UARTEx_SetRxFifoThreshold
                0x080072aa       0x7c ./Drivers/STM32H7xx_HAL_Driver/Src/stm32h7xx_hal_uart_ex.o
                0x080072aa                HAL_UARTEx_SetRxFifoThreshold
 *fill*         0x08007326        0x2 
 .text.UARTEx_SetNbDataToProcess
                0x08007328       0x9c ./Drivers/STM32H7xx_HAL_Driver/Src/stm32h7xx_hal_uart_ex.o
 .text.HAL_USART_Init
                0x080073c4       0x94 ./Drivers/STM32H7xx_HAL_Driver/Src/stm32h7xx_hal_usart.o
                0x080073c4                HAL_USART_Init
 .text.USART_WaitOnFlagUntilTimeout
                0x08007458       0x6c ./Drivers/STM32H7xx_HAL_Driver/Src/stm32h7xx_hal_usart.o
 .text.USART_SetConfig
                0x080074c4      0xa40 ./Drivers/STM32H7xx_HAL_Driver/Src/stm32h7xx_hal_usart.o
 .text.USART_CheckIdleState
                0x08007f04       0x86 ./Drivers/STM32H7xx_HAL_Driver/Src/stm32h7xx_hal_usart.o
 .text.HAL_USARTEx_EnableSlaveMode
                0x08007f8a       0xaa ./Drivers/STM32H7xx_HAL_Driver/Src/stm32h7xx_hal_usart_ex.o
                0x08007f8a                HAL_USARTEx_EnableSlaveMode
 .text.HAL_USARTEx_DisableFifoMode
                0x08008034       0x72 ./Drivers/STM32H7xx_HAL_Driver/Src/stm32h7xx_hal_usart_ex.o
                0x08008034                HAL_USARTEx_DisableFifoMode
 .text.HAL_USARTEx_SetTxFifoThreshold
                0x080080a6       0x7c ./Drivers/STM32H7xx_HAL_Driver/Src/stm32h7xx_hal_usart_ex.o
                0x080080a6                HAL_USARTEx_SetTxFifoThreshold
 .text.HAL_USARTEx_SetRxFifoThreshold
                0x08008122       0x7c ./Drivers/STM32H7xx_HAL_Driver/Src/stm32h7xx_hal_usart_ex.o
                0x08008122                HAL_USARTEx_SetRxFifoThreshold
 *fill*         0x0800819e        0x2 
 .text.USARTEx_SetNbDataToProcess
                0x080081a0       0x94 ./Drivers/STM32H7xx_HAL_Driver/Src/stm32h7xx_hal_usart_ex.o
 .text.USB_CoreInit
                0x08008234       0xe4 ./Drivers/STM32H7xx_HAL_Driver/Src/stm32h7xx_ll_usb.o
                0x08008234                USB_CoreInit
 .text.USB_SetTurnaroundTime
                0x08008318      0x144 ./Drivers/STM32H7xx_HAL_Driver/Src/stm32h7xx_ll_usb.o
                0x08008318                USB_SetTurnaroundTime
 .text.USB_EnableGlobalInt
                0x0800845c       0x22 ./Drivers/STM32H7xx_HAL_Driver/Src/stm32h7xx_ll_usb.o
                0x0800845c                USB_EnableGlobalInt
 .text.USB_DisableGlobalInt
                0x0800847e       0x22 ./Drivers/STM32H7xx_HAL_Driver/Src/stm32h7xx_ll_usb.o
                0x0800847e                USB_DisableGlobalInt
 .text.USB_SetCurrentMode
                0x080084a0       0x98 ./Drivers/STM32H7xx_HAL_Driver/Src/stm32h7xx_ll_usb.o
                0x080084a0                USB_SetCurrentMode
 .text.USB_DevInit
                0x08008538      0x2bc ./Drivers/STM32H7xx_HAL_Driver/Src/stm32h7xx_ll_usb.o
                0x08008538                USB_DevInit
 .text.USB_FlushTxFifo
                0x080087f4       0x64 ./Drivers/STM32H7xx_HAL_Driver/Src/stm32h7xx_ll_usb.o
                0x080087f4                USB_FlushTxFifo
 .text.USB_FlushRxFifo
                0x08008858       0x5c ./Drivers/STM32H7xx_HAL_Driver/Src/stm32h7xx_ll_usb.o
                0x08008858                USB_FlushRxFifo
 .text.USB_SetDevSpeed
                0x080088b4       0x32 ./Drivers/STM32H7xx_HAL_Driver/Src/stm32h7xx_ll_usb.o
                0x080088b4                USB_SetDevSpeed
 .text.USB_GetDevSpeed
                0x080088e6       0x4a ./Drivers/STM32H7xx_HAL_Driver/Src/stm32h7xx_ll_usb.o
                0x080088e6                USB_GetDevSpeed
 .text.USB_ActivateEndpoint
                0x08008930      0x110 ./Drivers/STM32H7xx_HAL_Driver/Src/stm32h7xx_ll_usb.o
                0x08008930                USB_ActivateEndpoint
 .text.USB_DeactivateEndpoint
                0x08008a40      0x1b8 ./Drivers/STM32H7xx_HAL_Driver/Src/stm32h7xx_ll_usb.o
                0x08008a40                USB_DeactivateEndpoint
 .text.USB_EPStartXfer
                0x08008bf8      0x540 ./Drivers/STM32H7xx_HAL_Driver/Src/stm32h7xx_ll_usb.o
                0x08008bf8                USB_EPStartXfer
 .text.USB_EPStopXfer
                0x08009138      0x154 ./Drivers/STM32H7xx_HAL_Driver/Src/stm32h7xx_ll_usb.o
                0x08009138                USB_EPStopXfer
 .text.USB_WritePacket
                0x0800928c       0x7c ./Drivers/STM32H7xx_HAL_Driver/Src/stm32h7xx_ll_usb.o
                0x0800928c                USB_WritePacket
 .text.USB_ReadPacket
                0x08009308       0xb0 ./Drivers/STM32H7xx_HAL_Driver/Src/stm32h7xx_ll_usb.o
                0x08009308                USB_ReadPacket
 .text.USB_EPSetStall
                0x080093b8       0xdc ./Drivers/STM32H7xx_HAL_Driver/Src/stm32h7xx_ll_usb.o
                0x080093b8                USB_EPSetStall
 .text.USB_EPClearStall
                0x08009494       0xcc ./Drivers/STM32H7xx_HAL_Driver/Src/stm32h7xx_ll_usb.o
                0x08009494                USB_EPClearStall
 .text.USB_SetDevAddress
                0x08009560       0x4c ./Drivers/STM32H7xx_HAL_Driver/Src/stm32h7xx_ll_usb.o
                0x08009560                USB_SetDevAddress
 .text.USB_DevConnect
                0x080095ac       0x42 ./Drivers/STM32H7xx_HAL_Driver/Src/stm32h7xx_ll_usb.o
                0x080095ac                USB_DevConnect
 .text.USB_DevDisconnect
                0x080095ee       0x42 ./Drivers/STM32H7xx_HAL_Driver/Src/stm32h7xx_ll_usb.o
                0x080095ee                USB_DevDisconnect
 .text.USB_ReadInterrupts
                0x08009630       0x26 ./Drivers/STM32H7xx_HAL_Driver/Src/stm32h7xx_ll_usb.o
                0x08009630                USB_ReadInterrupts
 .text.USB_ReadDevAllOutEpInterrupt
                0x08009656       0x34 ./Drivers/STM32H7xx_HAL_Driver/Src/stm32h7xx_ll_usb.o
                0x08009656                USB_ReadDevAllOutEpInterrupt
 .text.USB_ReadDevAllInEpInterrupt
                0x0800968a       0x34 ./Drivers/STM32H7xx_HAL_Driver/Src/stm32h7xx_ll_usb.o
                0x0800968a                USB_ReadDevAllInEpInterrupt
 .text.USB_ReadDevOutEPInterrupt
                0x080096be       0x3c ./Drivers/STM32H7xx_HAL_Driver/Src/stm32h7xx_ll_usb.o
                0x080096be                USB_ReadDevOutEPInterrupt
 .text.USB_ReadDevInEPInterrupt
                0x080096fa       0x5c ./Drivers/STM32H7xx_HAL_Driver/Src/stm32h7xx_ll_usb.o
                0x080096fa                USB_ReadDevInEPInterrupt
 .text.USB_GetMode
                0x08009756       0x1c ./Drivers/STM32H7xx_HAL_Driver/Src/stm32h7xx_ll_usb.o
                0x08009756                USB_GetMode
 *fill*         0x08009772        0x2 
 .text.USB_ActivateSetup
                0x08009774       0x48 ./Drivers/STM32H7xx_HAL_Driver/Src/stm32h7xx_ll_usb.o
                0x08009774                USB_ActivateSetup
 .text.USB_EP0_OutStart
                0x080097bc       0xbc ./Drivers/STM32H7xx_HAL_Driver/Src/stm32h7xx_ll_usb.o
                0x080097bc                USB_EP0_OutStart
 .text.USB_CoreReset
                0x08009878       0x62 ./Drivers/STM32H7xx_HAL_Driver/Src/stm32h7xx_ll_usb.o
 *fill*         0x080098da        0x2 
 .text.USBD_CDC_Init
                0x080098dc      0x1f0 ./Middlewares/ST/STM32_USB_Device_Library/Class/CDC/Src/usbd_cdc.o
 .text.USBD_CDC_DeInit
                0x08009acc      0x104 ./Middlewares/ST/STM32_USB_Device_Library/Class/CDC/Src/usbd_cdc.o
 .text.USBD_CDC_Setup
                0x08009bd0      0x1b8 ./Middlewares/ST/STM32_USB_Device_Library/Class/CDC/Src/usbd_cdc.o
 .text.USBD_CDC_DataIn
                0x08009d88       0xfe ./Middlewares/ST/STM32_USB_Device_Library/Class/CDC/Src/usbd_cdc.o
 .text.USBD_CDC_DataOut
                0x08009e86       0x70 ./Middlewares/ST/STM32_USB_Device_Library/Class/CDC/Src/usbd_cdc.o
 .text.USBD_CDC_EP0_RxReady
                0x08009ef6       0x74 ./Middlewares/ST/STM32_USB_Device_Library/Class/CDC/Src/usbd_cdc.o
 *fill*         0x08009f6a        0x2 
 .text.USBD_CDC_GetFSCfgDesc
                0x08009f6c       0x70 ./Middlewares/ST/STM32_USB_Device_Library/Class/CDC/Src/usbd_cdc.o
 .text.USBD_CDC_GetHSCfgDesc
                0x08009fdc       0x70 ./Middlewares/ST/STM32_USB_Device_Library/Class/CDC/Src/usbd_cdc.o
 .text.USBD_CDC_GetOtherSpeedCfgDesc
                0x0800a04c       0x70 ./Middlewares/ST/STM32_USB_Device_Library/Class/CDC/Src/usbd_cdc.o
 .text.USBD_CDC_GetDeviceQualifierDescriptor
                0x0800a0bc       0x20 ./Middlewares/ST/STM32_USB_Device_Library/Class/CDC/Src/usbd_cdc.o
                0x0800a0bc                USBD_CDC_GetDeviceQualifierDescriptor
 .text.USBD_CDC_RegisterInterface
                0x0800a0dc       0x34 ./Middlewares/ST/STM32_USB_Device_Library/Class/CDC/Src/usbd_cdc.o
                0x0800a0dc                USBD_CDC_RegisterInterface
 .text.USBD_CDC_SetTxBuffer
                0x0800a110       0x44 ./Middlewares/ST/STM32_USB_Device_Library/Class/CDC/Src/usbd_cdc.o
                0x0800a110                USBD_CDC_SetTxBuffer
 .text.USBD_CDC_SetRxBuffer
                0x0800a154       0x3a ./Middlewares/ST/STM32_USB_Device_Library/Class/CDC/Src/usbd_cdc.o
                0x0800a154                USBD_CDC_SetRxBuffer
 *fill*         0x0800a18e        0x2 
 .text.USBD_CDC_TransmitPacket
                0x0800a190       0x80 ./Middlewares/ST/STM32_USB_Device_Library/Class/CDC/Src/usbd_cdc.o
                0x0800a190                USBD_CDC_TransmitPacket
 .text.USBD_CDC_ReceivePacket
                0x0800a210       0x6c ./Middlewares/ST/STM32_USB_Device_Library/Class/CDC/Src/usbd_cdc.o
                0x0800a210                USBD_CDC_ReceivePacket
 .text.USBD_Init
                0x0800a27c       0x60 ./Middlewares/ST/STM32_USB_Device_Library/Core/Src/usbd_core.o
                0x0800a27c                USBD_Init
 .text.USBD_RegisterClass
                0x0800a2dc       0x6c ./Middlewares/ST/STM32_USB_Device_Library/Core/Src/usbd_core.o
                0x0800a2dc                USBD_RegisterClass
 .text.USBD_Start
                0x0800a348       0x18 ./Middlewares/ST/STM32_USB_Device_Library/Core/Src/usbd_core.o
                0x0800a348                USBD_Start
 .text.USBD_RunTestMode
                0x0800a360       0x16 ./Middlewares/ST/STM32_USB_Device_Library/Core/Src/usbd_core.o
                0x0800a360                USBD_RunTestMode
 .text.USBD_SetClassConfig
                0x0800a376       0x38 ./Middlewares/ST/STM32_USB_Device_Library/Core/Src/usbd_core.o
                0x0800a376                USBD_SetClassConfig
 .text.USBD_ClrClassConfig
                0x0800a3ae       0x34 ./Middlewares/ST/STM32_USB_Device_Library/Core/Src/usbd_core.o
                0x0800a3ae                USBD_ClrClassConfig
 .text.USBD_LL_SetupStage
                0x0800a3e2       0xaa ./Middlewares/ST/STM32_USB_Device_Library/Core/Src/usbd_core.o
                0x0800a3e2                USBD_LL_SetupStage
 .text.USBD_LL_DataOutStage
                0x0800a48c      0x166 ./Middlewares/ST/STM32_USB_Device_Library/Core/Src/usbd_core.o
                0x0800a48c                USBD_LL_DataOutStage
 .text.USBD_LL_DataInStage
                0x0800a5f2      0x164 ./Middlewares/ST/STM32_USB_Device_Library/Core/Src/usbd_core.o
                0x0800a5f2                USBD_LL_DataInStage
 .text.USBD_LL_Reset
                0x0800a756       0xa4 ./Middlewares/ST/STM32_USB_Device_Library/Core/Src/usbd_core.o
                0x0800a756                USBD_LL_Reset
 .text.USBD_LL_SetSpeed
                0x0800a7fa       0x20 ./Middlewares/ST/STM32_USB_Device_Library/Core/Src/usbd_core.o
                0x0800a7fa                USBD_LL_SetSpeed
 .text.USBD_LL_Suspend
                0x0800a81a       0x38 ./Middlewares/ST/STM32_USB_Device_Library/Core/Src/usbd_core.o
                0x0800a81a                USBD_LL_Suspend
 .text.USBD_LL_Resume
                0x0800a852       0x30 ./Middlewares/ST/STM32_USB_Device_Library/Core/Src/usbd_core.o
                0x0800a852                USBD_LL_Resume
 .text.USBD_LL_SOF
                0x0800a882       0x40 ./Middlewares/ST/STM32_USB_Device_Library/Core/Src/usbd_core.o
                0x0800a882                USBD_LL_SOF
 .text.USBD_LL_IsoINIncomplete
                0x0800a8c2       0x64 ./Middlewares/ST/STM32_USB_Device_Library/Core/Src/usbd_core.o
                0x0800a8c2                USBD_LL_IsoINIncomplete
 .text.USBD_LL_IsoOUTIncomplete
                0x0800a926       0x64 ./Middlewares/ST/STM32_USB_Device_Library/Core/Src/usbd_core.o
                0x0800a926                USBD_LL_IsoOUTIncomplete
 .text.USBD_LL_DevConnected
                0x0800a98a       0x16 ./Middlewares/ST/STM32_USB_Device_Library/Core/Src/usbd_core.o
                0x0800a98a                USBD_LL_DevConnected
 .text.USBD_LL_DevDisconnected
                0x0800a9a0       0x46 ./Middlewares/ST/STM32_USB_Device_Library/Core/Src/usbd_core.o
                0x0800a9a0                USBD_LL_DevDisconnected
 .text.USBD_CoreFindIF
                0x0800a9e6       0x1a ./Middlewares/ST/STM32_USB_Device_Library/Core/Src/usbd_core.o
                0x0800a9e6                USBD_CoreFindIF
 .text.USBD_CoreFindEP
                0x0800aa00       0x1a ./Middlewares/ST/STM32_USB_Device_Library/Core/Src/usbd_core.o
                0x0800aa00                USBD_CoreFindEP
 .text.USBD_GetEpDesc
                0x0800aa1a       0x70 ./Middlewares/ST/STM32_USB_Device_Library/Core/Src/usbd_core.o
                0x0800aa1a                USBD_GetEpDesc
 .text.USBD_GetNextDesc
                0x0800aa8a       0x38 ./Middlewares/ST/STM32_USB_Device_Library/Core/Src/usbd_core.o
                0x0800aa8a                USBD_GetNextDesc
 .text.SWAPBYTE
                0x0800aac2       0x3c ./Middlewares/ST/STM32_USB_Device_Library/Core/Src/usbd_ctlreq.o
 *fill*         0x0800aafe        0x2 
 .text.USBD_StdDevReq
                0x0800ab00       0xe4 ./Middlewares/ST/STM32_USB_Device_Library/Core/Src/usbd_ctlreq.o
                0x0800ab00                USBD_StdDevReq
 .text.USBD_StdItfReq
                0x0800abe4       0xd8 ./Middlewares/ST/STM32_USB_Device_Library/Core/Src/usbd_ctlreq.o
                0x0800abe4                USBD_StdItfReq
 .text.USBD_StdEPReq
                0x0800acbc      0x33a ./Middlewares/ST/STM32_USB_Device_Library/Core/Src/usbd_ctlreq.o
                0x0800acbc                USBD_StdEPReq
 *fill*         0x0800aff6        0x2 
 .text.USBD_GetDescriptor
                0x0800aff8      0x328 ./Middlewares/ST/STM32_USB_Device_Library/Core/Src/usbd_ctlreq.o
 .text.USBD_SetAddress
                0x0800b320       0x88 ./Middlewares/ST/STM32_USB_Device_Library/Core/Src/usbd_ctlreq.o
 .text.USBD_SetConfig
                0x0800b3a8      0x154 ./Middlewares/ST/STM32_USB_Device_Library/Core/Src/usbd_ctlreq.o
 .text.USBD_GetConfig
                0x0800b4fc       0x6c ./Middlewares/ST/STM32_USB_Device_Library/Core/Src/usbd_ctlreq.o
 .text.USBD_GetStatus
                0x0800b568       0x68 ./Middlewares/ST/STM32_USB_Device_Library/Core/Src/usbd_ctlreq.o
 .text.USBD_SetFeature
                0x0800b5d0       0x52 ./Middlewares/ST/STM32_USB_Device_Library/Core/Src/usbd_ctlreq.o
 .text.USBD_ClrFeature
                0x0800b622       0x44 ./Middlewares/ST/STM32_USB_Device_Library/Core/Src/usbd_ctlreq.o
 .text.USBD_ParseSetupRequest
                0x0800b666       0x74 ./Middlewares/ST/STM32_USB_Device_Library/Core/Src/usbd_ctlreq.o
                0x0800b666                USBD_ParseSetupRequest
 .text.USBD_CtlError
                0x0800b6da       0x22 ./Middlewares/ST/STM32_USB_Device_Library/Core/Src/usbd_ctlreq.o
                0x0800b6da                USBD_CtlError
 .text.USBD_GetString
                0x0800b6fc       0xa4 ./Middlewares/ST/STM32_USB_Device_Library/Core/Src/usbd_ctlreq.o
                0x0800b6fc                USBD_GetString
 .text.USBD_GetLen
                0x0800b7a0       0x34 ./Middlewares/ST/STM32_USB_Device_Library/Core/Src/usbd_ctlreq.o
 .text.USBD_CtlSendData
                0x0800b7d4       0x36 ./Middlewares/ST/STM32_USB_Device_Library/Core/Src/usbd_ioreq.o
                0x0800b7d4                USBD_CtlSendData
 .text.USBD_CtlContinueSendData
                0x0800b80a       0x22 ./Middlewares/ST/STM32_USB_Device_Library/Core/Src/usbd_ioreq.o
                0x0800b80a                USBD_CtlContinueSendData
 .text.USBD_CtlPrepareRx
                0x0800b82c       0x3a ./Middlewares/ST/STM32_USB_Device_Library/Core/Src/usbd_ioreq.o
                0x0800b82c                USBD_CtlPrepareRx
 .text.USBD_CtlContinueRx
                0x0800b866       0x22 ./Middlewares/ST/STM32_USB_Device_Library/Core/Src/usbd_ioreq.o
                0x0800b866                USBD_CtlContinueRx
 .text.USBD_CtlSendStatus
                0x0800b888       0x26 ./Middlewares/ST/STM32_USB_Device_Library/Core/Src/usbd_ioreq.o
                0x0800b888                USBD_CtlSendStatus
 .text.USBD_CtlReceiveStatus
                0x0800b8ae       0x26 ./Middlewares/ST/STM32_USB_Device_Library/Core/Src/usbd_ioreq.o
                0x0800b8ae                USBD_CtlReceiveStatus
 .text.MX_USB_DEVICE_Init
                0x0800b8d4       0x64 ./USB_DEVICE/App/usb_device.o
                0x0800b8d4                MX_USB_DEVICE_Init
 .text.CDC_Init_FS
                0x0800b938       0x28 ./USB_DEVICE/App/usbd_cdc_if.o
 .text.CDC_DeInit_FS
                0x0800b960       0x10 ./USB_DEVICE/App/usbd_cdc_if.o
 .text.CDC_Control_FS
                0x0800b970       0xbc ./USB_DEVICE/App/usbd_cdc_if.o
 .text.CDC_Receive_FS
                0x0800ba2c       0x98 ./USB_DEVICE/App/usbd_cdc_if.o
 .text.CDC_Transmit_FS
                0x0800bac4       0x34 ./USB_DEVICE/App/usbd_cdc_if.o
                0x0800bac4                CDC_Transmit_FS
 .text.CDC_TransmitCplt_FS
                0x0800baf8       0x22 ./USB_DEVICE/App/usbd_cdc_if.o
 *fill*         0x0800bb1a        0x2 
 .text.USBD_FS_DeviceDescriptor
                0x0800bb1c       0x24 ./USB_DEVICE/App/usbd_desc.o
                0x0800bb1c                USBD_FS_DeviceDescriptor
 .text.USBD_FS_LangIDStrDescriptor
                0x0800bb40       0x24 ./USB_DEVICE/App/usbd_desc.o
                0x0800bb40                USBD_FS_LangIDStrDescriptor
 .text.USBD_FS_ProductStrDescriptor
                0x0800bb64       0x3c ./USB_DEVICE/App/usbd_desc.o
                0x0800bb64                USBD_FS_ProductStrDescriptor
 .text.USBD_FS_ManufacturerStrDescriptor
                0x0800bba0       0x28 ./USB_DEVICE/App/usbd_desc.o
                0x0800bba0                USBD_FS_ManufacturerStrDescriptor
 .text.USBD_FS_SerialStrDescriptor
                0x0800bbc8       0x24 ./USB_DEVICE/App/usbd_desc.o
                0x0800bbc8                USBD_FS_SerialStrDescriptor
 .text.USBD_FS_ConfigStrDescriptor
                0x0800bbec       0x3c ./USB_DEVICE/App/usbd_desc.o
                0x0800bbec                USBD_FS_ConfigStrDescriptor
 .text.USBD_FS_InterfaceStrDescriptor
                0x0800bc28       0x3c ./USB_DEVICE/App/usbd_desc.o
                0x0800bc28                USBD_FS_InterfaceStrDescriptor
 .text.Get_SerialNum
                0x0800bc64       0x58 ./USB_DEVICE/App/usbd_desc.o
 .text.IntToUnicode
                0x0800bcbc       0x7e ./USB_DEVICE/App/usbd_desc.o
 *fill*         0x0800bd3a        0x2 
 .text.HAL_PCD_MspInit
                0x0800bd3c       0xe8 ./USB_DEVICE/Target/usbd_conf.o
                0x0800bd3c                HAL_PCD_MspInit
 .text.HAL_PCD_SetupStageCallback
                0x0800be24       0x24 ./USB_DEVICE/Target/usbd_conf.o
                0x0800be24                HAL_PCD_SetupStageCallback
 .text.HAL_PCD_DataOutStageCallback
                0x0800be48       0x36 ./USB_DEVICE/Target/usbd_conf.o
                0x0800be48                HAL_PCD_DataOutStageCallback
 .text.HAL_PCD_DataInStageCallback
                0x0800be7e       0x34 ./USB_DEVICE/Target/usbd_conf.o
                0x0800be7e                HAL_PCD_DataInStageCallback
 .text.HAL_PCD_SOFCallback
                0x0800beb2       0x1c ./USB_DEVICE/Target/usbd_conf.o
                0x0800beb2                HAL_PCD_SOFCallback
 .text.HAL_PCD_ResetCallback
                0x0800bece       0x50 ./USB_DEVICE/Target/usbd_conf.o
                0x0800bece                HAL_PCD_ResetCallback
 *fill*         0x0800bf1e        0x2 
 .text.HAL_PCD_SuspendCallback
                0x0800bf20       0x4c ./USB_DEVICE/Target/usbd_conf.o
                0x0800bf20                HAL_PCD_SuspendCallback
 .text.HAL_PCD_ResumeCallback
                0x0800bf6c       0x1c ./USB_DEVICE/Target/usbd_conf.o
                0x0800bf6c                HAL_PCD_ResumeCallback
 .text.HAL_PCD_ISOOUTIncompleteCallback
                0x0800bf88       0x24 ./USB_DEVICE/Target/usbd_conf.o
                0x0800bf88                HAL_PCD_ISOOUTIncompleteCallback
 .text.HAL_PCD_ISOINIncompleteCallback
                0x0800bfac       0x24 ./USB_DEVICE/Target/usbd_conf.o
                0x0800bfac                HAL_PCD_ISOINIncompleteCallback
 .text.HAL_PCD_ConnectCallback
                0x0800bfd0       0x1c ./USB_DEVICE/Target/usbd_conf.o
                0x0800bfd0                HAL_PCD_ConnectCallback
 .text.HAL_PCD_DisconnectCallback
                0x0800bfec       0x1c ./USB_DEVICE/Target/usbd_conf.o
                0x0800bfec                HAL_PCD_DisconnectCallback
 .text.USBD_LL_Init
                0x0800c008       0xa0 ./USB_DEVICE/Target/usbd_conf.o
                0x0800c008                USBD_LL_Init
 .text.USBD_LL_Start
                0x0800c0a8       0x36 ./USB_DEVICE/Target/usbd_conf.o
                0x0800c0a8                USBD_LL_Start
 .text.USBD_LL_OpenEP
                0x0800c0de       0x4c ./USB_DEVICE/Target/usbd_conf.o
                0x0800c0de                USBD_LL_OpenEP
 .text.USBD_LL_CloseEP
                0x0800c12a       0x3e ./USB_DEVICE/Target/usbd_conf.o
                0x0800c12a                USBD_LL_CloseEP
 .text.USBD_LL_StallEP
                0x0800c168       0x3e ./USB_DEVICE/Target/usbd_conf.o
                0x0800c168                USBD_LL_StallEP
 .text.USBD_LL_ClearStallEP
                0x0800c1a6       0x3e ./USB_DEVICE/Target/usbd_conf.o
                0x0800c1a6                USBD_LL_ClearStallEP
 .text.USBD_LL_IsStallEP
                0x0800c1e4       0x58 ./USB_DEVICE/Target/usbd_conf.o
                0x0800c1e4                USBD_LL_IsStallEP
 .text.USBD_LL_SetUSBAddress
                0x0800c23c       0x3e ./USB_DEVICE/Target/usbd_conf.o
                0x0800c23c                USBD_LL_SetUSBAddress
 .text.USBD_LL_Transmit
                0x0800c27a       0x42 ./USB_DEVICE/Target/usbd_conf.o
                0x0800c27a                USBD_LL_Transmit
 .text.USBD_LL_PrepareReceive
                0x0800c2bc       0x42 ./USB_DEVICE/Target/usbd_conf.o
                0x0800c2bc                USBD_LL_PrepareReceive
 .text.USBD_LL_GetRxDataSize
                0x0800c2fe       0x26 ./USB_DEVICE/Target/usbd_conf.o
                0x0800c2fe                USBD_LL_GetRxDataSize
 .text.USBD_static_malloc
                0x0800c324       0x1c ./USB_DEVICE/Target/usbd_conf.o
                0x0800c324                USBD_static_malloc
 .text.USBD_static_free
                0x0800c340       0x14 ./USB_DEVICE/Target/usbd_conf.o
                0x0800c340                USBD_static_free
 .text.USBD_Get_USB_Status
                0x0800c354       0x58 ./USB_DEVICE/Target/usbd_conf.o
                0x0800c354                USBD_Get_USB_Status
 .text.memset   0x0800c3ac       0x10 C:/ST/STM32CubeIDE_1.16.0/STM32CubeIDE/plugins/com.st.stm32cube.ide.mcu.externaltools.gnu-tools-for-stm32.12.3.rel1.win32_1.0.200.202406191623/tools/bin/../lib/gcc/arm-none-eabi/12.3.1/../../../../arm-none-eabi/lib/thumb/v7e-m+dp/hard\libc_nano.a(libc_a-memset.o)
                0x0800c3ac                memset
 .text.__libc_init_array
                0x0800c3bc       0x48 C:/ST/STM32CubeIDE_1.16.0/STM32CubeIDE/plugins/com.st.stm32cube.ide.mcu.externaltools.gnu-tools-for-stm32.12.3.rel1.win32_1.0.200.202406191623/tools/bin/../lib/gcc/arm-none-eabi/12.3.1/../../../../arm-none-eabi/lib/thumb/v7e-m+dp/hard\libc_nano.a(libc_a-init.o)
                0x0800c3bc                __libc_init_array
 *(.glue_7)
 .glue_7        0x0800c404        0x0 linker stubs
 *(.glue_7t)
 .glue_7t       0x0800c404        0x0 linker stubs
 *(.eh_frame)
 .eh_frame      0x0800c404        0x0 C:/ST/STM32CubeIDE_1.16.0/STM32CubeIDE/plugins/com.st.stm32cube.ide.mcu.externaltools.gnu-tools-for-stm32.12.3.rel1.win32_1.0.200.202406191623/tools/bin/../lib/gcc/arm-none-eabi/12.3.1/thumb/v7e-m+dp/hard/crtbegin.o
 *(.init)
 .init          0x0800c404        0x4 C:/ST/STM32CubeIDE_1.16.0/STM32CubeIDE/plugins/com.st.stm32cube.ide.mcu.externaltools.gnu-tools-for-stm32.12.3.rel1.win32_1.0.200.202406191623/tools/bin/../lib/gcc/arm-none-eabi/12.3.1/thumb/v7e-m+dp/hard/crti.o
                0x0800c404                _init
 .init          0x0800c408        0x8 C:/ST/STM32CubeIDE_1.16.0/STM32CubeIDE/plugins/com.st.stm32cube.ide.mcu.externaltools.gnu-tools-for-stm32.12.3.rel1.win32_1.0.200.202406191623/tools/bin/../lib/gcc/arm-none-eabi/12.3.1/thumb/v7e-m+dp/hard/crtn.o
 *(.fini)
 .fini          0x0800c410        0x4 C:/ST/STM32CubeIDE_1.16.0/STM32CubeIDE/plugins/com.st.stm32cube.ide.mcu.externaltools.gnu-tools-for-stm32.12.3.rel1.win32_1.0.200.202406191623/tools/bin/../lib/gcc/arm-none-eabi/12.3.1/thumb/v7e-m+dp/hard/crti.o
                0x0800c410                _fini
 .fini          0x0800c414        0x8 C:/ST/STM32CubeIDE_1.16.0/STM32CubeIDE/plugins/com.st.stm32cube.ide.mcu.externaltools.gnu-tools-for-stm32.12.3.rel1.win32_1.0.200.202406191623/tools/bin/../lib/gcc/arm-none-eabi/12.3.1/thumb/v7e-m+dp/hard/crtn.o
                0x0800c41c                        . = ALIGN (0x4)
                0x0800c41c                        _etext = .

.vfp11_veneer   0x0800c41c        0x0
 .vfp11_veneer  0x0800c41c        0x0 linker stubs

.v4_bx          0x0800c41c        0x0
 .v4_bx         0x0800c41c        0x0 linker stubs

.iplt           0x0800c41c        0x0
 .iplt          0x0800c41c        0x0 C:/ST/STM32CubeIDE_1.16.0/STM32CubeIDE/plugins/com.st.stm32cube.ide.mcu.externaltools.gnu-tools-for-stm32.12.3.rel1.win32_1.0.200.202406191623/tools/bin/../lib/gcc/arm-none-eabi/12.3.1/thumb/v7e-m+dp/hard/crtbegin.o

.rodata         0x0800c41c       0x90
                0x0800c41c                        . = ALIGN (0x4)
 *(.rodata)
 .rodata        0x0800c41c       0x46 ./USB_DEVICE/App/usbd_desc.o
 *(.rodata*)
 *fill*         0x0800c462        0x2 
 .rodata.D1CorePrescTable
                0x0800c464       0x10 ./Core/Src/system_stm32h7xx.o
                0x0800c464                D1CorePrescTable
 .rodata.UARTPrescTable
                0x0800c474       0x18 ./Drivers/STM32H7xx_HAL_Driver/Src/stm32h7xx_hal_uart.o
                0x0800c474                UARTPrescTable
 .rodata.numerator.1
                0x0800c48c        0x8 ./Drivers/STM32H7xx_HAL_Driver/Src/stm32h7xx_hal_uart_ex.o
 .rodata.denominator.0
                0x0800c494        0x8 ./Drivers/STM32H7xx_HAL_Driver/Src/stm32h7xx_hal_uart_ex.o
 .rodata.numerator.1
                0x0800c49c        0x8 ./Drivers/STM32H7xx_HAL_Driver/Src/stm32h7xx_hal_usart_ex.o
 .rodata.denominator.0
                0x0800c4a4        0x8 ./Drivers/STM32H7xx_HAL_Driver/Src/stm32h7xx_hal_usart_ex.o
                0x0800c4ac                        . = ALIGN (0x4)

.ARM.extab
 *(.ARM.extab* .gnu.linkonce.armextab.*)

.ARM            0x0800c4ac        0x8
                0x0800c4ac                        __exidx_start = .
 *(.ARM.exidx*)
 .ARM.exidx     0x0800c4ac        0x8 C:/ST/STM32CubeIDE_1.16.0/STM32CubeIDE/plugins/com.st.stm32cube.ide.mcu.externaltools.gnu-tools-for-stm32.12.3.rel1.win32_1.0.200.202406191623/tools/bin/../lib/gcc/arm-none-eabi/12.3.1/thumb/v7e-m+dp/hard\libgcc.a(_udivmoddi4.o)
                0x0800c4b4                        __exidx_end = .

.preinit_array  0x0800c4b4        0x0
                0x0800c4b4                        PROVIDE (__preinit_array_start = .)
 *(.preinit_array*)
                0x0800c4b4                        PROVIDE (__preinit_array_end = .)

.init_array     0x0800c4b4        0x4
                0x0800c4b4                        PROVIDE (__init_array_start = .)
 *(SORT_BY_NAME(.init_array.*))
 *(.init_array*)
 .init_array    0x0800c4b4        0x4 C:/ST/STM32CubeIDE_1.16.0/STM32CubeIDE/plugins/com.st.stm32cube.ide.mcu.externaltools.gnu-tools-for-stm32.12.3.rel1.win32_1.0.200.202406191623/tools/bin/../lib/gcc/arm-none-eabi/12.3.1/thumb/v7e-m+dp/hard/crtbegin.o
                0x0800c4b8                        PROVIDE (__init_array_end = .)

.fini_array     0x0800c4b8        0x4
                [!provide]                        PROVIDE (__fini_array_start = .)
 *(SORT_BY_NAME(.fini_array.*))
 *(.fini_array*)
 .fini_array    0x0800c4b8        0x4 C:/ST/STM32CubeIDE_1.16.0/STM32CubeIDE/plugins/com.st.stm32cube.ide.mcu.externaltools.gnu-tools-for-stm32.12.3.rel1.win32_1.0.200.202406191623/tools/bin/../lib/gcc/arm-none-eabi/12.3.1/thumb/v7e-m+dp/hard/crtbegin.o
                [!provide]                        PROVIDE (__fini_array_end = .)
                0x0800c4bc                        _sidata = LOADADDR (.data)

.rel.dyn        0x0800c4bc        0x0
 .rel.iplt      0x0800c4bc        0x0 C:/ST/STM32CubeIDE_1.16.0/STM32CubeIDE/plugins/com.st.stm32cube.ide.mcu.externaltools.gnu-tools-for-stm32.12.3.rel1.win32_1.0.200.202406191623/tools/bin/../lib/gcc/arm-none-eabi/12.3.1/thumb/v7e-m+dp/hard/crtbegin.o

.data           0x24000000      0x104 load address 0x0800c4bc
                0x24000000                        . = ALIGN (0x4)
                0x24000000                        _sdata = .
 *(.data)
 *(.data*)
 .data.SystemCoreClock
                0x24000000        0x4 ./Core/Src/system_stm32h7xx.o
                0x24000000                SystemCoreClock
 .data.SystemD2Clock
                0x24000004        0x4 ./Core/Src/system_stm32h7xx.o
                0x24000004                SystemD2Clock
 .data.uwTickPrio
                0x24000008        0x4 ./Drivers/STM32H7xx_HAL_Driver/Src/stm32h7xx_hal.o
                0x24000008                uwTickPrio
 .data.uwTickFreq
                0x2400000c        0x1 ./Drivers/STM32H7xx_HAL_Driver/Src/stm32h7xx_hal.o
                0x2400000c                uwTickFreq
 *fill*         0x2400000d        0x3 
 .data.USBD_CDC_DeviceQualifierDesc
                0x24000010        0xa ./Middlewares/ST/STM32_USB_Device_Library/Class/CDC/Src/usbd_cdc.o
 *fill*         0x2400001a        0x2 
 .data.USBD_CDC
                0x2400001c       0x38 ./Middlewares/ST/STM32_USB_Device_Library/Class/CDC/Src/usbd_cdc.o
                0x2400001c                USBD_CDC
 .data.USBD_CDC_CfgDesc
                0x24000054       0x43 ./Middlewares/ST/STM32_USB_Device_Library/Class/CDC/Src/usbd_cdc.o
 .data.CDCInEpAdd
                0x24000097        0x1 ./Middlewares/ST/STM32_USB_Device_Library/Class/CDC/Src/usbd_cdc.o
 .data.CDCOutEpAdd
                0x24000098        0x1 ./Middlewares/ST/STM32_USB_Device_Library/Class/CDC/Src/usbd_cdc.o
 .data.CDCCmdEpAdd
                0x24000099        0x1 ./Middlewares/ST/STM32_USB_Device_Library/Class/CDC/Src/usbd_cdc.o
 *fill*         0x2400009a        0x2 
 .data.USBD_Interface_fops_FS
                0x2400009c       0x14 ./USB_DEVICE/App/usbd_cdc_if.o
                0x2400009c                USBD_Interface_fops_FS
 .data.FS_Desc  0x240000b0       0x20 ./USB_DEVICE/App/usbd_desc.o
                0x240000b0                FS_Desc
 .data.USBD_FS_DeviceDesc
                0x240000d0       0x12 ./USB_DEVICE/App/usbd_desc.o
                0x240000d0                USBD_FS_DeviceDesc
 *fill*         0x240000e2        0x2 
 .data.USBD_LangIDDesc
                0x240000e4        0x4 ./USB_DEVICE/App/usbd_desc.o
                0x240000e4                USBD_LangIDDesc
 .data.USBD_StringSerial
                0x240000e8       0x1a ./USB_DEVICE/App/usbd_desc.o
                0x240000e8                USBD_StringSerial
 *(.RamFunc)
 *(.RamFunc*)
                0x24000104                        . = ALIGN (0x4)
 *fill*         0x24000102        0x2 
                0x24000104                        _edata = .

.igot.plt       0x24000104        0x0 load address 0x0800c5c0
 .igot.plt      0x24000104        0x0 C:/ST/STM32CubeIDE_1.16.0/STM32CubeIDE/plugins/com.st.stm32cube.ide.mcu.externaltools.gnu-tools-for-stm32.12.3.rel1.win32_1.0.200.202406191623/tools/bin/../lib/gcc/arm-none-eabi/12.3.1/thumb/v7e-m+dp/hard/crtbegin.o

.RxDecripSection
                0x24000104       0x60 load address 0x0800c5c0
 .RxDecripSection
                0x24000104       0x60 ./Core/Src/main.o
                0x24000104                DMARxDscrTab

.TxDecripSection
                0x24000164       0x60 load address 0x0800c620
 .TxDecripSection
                0x24000164       0x60 ./Core/Src/main.o
                0x24000164                DMATxDscrTab
                0x240001c4                        . = ALIGN (0x4)

.bss            0x240001c4     0x1de8 load address 0x0800c680
                0x240001c4                        _sbss = .
                0x240001c4                        __bss_start__ = _sbss
 *(.bss)
 .bss           0x240001c4       0x1c C:/ST/STM32CubeIDE_1.16.0/STM32CubeIDE/plugins/com.st.stm32cube.ide.mcu.externaltools.gnu-tools-for-stm32.12.3.rel1.win32_1.0.200.202406191623/tools/bin/../lib/gcc/arm-none-eabi/12.3.1/thumb/v7e-m+dp/hard/crtbegin.o
 *(.bss*)
 .bss.TxConfig  0x240001e0       0x38 ./Core/Src/main.o
                0x240001e0                TxConfig
 .bss.heth      0x24000218       0xb0 ./Core/Src/main.o
                0x24000218                heth
 .bss.husart2   0x240002c8       0x60 ./Core/Src/main.o
                0x240002c8                husart2
 .bss.huart3    0x24000328       0x94 ./Core/Src/main.o
                0x24000328                huart3
 .bss.MACAddr.0
                0x240003bc        0x6 ./Core/Src/main.o
 *fill*         0x240003c2        0x2 
 .bss.uwTick    0x240003c4        0x4 ./Drivers/STM32H7xx_HAL_Driver/Src/stm32h7xx_hal.o
                0x240003c4                uwTick
 .bss.cfgidx.0  0x240003c8        0x1 ./Middlewares/ST/STM32_USB_Device_Library/Core/Src/usbd_ctlreq.o
 *fill*         0x240003c9        0x3 
 .bss.hUsbDeviceFS
                0x240003cc      0x2dc ./USB_DEVICE/App/usb_device.o
                0x240003cc                hUsbDeviceFS
 .bss.UserRxBufferFS
                0x240006a8      0x800 ./USB_DEVICE/App/usbd_cdc_if.o
                0x240006a8                UserRxBufferFS
 .bss.UserTxBufferFS
                0x24000ea8      0x800 ./USB_DEVICE/App/usbd_cdc_if.o
                0x24000ea8                UserTxBufferFS
 .bss.USBD_StrDesc
                0x240016a8      0x200 ./USB_DEVICE/App/usbd_desc.o
                0x240016a8                USBD_StrDesc
 .bss.hpcd_USB_OTG_FS
                0x240018a8      0x4e4 ./USB_DEVICE/Target/usbd_conf.o
                0x240018a8                hpcd_USB_OTG_FS
 .bss.mem.0     0x24001d8c      0x220 ./USB_DEVICE/Target/usbd_conf.o
 *(COMMON)
                0x24001fac                        . = ALIGN (0x4)
                0x24001fac                        _ebss = .
                0x24001fac                        __bss_end__ = _ebss

._user_heap_stack
                0x24001fac      0x604 load address 0x0800c680
                0x24001fb0                        . = ALIGN (0x8)
 *fill*         0x24001fac        0x4 
                [!provide]                        PROVIDE (end = .)
                0x24001fb0                        PROVIDE (_end = .)
                0x240021b0                        . = (. + _Min_Heap_Size)
 *fill*         0x24001fb0      0x200 
                0x240025b0                        . = (. + _Min_Stack_Size)
 *fill*         0x240021b0      0x400 
                0x240025b0                        . = ALIGN (0x8)

/DISCARD/
 libc.a(*)
 libm.a(*)
 libgcc.a(*)

.ARM.attributes
                0x00000000       0x2e
 *(.ARM.attributes)
 .ARM.attributes
                0x00000000       0x20 C:/ST/STM32CubeIDE_1.16.0/STM32CubeIDE/plugins/com.st.stm32cube.ide.mcu.externaltools.gnu-tools-for-stm32.12.3.rel1.win32_1.0.200.202406191623/tools/bin/../lib/gcc/arm-none-eabi/12.3.1/thumb/v7e-m+dp/hard/crti.o
 .ARM.attributes
                0x00000020       0x32 C:/ST/STM32CubeIDE_1.16.0/STM32CubeIDE/plugins/com.st.stm32cube.ide.mcu.externaltools.gnu-tools-for-stm32.12.3.rel1.win32_1.0.200.202406191623/tools/bin/../lib/gcc/arm-none-eabi/12.3.1/thumb/v7e-m+dp/hard/crtbegin.o
 .ARM.attributes
                0x00000052       0x32 ./Core/Src/main.o
 .ARM.attributes
                0x00000084       0x32 ./Core/Src/stm32h7xx_hal_msp.o
 .ARM.attributes
                0x000000b6       0x32 ./Core/Src/stm32h7xx_it.o
 .ARM.attributes
                0x000000e8       0x32 ./Core/Src/system_stm32h7xx.o
 .ARM.attributes
                0x0000011a       0x21 ./Core/Startup/startup_stm32h743zitx.o
 .ARM.attributes
                0x0000013b       0x32 ./Drivers/STM32H7xx_HAL_Driver/Src/stm32h7xx_hal.o
 .ARM.attributes
                0x0000016d       0x32 ./Drivers/STM32H7xx_HAL_Driver/Src/stm32h7xx_hal_cortex.o
 .ARM.attributes
                0x0000019f       0x32 ./Drivers/STM32H7xx_HAL_Driver/Src/stm32h7xx_hal_eth.o
 .ARM.attributes
                0x000001d1       0x32 ./Drivers/STM32H7xx_HAL_Driver/Src/stm32h7xx_hal_gpio.o
 .ARM.attributes
                0x00000203       0x32 ./Drivers/STM32H7xx_HAL_Driver/Src/stm32h7xx_hal_pcd.o
 .ARM.attributes
                0x00000235       0x32 ./Drivers/STM32H7xx_HAL_Driver/Src/stm32h7xx_hal_pcd_ex.o
 .ARM.attributes
                0x00000267       0x32 ./Drivers/STM32H7xx_HAL_Driver/Src/stm32h7xx_hal_pwr_ex.o
 .ARM.attributes
                0x00000299       0x32 ./Drivers/STM32H7xx_HAL_Driver/Src/stm32h7xx_hal_rcc.o
 .ARM.attributes
                0x000002cb       0x32 ./Drivers/STM32H7xx_HAL_Driver/Src/stm32h7xx_hal_rcc_ex.o
 .ARM.attributes
                0x000002fd       0x32 ./Drivers/STM32H7xx_HAL_Driver/Src/stm32h7xx_hal_uart.o
 .ARM.attributes
                0x0000032f       0x32 ./Drivers/STM32H7xx_HAL_Driver/Src/stm32h7xx_hal_uart_ex.o
 .ARM.attributes
                0x00000361       0x32 ./Drivers/STM32H7xx_HAL_Driver/Src/stm32h7xx_hal_usart.o
 .ARM.attributes
                0x00000393       0x32 ./Drivers/STM32H7xx_HAL_Driver/Src/stm32h7xx_hal_usart_ex.o
 .ARM.attributes
                0x000003c5       0x32 ./Drivers/STM32H7xx_HAL_Driver/Src/stm32h7xx_ll_usb.o
 .ARM.attributes
                0x000003f7       0x32 ./Middlewares/ST/STM32_USB_Device_Library/Class/CDC/Src/usbd_cdc.o
 .ARM.attributes
                0x00000429       0x32 ./Middlewares/ST/STM32_USB_Device_Library/Core/Src/usbd_core.o
 .ARM.attributes
                0x0000045b       0x32 ./Middlewares/ST/STM32_USB_Device_Library/Core/Src/usbd_ctlreq.o
 .ARM.attributes
                0x0000048d       0x32 ./Middlewares/ST/STM32_USB_Device_Library/Core/Src/usbd_ioreq.o
 .ARM.attributes
                0x000004bf       0x32 ./USB_DEVICE/App/usb_device.o
 .ARM.attributes
                0x000004f1       0x32 ./USB_DEVICE/App/usbd_cdc_if.o
 .ARM.attributes
                0x00000523       0x32 ./USB_DEVICE/App/usbd_desc.o
 .ARM.attributes
                0x00000555       0x32 ./USB_DEVICE/Target/usbd_conf.o
 .ARM.attributes
                0x00000587       0x32 C:/ST/STM32CubeIDE_1.16.0/STM32CubeIDE/plugins/com.st.stm32cube.ide.mcu.externaltools.gnu-tools-for-stm32.12.3.rel1.win32_1.0.200.202406191623/tools/bin/../lib/gcc/arm-none-eabi/12.3.1/../../../../arm-none-eabi/lib/thumb/v7e-m+dp/hard\libc_nano.a(libc_a-memset.o)
 .ARM.attributes
                0x000005b9       0x32 C:/ST/STM32CubeIDE_1.16.0/STM32CubeIDE/plugins/com.st.stm32cube.ide.mcu.externaltools.gnu-tools-for-stm32.12.3.rel1.win32_1.0.200.202406191623/tools/bin/../lib/gcc/arm-none-eabi/12.3.1/../../../../arm-none-eabi/lib/thumb/v7e-m+dp/hard\libc_nano.a(libc_a-init.o)
 .ARM.attributes
                0x000005eb       0x20 C:/ST/STM32CubeIDE_1.16.0/STM32CubeIDE/plugins/com.st.stm32cube.ide.mcu.externaltools.gnu-tools-for-stm32.12.3.rel1.win32_1.0.200.202406191623/tools/bin/../lib/gcc/arm-none-eabi/12.3.1/thumb/v7e-m+dp/hard\libgcc.a(_aeabi_uldivmod.o)
 .ARM.attributes
                0x0000060b       0x32 C:/ST/STM32CubeIDE_1.16.0/STM32CubeIDE/plugins/com.st.stm32cube.ide.mcu.externaltools.gnu-tools-for-stm32.12.3.rel1.win32_1.0.200.202406191623/tools/bin/../lib/gcc/arm-none-eabi/12.3.1/thumb/v7e-m+dp/hard\libgcc.a(_udivmoddi4.o)
 .ARM.attributes
                0x0000063d       0x20 C:/ST/STM32CubeIDE_1.16.0/STM32CubeIDE/plugins/com.st.stm32cube.ide.mcu.externaltools.gnu-tools-for-stm32.12.3.rel1.win32_1.0.200.202406191623/tools/bin/../lib/gcc/arm-none-eabi/12.3.1/thumb/v7e-m+dp/hard\libgcc.a(_dvmd_tls.o)
 .ARM.attributes
                0x0000065d       0x20 C:/ST/STM32CubeIDE_1.16.0/STM32CubeIDE/plugins/com.st.stm32cube.ide.mcu.externaltools.gnu-tools-for-stm32.12.3.rel1.win32_1.0.200.202406191623/tools/bin/../lib/gcc/arm-none-eabi/12.3.1/thumb/v7e-m+dp/hard/crtn.o
OUTPUT(UsbUsage.elf elf32-littlearm)
LOAD linker stubs
LOAD C:/ST/STM32CubeIDE_1.16.0/STM32CubeIDE/plugins/com.st.stm32cube.ide.mcu.externaltools.gnu-tools-for-stm32.12.3.rel1.win32_1.0.200.202406191623/tools/bin/../lib/gcc/arm-none-eabi/12.3.1/../../../../arm-none-eabi/lib/thumb/v7e-m+dp/hard\libc.a
LOAD C:/ST/STM32CubeIDE_1.16.0/STM32CubeIDE/plugins/com.st.stm32cube.ide.mcu.externaltools.gnu-tools-for-stm32.12.3.rel1.win32_1.0.200.202406191623/tools/bin/../lib/gcc/arm-none-eabi/12.3.1/../../../../arm-none-eabi/lib/thumb/v7e-m+dp/hard\libm.a
LOAD C:/ST/STM32CubeIDE_1.16.0/STM32CubeIDE/plugins/com.st.stm32cube.ide.mcu.externaltools.gnu-tools-for-stm32.12.3.rel1.win32_1.0.200.202406191623/tools/bin/../lib/gcc/arm-none-eabi/12.3.1/thumb/v7e-m+dp/hard\libgcc.a

.debug_info     0x00000000    0x20e3e
 .debug_info    0x00000000     0x2684 ./Core/Src/main.o
 .debug_info    0x00002684     0x2259 ./Core/Src/stm32h7xx_hal_msp.o
 .debug_info    0x000048dd      0x6b2 ./Core/Src/stm32h7xx_it.o
 .debug_info    0x00004f8f      0xcef ./Core/Src/system_stm32h7xx.o
 .debug_info    0x00005c7e       0x30 ./Core/Startup/startup_stm32h743zitx.o
 .debug_info    0x00005cae     0x153b ./Drivers/STM32H7xx_HAL_Driver/Src/stm32h7xx_hal.o
 .debug_info    0x000071e9     0x10ac ./Drivers/STM32H7xx_HAL_Driver/Src/stm32h7xx_hal_cortex.o
 .debug_info    0x00008295     0x2a30 ./Drivers/STM32H7xx_HAL_Driver/Src/stm32h7xx_hal_eth.o
 .debug_info    0x0000acc5      0xc4b ./Drivers/STM32H7xx_HAL_Driver/Src/stm32h7xx_hal_gpio.o
 .debug_info    0x0000b910     0x1561 ./Drivers/STM32H7xx_HAL_Driver/Src/stm32h7xx_hal_pcd.o
 .debug_info    0x0000ce71      0x8b3 ./Drivers/STM32H7xx_HAL_Driver/Src/stm32h7xx_hal_pcd_ex.o
 .debug_info    0x0000d724     0x1008 ./Drivers/STM32H7xx_HAL_Driver/Src/stm32h7xx_hal_pwr_ex.o
 .debug_info    0x0000e72c      0xe5b ./Drivers/STM32H7xx_HAL_Driver/Src/stm32h7xx_hal_rcc.o
 .debug_info    0x0000f587     0x1216 ./Drivers/STM32H7xx_HAL_Driver/Src/stm32h7xx_hal_rcc_ex.o
 .debug_info    0x0001079d     0x4b13 ./Drivers/STM32H7xx_HAL_Driver/Src/stm32h7xx_hal_uart.o
 .debug_info    0x000152b0      0xfbf ./Drivers/STM32H7xx_HAL_Driver/Src/stm32h7xx_hal_uart_ex.o
 .debug_info    0x0001626f     0x19de ./Drivers/STM32H7xx_HAL_Driver/Src/stm32h7xx_hal_usart.o
 .debug_info    0x00017c4d      0x970 ./Drivers/STM32H7xx_HAL_Driver/Src/stm32h7xx_hal_usart_ex.o
 .debug_info    0x000185bd     0x1a1e ./Drivers/STM32H7xx_HAL_Driver/Src/stm32h7xx_ll_usb.o
 .debug_info    0x00019fdb     0x133d ./Middlewares/ST/STM32_USB_Device_Library/Class/CDC/Src/usbd_cdc.o
 .debug_info    0x0001b318      0xe20 ./Middlewares/ST/STM32_USB_Device_Library/Core/Src/usbd_core.o
 .debug_info    0x0001c138      0xaf9 ./Middlewares/ST/STM32_USB_Device_Library/Core/Src/usbd_ctlreq.o
 .debug_info    0x0001cc31      0x770 ./Middlewares/ST/STM32_USB_Device_Library/Core/Src/usbd_ioreq.o
 .debug_info    0x0001d3a1      0x725 ./USB_DEVICE/App/usb_device.o
 .debug_info    0x0001dac6      0x966 ./USB_DEVICE/App/usbd_cdc_if.o
 .debug_info    0x0001e42c      0x48f ./USB_DEVICE/App/usbd_desc.o
 .debug_info    0x0001e8bb     0x2583 ./USB_DEVICE/Target/usbd_conf.o

.debug_abbrev   0x00000000     0x4100
 .debug_abbrev  0x00000000      0x318 ./Core/Src/main.o
 .debug_abbrev  0x00000318      0x25a ./Core/Src/stm32h7xx_hal_msp.o
 .debug_abbrev  0x00000572      0x1a4 ./Core/Src/stm32h7xx_it.o
 .debug_abbrev  0x00000716      0x14c ./Core/Src/system_stm32h7xx.o
 .debug_abbrev  0x00000862       0x24 ./Core/Startup/startup_stm32h743zitx.o
 .debug_abbrev  0x00000886      0x295 ./Drivers/STM32H7xx_HAL_Driver/Src/stm32h7xx_hal.o
 .debug_abbrev  0x00000b1b      0x339 ./Drivers/STM32H7xx_HAL_Driver/Src/stm32h7xx_hal_cortex.o
 .debug_abbrev  0x00000e54      0x347 ./Drivers/STM32H7xx_HAL_Driver/Src/stm32h7xx_hal_eth.o
 .debug_abbrev  0x0000119b      0x1fe ./Drivers/STM32H7xx_HAL_Driver/Src/stm32h7xx_hal_gpio.o
 .debug_abbrev  0x00001399      0x2dc ./Drivers/STM32H7xx_HAL_Driver/Src/stm32h7xx_hal_pcd.o
 .debug_abbrev  0x00001675      0x256 ./Drivers/STM32H7xx_HAL_Driver/Src/stm32h7xx_hal_pcd_ex.o
 .debug_abbrev  0x000018cb      0x2a7 ./Drivers/STM32H7xx_HAL_Driver/Src/stm32h7xx_hal_pwr_ex.o
 .debug_abbrev  0x00001b72      0x2c8 ./Drivers/STM32H7xx_HAL_Driver/Src/stm32h7xx_hal_rcc.o
 .debug_abbrev  0x00001e3a      0x269 ./Drivers/STM32H7xx_HAL_Driver/Src/stm32h7xx_hal_rcc_ex.o
 .debug_abbrev  0x000020a3      0x33d ./Drivers/STM32H7xx_HAL_Driver/Src/stm32h7xx_hal_uart.o
 .debug_abbrev  0x000023e0      0x2d2 ./Drivers/STM32H7xx_HAL_Driver/Src/stm32h7xx_hal_uart_ex.o
 .debug_abbrev  0x000026b2      0x2b2 ./Drivers/STM32H7xx_HAL_Driver/Src/stm32h7xx_hal_usart.o
 .debug_abbrev  0x00002964      0x206 ./Drivers/STM32H7xx_HAL_Driver/Src/stm32h7xx_hal_usart_ex.o
 .debug_abbrev  0x00002b6a      0x2b3 ./Drivers/STM32H7xx_HAL_Driver/Src/stm32h7xx_ll_usb.o
 .debug_abbrev  0x00002e1d      0x2d2 ./Middlewares/ST/STM32_USB_Device_Library/Class/CDC/Src/usbd_cdc.o
 .debug_abbrev  0x000030ef      0x27c ./Middlewares/ST/STM32_USB_Device_Library/Core/Src/usbd_core.o
 .debug_abbrev  0x0000336b      0x26f ./Middlewares/ST/STM32_USB_Device_Library/Core/Src/usbd_ctlreq.o
 .debug_abbrev  0x000035da      0x19a ./Middlewares/ST/STM32_USB_Device_Library/Core/Src/usbd_ioreq.o
 .debug_abbrev  0x00003774      0x1a8 ./USB_DEVICE/App/usb_device.o
 .debug_abbrev  0x0000391c      0x2a2 ./USB_DEVICE/App/usbd_cdc_if.o
 .debug_abbrev  0x00003bbe      0x1f3 ./USB_DEVICE/App/usbd_desc.o
 .debug_abbrev  0x00003db1      0x34f ./USB_DEVICE/Target/usbd_conf.o

.debug_aranges  0x00000000     0x1580
 .debug_aranges
                0x00000000       0x50 ./Core/Src/main.o
 .debug_aranges
                0x00000050       0x50 ./Core/Src/stm32h7xx_hal_msp.o
 .debug_aranges
                0x000000a0       0x68 ./Core/Src/stm32h7xx_it.o
 .debug_aranges
                0x00000108       0x28 ./Core/Src/system_stm32h7xx.o
 .debug_aranges
                0x00000130       0x28 ./Core/Startup/startup_stm32h743zitx.o
 .debug_aranges
                0x00000158      0x198 ./Drivers/STM32H7xx_HAL_Driver/Src/stm32h7xx_hal.o
 .debug_aranges
                0x000002f0      0x130 ./Drivers/STM32H7xx_HAL_Driver/Src/stm32h7xx_hal_cortex.o
 .debug_aranges
                0x00000420      0x1d8 ./Drivers/STM32H7xx_HAL_Driver/Src/stm32h7xx_hal_eth.o
 .debug_aranges
                0x000005f8       0x58 ./Drivers/STM32H7xx_HAL_Driver/Src/stm32h7xx_hal_gpio.o
 .debug_aranges
                0x00000650      0x140 ./Drivers/STM32H7xx_HAL_Driver/Src/stm32h7xx_hal_pcd.o
 .debug_aranges
                0x00000790       0x60 ./Drivers/STM32H7xx_HAL_Driver/Src/stm32h7xx_hal_pcd_ex.o
 .debug_aranges
                0x000007f0      0x158 ./Drivers/STM32H7xx_HAL_Driver/Src/stm32h7xx_hal_pwr_ex.o
 .debug_aranges
                0x00000948       0x88 ./Drivers/STM32H7xx_HAL_Driver/Src/stm32h7xx_hal_rcc.o
 .debug_aranges
                0x000009d0       0xf8 ./Drivers/STM32H7xx_HAL_Driver/Src/stm32h7xx_hal_rcc_ex.o
 .debug_aranges
                0x00000ac8      0x248 ./Drivers/STM32H7xx_HAL_Driver/Src/stm32h7xx_hal_uart.o
 .debug_aranges
                0x00000d10       0xa8 ./Drivers/STM32H7xx_HAL_Driver/Src/stm32h7xx_hal_uart_ex.o
 .debug_aranges
                0x00000db8      0x1a0 ./Drivers/STM32H7xx_HAL_Driver/Src/stm32h7xx_hal_usart.o
 .debug_aranges
                0x00000f58       0x68 ./Drivers/STM32H7xx_HAL_Driver/Src/stm32h7xx_hal_usart_ex.o
 .debug_aranges
                0x00000fc0      0x1a0 ./Drivers/STM32H7xx_HAL_Driver/Src/stm32h7xx_ll_usb.o
 .debug_aranges
                0x00001160       0x90 ./Middlewares/ST/STM32_USB_Device_Library/Class/CDC/Src/usbd_cdc.o
 .debug_aranges
                0x000011f0       0xd8 ./Middlewares/ST/STM32_USB_Device_Library/Core/Src/usbd_core.o
 .debug_aranges
                0x000012c8       0x90 ./Middlewares/ST/STM32_USB_Device_Library/Core/Src/usbd_ctlreq.o
 .debug_aranges
                0x00001358       0x50 ./Middlewares/ST/STM32_USB_Device_Library/Core/Src/usbd_ioreq.o
 .debug_aranges
                0x000013a8       0x20 ./USB_DEVICE/App/usb_device.o
 .debug_aranges
                0x000013c8       0x48 ./USB_DEVICE/App/usbd_cdc_if.o
 .debug_aranges
                0x00001410       0x60 ./USB_DEVICE/App/usbd_desc.o
 .debug_aranges
                0x00001470      0x110 ./USB_DEVICE/Target/usbd_conf.o

.debug_rnglists
                0x00000000     0x107b
 .debug_rnglists
                0x00000000       0x3c ./Core/Src/main.o
 .debug_rnglists
                0x0000003c       0x3b ./Core/Src/stm32h7xx_hal_msp.o
 .debug_rnglists
                0x00000077       0x49 ./Core/Src/stm32h7xx_it.o
 .debug_rnglists
                0x000000c0       0x1b ./Core/Src/system_stm32h7xx.o
 .debug_rnglists
                0x000000db       0x19 ./Core/Startup/startup_stm32h743zitx.o
 .debug_rnglists
                0x000000f4      0x131 ./Drivers/STM32H7xx_HAL_Driver/Src/stm32h7xx_hal.o
 .debug_rnglists
                0x00000225       0xe0 ./Drivers/STM32H7xx_HAL_Driver/Src/stm32h7xx_hal_cortex.o
 .debug_rnglists
                0x00000305      0x176 ./Drivers/STM32H7xx_HAL_Driver/Src/stm32h7xx_hal_eth.o
 .debug_rnglists
                0x0000047b       0x3f ./Drivers/STM32H7xx_HAL_Driver/Src/stm32h7xx_hal_gpio.o
 .debug_rnglists
                0x000004ba       0xf4 ./Drivers/STM32H7xx_HAL_Driver/Src/stm32h7xx_hal_pcd.o
 .debug_rnglists
                0x000005ae       0x45 ./Drivers/STM32H7xx_HAL_Driver/Src/stm32h7xx_hal_pcd_ex.o
 .debug_rnglists
                0x000005f3      0x103 ./Drivers/STM32H7xx_HAL_Driver/Src/stm32h7xx_hal_pwr_ex.o
 .debug_rnglists
                0x000006f6       0x68 ./Drivers/STM32H7xx_HAL_Driver/Src/stm32h7xx_hal_rcc.o
 .debug_rnglists
                0x0000075e       0xc0 ./Drivers/STM32H7xx_HAL_Driver/Src/stm32h7xx_hal_rcc_ex.o
 .debug_rnglists
                0x0000081e      0x1fa ./Drivers/STM32H7xx_HAL_Driver/Src/stm32h7xx_hal_uart.o
 .debug_rnglists
                0x00000a18       0x7f ./Drivers/STM32H7xx_HAL_Driver/Src/stm32h7xx_hal_uart_ex.o
 .debug_rnglists
                0x00000a97      0x14e ./Drivers/STM32H7xx_HAL_Driver/Src/stm32h7xx_hal_usart.o
 .debug_rnglists
                0x00000be5       0x4b ./Drivers/STM32H7xx_HAL_Driver/Src/stm32h7xx_hal_usart_ex.o
 .debug_rnglists
                0x00000c30      0x147 ./Drivers/STM32H7xx_HAL_Driver/Src/stm32h7xx_ll_usb.o
 .debug_rnglists
                0x00000d77       0x6c ./Middlewares/ST/STM32_USB_Device_Library/Class/CDC/Src/usbd_cdc.o
 .debug_rnglists
                0x00000de3       0xa1 ./Middlewares/ST/STM32_USB_Device_Library/Core/Src/usbd_core.o
 .debug_rnglists
                0x00000e84       0x6e ./Middlewares/ST/STM32_USB_Device_Library/Core/Src/usbd_ctlreq.o
 .debug_rnglists
                0x00000ef2       0x37 ./Middlewares/ST/STM32_USB_Device_Library/Core/Src/usbd_ioreq.o
 .debug_rnglists
                0x00000f29       0x13 ./USB_DEVICE/App/usb_device.o
 .debug_rnglists
                0x00000f3c       0x33 ./USB_DEVICE/App/usbd_cdc_if.o
 .debug_rnglists
                0x00000f6f       0x43 ./USB_DEVICE/App/usbd_desc.o
 .debug_rnglists
                0x00000fb2       0xc9 ./USB_DEVICE/Target/usbd_conf.o

.debug_macro    0x00000000    0x3a78b
 .debug_macro   0x00000000      0x3f8 ./Core/Src/main.o
 .debug_macro   0x000003f8      0xacc ./Core/Src/main.o
 .debug_macro   0x00000ec4      0x244 ./Core/Src/main.o
 .debug_macro   0x00001108       0x2e ./Core/Src/main.o
 .debug_macro   0x00001136       0x3b ./Core/Src/main.o
 .debug_macro   0x00001171       0x22 ./Core/Src/main.o
 .debug_macro   0x00001193       0x8e ./Core/Src/main.o
 .debug_macro   0x00001221       0x51 ./Core/Src/main.o
 .debug_macro   0x00001272      0x103 ./Core/Src/main.o
 .debug_macro   0x00001375       0x6a ./Core/Src/main.o
 .debug_macro   0x000013df      0x1df ./Core/Src/main.o
 .debug_macro   0x000015be       0x1c ./Core/Src/main.o
 .debug_macro   0x000015da       0x22 ./Core/Src/main.o
 .debug_macro   0x000015fc       0xfb ./Core/Src/main.o
 .debug_macro   0x000016f7     0x1305 ./Core/Src/main.o
 .debug_macro   0x000029fc      0x11f ./Core/Src/main.o
 .debug_macro   0x00002b1b       0x27 ./Core/Src/main.o
 .debug_macro   0x00002b42    0x258f9 ./Core/Src/main.o
 .debug_macro   0x0002843b       0x6d ./Core/Src/main.o
 .debug_macro   0x000284a8     0x3d79 ./Core/Src/main.o
 .debug_macro   0x0002c221      0x189 ./Core/Src/main.o
 .debug_macro   0x0002c3aa       0x61 ./Core/Src/main.o
 .debug_macro   0x0002c40b       0x29 ./Core/Src/main.o
 .debug_macro   0x0002c434       0x43 ./Core/Src/main.o
 .debug_macro   0x0002c477       0x34 ./Core/Src/main.o
 .debug_macro   0x0002c4ab       0x16 ./Core/Src/main.o
 .debug_macro   0x0002c4c1       0x43 ./Core/Src/main.o
 .debug_macro   0x0002c504       0x34 ./Core/Src/main.o
 .debug_macro   0x0002c538       0x10 ./Core/Src/main.o
 .debug_macro   0x0002c548       0x58 ./Core/Src/main.o
 .debug_macro   0x0002c5a0       0x8e ./Core/Src/main.o
 .debug_macro   0x0002c62e       0x1c ./Core/Src/main.o
 .debug_macro   0x0002c64a      0x177 ./Core/Src/main.o
 .debug_macro   0x0002c7c1      0x369 ./Core/Src/main.o
 .debug_macro   0x0002cb2a      0x19b ./Core/Src/main.o
 .debug_macro   0x0002ccc5       0x5d ./Core/Src/main.o
 .debug_macro   0x0002cd22     0x2382 ./Core/Src/main.o
 .debug_macro   0x0002f0a4     0x102c ./Core/Src/main.o
 .debug_macro   0x000300d0      0x154 ./Core/Src/main.o
 .debug_macro   0x00030224      0x114 ./Core/Src/main.o
 .debug_macro   0x00030338      0x3b6 ./Core/Src/main.o
 .debug_macro   0x000306ee       0xac ./Core/Src/main.o
 .debug_macro   0x0003079a      0x72d ./Core/Src/main.o
 .debug_macro   0x00030ec7      0x228 ./Core/Src/main.o
 .debug_macro   0x000310ef       0x66 ./Core/Src/main.o
 .debug_macro   0x00031155      0x3bb ./Core/Src/main.o
 .debug_macro   0x00031510      0xa80 ./Core/Src/main.o
 .debug_macro   0x00031f90      0x129 ./Core/Src/main.o
 .debug_macro   0x000320b9      0x3e4 ./Core/Src/main.o
 .debug_macro   0x0003249d      0x275 ./Core/Src/main.o
 .debug_macro   0x00032712      0x3ca ./Core/Src/main.o
 .debug_macro   0x00032adc      0x408 ./Core/Src/main.o
 .debug_macro   0x00032ee4       0x51 ./Core/Src/main.o
 .debug_macro   0x00032f35       0x4a ./Core/Src/main.o
 .debug_macro   0x00032f7f      0x22c ./Core/Src/main.o
 .debug_macro   0x000331ab       0x67 ./Core/Src/main.o
 .debug_macro   0x00033212       0xa5 ./Core/Src/main.o
 .debug_macro   0x000332b7      0x1c4 ./Core/Src/main.o
 .debug_macro   0x0003347b      0x25e ./Core/Src/main.o
 .debug_macro   0x000336d9       0x35 ./Core/Src/main.o
 .debug_macro   0x0003370e      0x693 ./Core/Src/main.o
 .debug_macro   0x00033da1       0xa6 ./Core/Src/main.o
 .debug_macro   0x00033e47      0x359 ./Core/Src/main.o
 .debug_macro   0x000341a0       0xb9 ./Core/Src/main.o
 .debug_macro   0x00034259      0x293 ./Core/Src/main.o
 .debug_macro   0x000344ec       0x90 ./Core/Src/main.o
 .debug_macro   0x0003457c      0x5a0 ./Core/Src/main.o
 .debug_macro   0x00034b1c       0x64 ./Core/Src/main.o
 .debug_macro   0x00034b80       0x16 ./Core/Src/main.o
 .debug_macro   0x00034b96       0x35 ./Core/Src/main.o
 .debug_macro   0x00034bcb       0x20 ./Core/Src/main.o
 .debug_macro   0x00034beb       0x1c ./Core/Src/main.o
 .debug_macro   0x00034c07       0x10 ./Core/Src/main.o
 .debug_macro   0x00034c17       0x1c ./Core/Src/main.o
 .debug_macro   0x00034c33       0x16 ./Core/Src/main.o
 .debug_macro   0x00034c49      0x146 ./Core/Src/main.o
 .debug_macro   0x00034d8f       0x16 ./Core/Src/main.o
 .debug_macro   0x00034da5       0x16 ./Core/Src/main.o
 .debug_macro   0x00034dbb       0x29 ./Core/Src/main.o
 .debug_macro   0x00034de4       0x65 ./Core/Src/main.o
 .debug_macro   0x00034e49      0x20f ./Core/Src/main.o
 .debug_macro   0x00035058       0x95 ./Core/Src/main.o
 .debug_macro   0x000350ed       0x10 ./Core/Src/main.o
 .debug_macro   0x000350fd      0x2ee ./Core/Src/stm32h7xx_hal_msp.o
 .debug_macro   0x000353eb      0x2f8 ./Core/Src/stm32h7xx_it.o
 .debug_macro   0x000356e3      0x2df ./Core/Src/system_stm32h7xx.o
 .debug_macro   0x000359c2      0x309 ./Drivers/STM32H7xx_HAL_Driver/Src/stm32h7xx_hal.o
 .debug_macro   0x00035ccb      0x2df ./Drivers/STM32H7xx_HAL_Driver/Src/stm32h7xx_hal_cortex.o
 .debug_macro   0x00035faa      0x373 ./Drivers/STM32H7xx_HAL_Driver/Src/stm32h7xx_hal_eth.o
 .debug_macro   0x0003631d      0x2e6 ./Drivers/STM32H7xx_HAL_Driver/Src/stm32h7xx_hal_gpio.o
 .debug_macro   0x00036603      0x2eb ./Drivers/STM32H7xx_HAL_Driver/Src/stm32h7xx_hal_pcd.o
 .debug_macro   0x000368ee      0x2df ./Drivers/STM32H7xx_HAL_Driver/Src/stm32h7xx_hal_pcd_ex.o
 .debug_macro   0x00036bcd      0x318 ./Drivers/STM32H7xx_HAL_Driver/Src/stm32h7xx_hal_pwr_ex.o
 .debug_macro   0x00036ee5      0x303 ./Drivers/STM32H7xx_HAL_Driver/Src/stm32h7xx_hal_rcc.o
 .debug_macro   0x000371e8      0x2fd ./Drivers/STM32H7xx_HAL_Driver/Src/stm32h7xx_hal_rcc_ex.o
 .debug_macro   0x000374e5      0x30a ./Drivers/STM32H7xx_HAL_Driver/Src/stm32h7xx_hal_uart.o
 .debug_macro   0x000377ef      0x2eb ./Drivers/STM32H7xx_HAL_Driver/Src/stm32h7xx_hal_uart_ex.o
 .debug_macro   0x00037ada      0x311 ./Drivers/STM32H7xx_HAL_Driver/Src/stm32h7xx_hal_usart.o
 .debug_macro   0x00037deb      0x2eb ./Drivers/STM32H7xx_HAL_Driver/Src/stm32h7xx_hal_usart_ex.o
 .debug_macro   0x000380d6      0x2df ./Drivers/STM32H7xx_HAL_Driver/Src/stm32h7xx_ll_usb.o
 .debug_macro   0x000383b5      0x3e5 ./Middlewares/ST/STM32_USB_Device_Library/Class/CDC/Src/usbd_cdc.o
 .debug_macro   0x0003879a       0x16 ./Middlewares/ST/STM32_USB_Device_Library/Class/CDC/Src/usbd_cdc.o
 .debug_macro   0x000387b0       0x9e ./Middlewares/ST/STM32_USB_Device_Library/Class/CDC/Src/usbd_cdc.o
 .debug_macro   0x0003884e      0x10b ./Middlewares/ST/STM32_USB_Device_Library/Class/CDC/Src/usbd_cdc.o
 .debug_macro   0x00038959       0x16 ./Middlewares/ST/STM32_USB_Device_Library/Class/CDC/Src/usbd_cdc.o
 .debug_macro   0x0003896f      0x3cc ./Middlewares/ST/STM32_USB_Device_Library/Core/Src/usbd_core.o
 .debug_macro   0x00038d3b      0x215 ./Middlewares/ST/STM32_USB_Device_Library/Core/Src/usbd_core.o
 .debug_macro   0x00038f50      0x3d6 ./Middlewares/ST/STM32_USB_Device_Library/Core/Src/usbd_ctlreq.o
 .debug_macro   0x00039326      0x3d2 ./Middlewares/ST/STM32_USB_Device_Library/Core/Src/usbd_ioreq.o
 .debug_macro   0x000396f8      0x3f9 ./USB_DEVICE/App/usb_device.o
 .debug_macro   0x00039af1       0x6a ./USB_DEVICE/App/usb_device.o
 .debug_macro   0x00039b5b       0x22 ./USB_DEVICE/App/usb_device.o
 .debug_macro   0x00039b7d       0x16 ./USB_DEVICE/App/usb_device.o
 .debug_macro   0x00039b93      0x3f0 ./USB_DEVICE/App/usbd_cdc_if.o
 .debug_macro   0x00039f83      0x40f ./USB_DEVICE/App/usbd_desc.o
 .debug_macro   0x0003a392       0x1c ./USB_DEVICE/App/usbd_desc.o
 .debug_macro   0x0003a3ae      0x3dd ./USB_DEVICE/Target/usbd_conf.o

.debug_line     0x00000000    0x1ecb4
 .debug_line    0x00000000      0xd0f ./Core/Src/main.o
 .debug_line    0x00000d0f      0xabd ./Core/Src/stm32h7xx_hal_msp.o
 .debug_line    0x000017cc      0xa3b ./Core/Src/stm32h7xx_it.o
 .debug_line    0x00002207      0xb1c ./Core/Src/system_stm32h7xx.o
 .debug_line    0x00002d23       0x7a ./Core/Startup/startup_stm32h743zitx.o
 .debug_line    0x00002d9d      0xf11 ./Drivers/STM32H7xx_HAL_Driver/Src/stm32h7xx_hal.o
 .debug_line    0x00003cae      0xf40 ./Drivers/STM32H7xx_HAL_Driver/Src/stm32h7xx_hal_cortex.o
 .debug_line    0x00004bee     0x1caa ./Drivers/STM32H7xx_HAL_Driver/Src/stm32h7xx_hal_eth.o
 .debug_line    0x00006898      0xde9 ./Drivers/STM32H7xx_HAL_Driver/Src/stm32h7xx_hal_gpio.o
 .debug_line    0x00007681     0x172c ./Drivers/STM32H7xx_HAL_Driver/Src/stm32h7xx_hal_pcd.o
 .debug_line    0x00008dad      0xb6e ./Drivers/STM32H7xx_HAL_Driver/Src/stm32h7xx_hal_pcd_ex.o
 .debug_line    0x0000991b     0x1034 ./Drivers/STM32H7xx_HAL_Driver/Src/stm32h7xx_hal_pwr_ex.o
 .debug_line    0x0000a94f     0x14e1 ./Drivers/STM32H7xx_HAL_Driver/Src/stm32h7xx_hal_rcc.o
 .debug_line    0x0000be30     0x1df9 ./Drivers/STM32H7xx_HAL_Driver/Src/stm32h7xx_hal_rcc_ex.o
 .debug_line    0x0000dc29     0x3f9f ./Drivers/STM32H7xx_HAL_Driver/Src/stm32h7xx_hal_uart.o
 .debug_line    0x00011bc8      0xfaf ./Drivers/STM32H7xx_HAL_Driver/Src/stm32h7xx_hal_uart_ex.o
 .debug_line    0x00012b77     0x25a5 ./Drivers/STM32H7xx_HAL_Driver/Src/stm32h7xx_hal_usart.o
 .debug_line    0x0001511c      0xcc0 ./Drivers/STM32H7xx_HAL_Driver/Src/stm32h7xx_hal_usart_ex.o
 .debug_line    0x00015ddc     0x1ff2 ./Drivers/STM32H7xx_HAL_Driver/Src/stm32h7xx_ll_usb.o
 .debug_line    0x00017dce      0xfb5 ./Middlewares/ST/STM32_USB_Device_Library/Class/CDC/Src/usbd_cdc.o
 .debug_line    0x00018d83     0x102f ./Middlewares/ST/STM32_USB_Device_Library/Core/Src/usbd_core.o
 .debug_line    0x00019db2     0x125c ./Middlewares/ST/STM32_USB_Device_Library/Core/Src/usbd_ctlreq.o
 .debug_line    0x0001b00e      0xb49 ./Middlewares/ST/STM32_USB_Device_Library/Core/Src/usbd_ioreq.o
 .debug_line    0x0001bb57      0xb08 ./USB_DEVICE/App/usb_device.o
 .debug_line    0x0001c65f      0xb82 ./USB_DEVICE/App/usbd_cdc_if.o
 .debug_line    0x0001d1e1      0xbce ./USB_DEVICE/App/usbd_desc.o
 .debug_line    0x0001ddaf      0xf05 ./USB_DEVICE/Target/usbd_conf.o

.debug_str      0x00000000   0x16439f
 .debug_str     0x00000000   0x15d134 ./Core/Src/main.o
                             0x15d737 (size before relaxing)
 .debug_str     0x0015d134      0x3d5 ./Core/Src/stm32h7xx_hal_msp.o
                             0x15c0a7 (size before relaxing)
 .debug_str     0x0015d509      0x4a5 ./Core/Src/stm32h7xx_it.o
                             0x15af2e (size before relaxing)
 .debug_str     0x0015d9ae      0x330 ./Core/Src/system_stm32h7xx.o
                             0x15adff (size before relaxing)