Archive member included to satisfy reference by file (symbol)

c:/program files (x86)/atollic/truestudio for stm32 9.3.0/armtools/bin/../lib/gcc/arm-atollic-eabi/6.3.1/../../../../arm-atollic-eabi/lib/armv7e-m/fpu/fpv5-d16\libc_nano.a(lib_a-errno.o)
                              Core\Src\syscalls.o (__errno)
c:/program files (x86)/atollic/truestudio for stm32 9.3.0/armtools/bin/../lib/gcc/arm-atollic-eabi/6.3.1/../../../../arm-atollic-eabi/lib/armv7e-m/fpu/fpv5-d16\libc_nano.a(lib_a-impure.o)
                              c:/program files (x86)/atollic/truestudio for stm32 9.3.0/armtools/bin/../lib/gcc/arm-atollic-eabi/6.3.1/../../../../arm-atollic-eabi/lib/armv7e-m/fpu/fpv5-d16\libc_nano.a(lib_a-errno.o) (_impure_ptr)
c:/program files (x86)/atollic/truestudio for stm32 9.3.0/armtools/bin/../lib/gcc/arm-atollic-eabi/6.3.1/../../../../arm-atollic-eabi/lib/armv7e-m/fpu/fpv5-d16\libc_nano.a(lib_a-init.o)
                              startup\startup_stm32h743xx.o (__libc_init_array)
c:/program files (x86)/atollic/truestudio for stm32 9.3.0/armtools/bin/../lib/gcc/arm-atollic-eabi/6.3.1/../../../../arm-atollic-eabi/lib/armv7e-m/fpu/fpv5-d16\libc_nano.a(lib_a-memset.o)
                              Core\Src\main.o (memset)
c:/program files (x86)/atollic/truestudio for stm32 9.3.0/armtools/bin/../lib/gcc/arm-atollic-eabi/6.3.1/armv7e-m/fpu/fpv5-d16\libgcc.a(_aeabi_uldivmod.o)
                              Drivers\STM32H7xx_HAL_Driver\Src\stm32h7xx_hal_uart.o (__aeabi_uldivmod)
c:/program files (x86)/atollic/truestudio for stm32 9.3.0/armtools/bin/../lib/gcc/arm-atollic-eabi/6.3.1/armv7e-m/fpu/fpv5-d16\libgcc.a(_udivmoddi4.o)
                              c:/program files (x86)/atollic/truestudio for stm32 9.3.0/armtools/bin/../lib/gcc/arm-atollic-eabi/6.3.1/armv7e-m/fpu/fpv5-d16\libgcc.a(_aeabi_uldivmod.o) (__udivmoddi4)
c:/program files (x86)/atollic/truestudio for stm32 9.3.0/armtools/bin/../lib/gcc/arm-atollic-eabi/6.3.1/armv7e-m/fpu/fpv5-d16\libgcc.a(_dvmd_tls.o)
                              c:/program files (x86)/atollic/truestudio for stm32 9.3.0/armtools/bin/../lib/gcc/arm-atollic-eabi/6.3.1/armv7e-m/fpu/fpv5-d16\libgcc.a(_aeabi_uldivmod.o) (__aeabi_ldiv0)

Allocating common symbols
Common symbol       size              file

huart3              0x90              Core\Src\main.o
uwTick              0x4               Drivers\STM32H7xx_HAL_Driver\Src\stm32h7xx_hal.o
hdma_usart3_tx      0x78              Core\Src\main.o
pFlash              0x1c              Drivers\STM32H7xx_HAL_Driver\Src\stm32h7xx_hal_flash.o
heth                0xb0              Core\Src\main.o
TxConfig            0x38              Core\Src\main.o

Discarded input sections

 .text          0x00000000        0x0 c:/program files (x86)/atollic/truestudio for stm32 9.3.0/armtools/bin/../lib/gcc/arm-atollic-eabi/6.3.1/armv7e-m/fpu/fpv5-d16/crti.o
 .data          0x00000000        0x0 c:/program files (x86)/atollic/truestudio for stm32 9.3.0/armtools/bin/../lib/gcc/arm-atollic-eabi/6.3.1/armv7e-m/fpu/fpv5-d16/crti.o
 .bss           0x00000000        0x0 c:/program files (x86)/atollic/truestudio for stm32 9.3.0/armtools/bin/../lib/gcc/arm-atollic-eabi/6.3.1/armv7e-m/fpu/fpv5-d16/crti.o
 .data          0x00000000        0x4 c:/program files (x86)/atollic/truestudio for stm32 9.3.0/armtools/bin/../lib/gcc/arm-atollic-eabi/6.3.1/armv7e-m/fpu/fpv5-d16/crtbegin.o
 .text          0x00000000        0x0 Core\Src\main.o
 .data          0x00000000        0x0 Core\Src\main.o
 .bss           0x00000000        0x0 Core\Src\main.o
 .RxArraySection
                0x00000000     0x17e0 Core\Src\main.o
 .text          0x00000000        0x0 Core\Src\stm32h7xx_hal_msp.o
 .data          0x00000000        0x0 Core\Src\stm32h7xx_hal_msp.o
 .bss           0x00000000        0x0 Core\Src\stm32h7xx_hal_msp.o
 .text.HAL_ETH_MspDeInit
                0x00000000       0x88 Core\Src\stm32h7xx_hal_msp.o
 .text.HAL_UART_MspDeInit
                0x00000000       0x50 Core\Src\stm32h7xx_hal_msp.o
 .text          0x00000000        0x0 Core\Src\stm32h7xx_it.o
 .data          0x00000000        0x0 Core\Src\stm32h7xx_it.o
 .bss           0x00000000        0x0 Core\Src\stm32h7xx_it.o
 .text          0x00000000        0x0 Core\Src\syscalls.o
 .data          0x00000000        0x0 Core\Src\syscalls.o
 .bss           0x00000000        0x0 Core\Src\syscalls.o
 .bss.__env     0x00000000        0x4 Core\Src\syscalls.o
 .data.environ  0x00000000        0x4 Core\Src\syscalls.o
 .text.initialise_monitor_handles
                0x00000000        0xe Core\Src\syscalls.o
 .text._getpid  0x00000000       0x10 Core\Src\syscalls.o
 .text._kill    0x00000000       0x20 Core\Src\syscalls.o
 .text._exit    0x00000000       0x14 Core\Src\syscalls.o
 .text._read    0x00000000       0x3a Core\Src\syscalls.o
 .text._write   0x00000000       0x38 Core\Src\syscalls.o
 .bss.heap_end.7010
                0x00000000        0x4 Core\Src\syscalls.o
 .text._sbrk    0x00000000       0x58 Core\Src\syscalls.o
[...]
Memory Configuration

Name             Origin             Length             Attributes
DTCMRAM          0x20000000         0x00020000         xrw
RAM_D1           0x24000000         0x00080000         xrw
RAM_D2           0x30000000         0x00048000         xrw
RAM_D3           0x38000000         0x00010000         xrw
ITCMRAM          0x00000000         0x00010000         xrw
FLASH            0x08000000         0x00200000         xr
*default*        0x00000000         0xffffffff

Linker script and memory map

LOAD c:/program files (x86)/atollic/truestudio for stm32 9.3.0/armtools/bin/../lib/gcc/arm-atollic-eabi/6.3.1/armv7e-m/fpu/fpv5-d16/crti.o
LOAD c:/program files (x86)/atollic/truestudio for stm32 9.3.0/armtools/bin/../lib/gcc/arm-atollic-eabi/6.3.1/armv7e-m/fpu/fpv5-d16/crtbegin.o
LOAD Core\Src\main.o
LOAD Core\Src\stm32h7xx_hal_msp.o
LOAD Core\Src\stm32h7xx_it.o
LOAD Core\Src\syscalls.o
LOAD Core\Src\system_stm32h7xx.o
LOAD Drivers\STM32H7xx_HAL_Driver\Src\stm32h7xx_hal.o
LOAD Drivers\STM32H7xx_HAL_Driver\Src\stm32h7xx_hal_cortex.o
LOAD Drivers\STM32H7xx_HAL_Driver\Src\stm32h7xx_hal_dma.o
LOAD Drivers\STM32H7xx_HAL_Driver\Src\stm32h7xx_hal_dma_ex.o
LOAD Drivers\STM32H7xx_HAL_Driver\Src\stm32h7xx_hal_eth.o
LOAD Drivers\STM32H7xx_HAL_Driver\Src\stm32h7xx_hal_eth_ex.o
LOAD Drivers\STM32H7xx_HAL_Driver\Src\stm32h7xx_hal_exti.o
LOAD Drivers\STM32H7xx_HAL_Driver\Src\stm32h7xx_hal_flash.o
LOAD Drivers\STM32H7xx_HAL_Driver\Src\stm32h7xx_hal_flash_ex.o
LOAD Drivers\STM32H7xx_HAL_Driver\Src\stm32h7xx_hal_gpio.o
LOAD Drivers\STM32H7xx_HAL_Driver\Src\stm32h7xx_hal_hsem.o
LOAD Drivers\STM32H7xx_HAL_Driver\Src\stm32h7xx_hal_i2c.o
LOAD Drivers\STM32H7xx_HAL_Driver\Src\stm32h7xx_hal_i2c_ex.o
LOAD Drivers\STM32H7xx_HAL_Driver\Src\stm32h7xx_hal_mdma.o
LOAD Drivers\STM32H7xx_HAL_Driver\Src\stm32h7xx_hal_pwr.o
LOAD Drivers\STM32H7xx_HAL_Driver\Src\stm32h7xx_hal_pwr_ex.o
LOAD Drivers\STM32H7xx_HAL_Driver\Src\stm32h7xx_hal_rcc.o
LOAD Drivers\STM32H7xx_HAL_Driver\Src\stm32h7xx_hal_rcc_ex.o
LOAD Drivers\STM32H7xx_HAL_Driver\Src\stm32h7xx_hal_tim.o
LOAD Drivers\STM32H7xx_HAL_Driver\Src\stm32h7xx_hal_tim_ex.o
LOAD Drivers\STM32H7xx_HAL_Driver\Src\stm32h7xx_hal_uart.o
LOAD Drivers\STM32H7xx_HAL_Driver\Src\stm32h7xx_hal_uart_ex.o
LOAD startup\startup_stm32h743xx.o
                0x00000080                malloc_getpagesize_P = 0x80
START GROUP
LOAD c:/program files (x86)/atollic/truestudio for stm32 9.3.0/armtools/bin/../lib/gcc/arm-atollic-eabi/6.3.1/../../../../arm-atollic-eabi/lib/armv7e-m/fpu/fpv5-d16\libc_nano.a
LOAD c:/program files (x86)/atollic/truestudio for stm32 9.3.0/armtools/bin/../lib/gcc/arm-atollic-eabi/6.3.1/../../../../arm-atollic-eabi/lib/armv7e-m/fpu/fpv5-d16\libm.a
END GROUP
START GROUP
LOAD c:/program files (x86)/atollic/truestudio for stm32 9.3.0/armtools/bin/../lib/gcc/arm-atollic-eabi/6.3.1/armv7e-m/fpu/fpv5-d16\libgcc.a
LOAD c:/program files (x86)/atollic/truestudio for stm32 9.3.0/armtools/bin/../lib/gcc/arm-atollic-eabi/6.3.1/../../../../arm-atollic-eabi/lib/armv7e-m/fpu/fpv5-d16\libc_nano.a
END GROUP
START GROUP
LOAD c:/program files (x86)/atollic/truestudio for stm32 9.3.0/armtools/bin/../lib/gcc/arm-atollic-eabi/6.3.1/armv7e-m/fpu/fpv5-d16\libgcc.a
LOAD c:/program files (x86)/atollic/truestudio for stm32 9.3.0/armtools/bin/../lib/gcc/arm-atollic-eabi/6.3.1/../../../../arm-atollic-eabi/lib/armv7e-m/fpu/fpv5-d16\libc_nano.a
LOAD c:/program files (x86)/atollic/truestudio for stm32 9.3.0/armtools/bin/../lib/gcc/arm-atollic-eabi/6.3.1/../../../../arm-atollic-eabi/lib/armv7e-m/fpu/fpv5-d16\libnosys.a
END GROUP
START GROUP
LOAD c:/program files (x86)/atollic/truestudio for stm32 9.3.0/armtools/bin/../lib/gcc/arm-atollic-eabi/6.3.1/armv7e-m/fpu/fpv5-d16\libgcc.a
LOAD c:/program files (x86)/atollic/truestudio for stm32 9.3.0/armtools/bin/../lib/gcc/arm-atollic-eabi/6.3.1/../../../../arm-atollic-eabi/lib/armv7e-m/fpu/fpv5-d16\libc_nano.a
LOAD c:/program files (x86)/atollic/truestudio for stm32 9.3.0/armtools/bin/../lib/gcc/arm-atollic-eabi/6.3.1/../../../../arm-atollic-eabi/lib/armv7e-m/fpu/fpv5-d16\libnosys.a
END GROUP
LOAD c:/program files (x86)/atollic/truestudio for stm32 9.3.0/armtools/bin/../lib/gcc/arm-atollic-eabi/6.3.1/armv7e-m/fpu/fpv5-d16/crtend.o
LOAD c:/program files (x86)/atollic/truestudio for stm32 9.3.0/armtools/bin/../lib/gcc/arm-atollic-eabi/6.3.1/armv7e-m/fpu/fpv5-d16/crtn.o
                0x20020000                _estack = (ORIGIN (DTCMRAM) + LENGTH (DTCMRAM))
                0x00000200                _Min_Heap_Size = 0x200
                0x00000400                _Min_Stack_Size = 0x400

.isr_vector     0x08000000      0x298
                0x08000000                . = ALIGN (0x4)
 *(.isr_vector)
 .isr_vector    0x08000000      0x298 startup\startup_stm32h743xx.o
                0x08000000                g_pfnVectors
                0x08000298                . = ALIGN (0x4)

.text           0x08000298     0x8da0
                0x08000298                . = ALIGN (0x4)
 *(.text)
 .text          0x08000298       0x40 c:/program files (x86)/atollic/truestudio for stm32 9.3.0/armtools/bin/../lib/gcc/arm-atollic-eabi/6.3.1/armv7e-m/fpu/fpv5-d16/crtbegin.o
 .text          0x080002d8       0x30 c:/program files (x86)/atollic/truestudio for stm32 9.3.0/armtools/bin/../lib/gcc/arm-atollic-eabi/6.3.1/armv7e-m/fpu/fpv5-d16\libgcc.a(_aeabi_uldivmod.o)
                0x080002d8                __aeabi_uldivmod
 .text          0x08000308      0x2dc c:/program files (x86)/atollic/truestudio for stm32 9.3.0/armtools/bin/../lib/gcc/arm-atollic-eabi/6.3.1/armv7e-m/fpu/fpv5-d16\libgcc.a(_udivmoddi4.o)
                0x08000308                __udivmoddi4
 .text          0x080005e4        0x4 c:/program files (x86)/atollic/truestudio for stm32 9.3.0/armtools/bin/../lib/gcc/arm-atollic-eabi/6.3.1/armv7e-m/fpu/fpv5-d16\libgcc.a(_dvmd_tls.o)
                0x080005e4                __aeabi_idiv0
                0x080005e4                __aeabi_ldiv0
 *(.text*)
 .text.main     0x080005e8       0x3c Core\Src\main.o
                0x080005e8                main
 .text.SystemClock_Config
                0x08000624       0xd4 Core\Src\main.o
                0x08000624                SystemClock_Config
 .text.MX_ETH_Init
                0x080006f8       0x98 Core\Src\main.o
 .text.MX_USART3_UART_Init
                0x08000790       0x98 Core\Src\main.o
 .text.MX_DMA_Init
                0x08000828       0x40 Core\Src\main.o
 .text.MX_GPIO_Init
                0x08000868      0x1dc Core\Src\main.o
 .text.MPU_Config
                0x08000a44       0x5a Core\Src\main.o
 .text.Error_Handler
                0x08000a9e        0x8 Core\Src\main.o
                0x08000a9e                Error_Handler
 *fill*         0x08000aa6        0x2 
 .text.HAL_MspInit
                0x08000aa8       0x34 Core\Src\stm32h7xx_hal_msp.o
                0x08000aa8                HAL_MspInit
 .text.HAL_ETH_MspInit
                0x08000adc      0x19c Core\Src\stm32h7xx_hal_msp.o
                0x08000adc                HAL_ETH_MspInit
 .text.HAL_UART_MspInit
                0x08000c78      0x140 Core\Src\stm32h7xx_hal_msp.o
                0x08000c78                HAL_UART_MspInit
 .text.NMI_Handler
                0x08000db8        0x6 Core\Src\stm32h7xx_it.o
                0x08000db8                NMI_Handler
 .text.HardFault_Handler
                0x08000dbe        0x6 Core\Src\stm32h7xx_it.o
                0x08000dbe                HardFault_Handler
 .text.MemManage_Handler
                0x08000dc4        0x6 Core\Src\stm32h7xx_it.o
                0x08000dc4                MemManage_Handler
 .text.BusFault_Handler
                0x08000dca        0x6 Core\Src\stm32h7xx_it.o
                0x08000dca                BusFault_Handler
 .text.UsageFault_Handler
                0x08000dd0        0x6 Core\Src\stm32h7xx_it.o
                0x08000dd0                UsageFault_Handler
 .text.SVC_Handler
                0x08000dd6        0xe Core\Src\stm32h7xx_it.o
                0x08000dd6                SVC_Handler
 .text.DebugMon_Handler
                0x08000de4        0xe Core\Src\stm32h7xx_it.o
                0x08000de4                DebugMon_Handler
 .text.PendSV_Handler
                0x08000df2        0xe Core\Src\stm32h7xx_it.o
                0x08000df2                PendSV_Handler
 .text.SysTick_Handler
                0x08000e00        0xc Core\Src\stm32h7xx_it.o
                0x08000e00                SysTick_Handler
 .text.DMA1_Stream4_IRQHandler
                0x08000e0c       0x14 Core\Src\stm32h7xx_it.o
                0x08000e0c                DMA1_Stream4_IRQHandler
 .text.USART3_IRQHandler
                0x08000e20       0x14 Core\Src\stm32h7xx_it.o
                0x08000e20                USART3_IRQHandler
 .text.SystemInit
                0x08000e34      0x110 Core\Src\system_stm32h7xx.o
                0x08000e34                SystemInit
 .text.HAL_Init
                0x08000f44       0x78 Drivers\STM32H7xx_HAL_Driver\Src\stm32h7xx_hal.o
                0x08000f44                HAL_Init
 .text.HAL_InitTick
                0x08000fbc       0x6c Drivers\STM32H7xx_HAL_Driver\Src\stm32h7xx_hal.o
                0x08000fbc                HAL_InitTick
 .text.HAL_IncTick
                0x08001028       0x28 Drivers\STM32H7xx_HAL_Driver\Src\stm32h7xx_hal.o
                0x08001028                HAL_IncTick
 .text.HAL_GetTick
                0x08001050       0x18 Drivers\STM32H7xx_HAL_Driver\Src\stm32h7xx_hal.o
                0x08001050                HAL_GetTick
 .text.HAL_Delay
                0x08001068       0x44 Drivers\STM32H7xx_HAL_Driver\Src\stm32h7xx_hal.o
                0x08001068                HAL_Delay
 .text.HAL_GetREVID
                0x080010ac       0x18 Drivers\STM32H7xx_HAL_Driver\Src\stm32h7xx_hal.o
                0x080010ac                HAL_GetREVID
 .text.HAL_SYSCFG_ETHInterfaceSelect
                0x080010c4       0x28 Drivers\STM32H7xx_HAL_Driver\Src\stm32h7xx_hal.o
                0x080010c4                HAL_SYSCFG_ETHInterfaceSelect
 .text.__NVIC_SetPriorityGrouping
                0x080010ec       0x48 Drivers\STM32H7xx_HAL_Driver\Src\stm32h7xx_hal_cortex.o
 .text.__NVIC_GetPriorityGrouping
                0x08001134       0x1c Drivers\STM32H7xx_HAL_Driver\Src\stm32h7xx_hal_cortex.o
 .text.__NVIC_EnableIRQ
                0x08001150       0x3c Drivers\STM32H7xx_HAL_Driver\Src\stm32h7xx_hal_cortex.o
 .text.__NVIC_SetPriority
                0x0800118c       0x54 Drivers\STM32H7xx_HAL_Driver\Src\stm32h7xx_hal_cortex.o
 .text.NVIC_EncodePriority
                0x080011e0       0x62 Drivers\STM32H7xx_HAL_Driver\Src\stm32h7xx_hal_cortex.o
 *fill*         0x08001242        0x2 
 .text.SysTick_Config
                0x08001244       0x44 Drivers\STM32H7xx_HAL_Driver\Src\stm32h7xx_hal_cortex.o
 .text.HAL_NVIC_SetPriorityGrouping
                0x08001288       0x16 Drivers\STM32H7xx_HAL_Driver\Src\stm32h7xx_hal_cortex.o
                0x08001288                HAL_NVIC_SetPriorityGrouping
 .text.HAL_NVIC_SetPriority
                0x0800129e       0x34 Drivers\STM32H7xx_HAL_Driver\Src\stm32h7xx_hal_cortex.o
                0x0800129e                HAL_NVIC_SetPriority
 .text.HAL_NVIC_EnableIRQ
                0x080012d2       0x1c Drivers\STM32H7xx_HAL_Driver\Src\stm32h7xx_hal_cortex.o
                0x080012d2                HAL_NVIC_EnableIRQ
 .text.HAL_SYSTICK_Config
                0x080012ee       0x18 Drivers\STM32H7xx_HAL_Driver\Src\stm32h7xx_hal_cortex.o
                0x080012ee                HAL_SYSTICK_Config
 *fill*         0x08001306        0x2 
 .text.HAL_MPU_Disable
                0x08001308       0x2c Drivers\STM32H7xx_HAL_Driver\Src\stm32h7xx_hal_cortex.o
                0x08001308                HAL_MPU_Disable
 .text.HAL_MPU_Enable
                0x08001334       0x3c Drivers\STM32H7xx_HAL_Driver\Src\stm32h7xx_hal_cortex.o
                0x08001334                HAL_MPU_Enable
 .text.HAL_MPU_ConfigRegion
                0x08001370       0x88 Drivers\STM32H7xx_HAL_Driver\Src\stm32h7xx_hal_cortex.o
                0x08001370                HAL_MPU_ConfigRegion
 .text.HAL_DMA_Init
                0x080013f8      0x6b8 Drivers\STM32H7xx_HAL_Driver\Src\stm32h7xx_hal_dma.o
                0x080013f8                HAL_DMA_Init
 .text.HAL_DMA_Start_IT
                0x08001ab0      0x4d4 Drivers\STM32H7xx_HAL_Driver\Src\stm32h7xx_hal_dma.o
                0x08001ab0                HAL_DMA_Start_IT
 .text.HAL_DMA_Abort
                0x08001f84      0x63c Drivers\STM32H7xx_HAL_Driver\Src\stm32h7xx_hal_dma.o
                0x08001f84                HAL_DMA_Abort
 .text.HAL_DMA_Abort_IT
                0x080025c0      0x488 Drivers\STM32H7xx_HAL_Driver\Src\stm32h7xx_hal_dma.o
                0x080025c0                HAL_DMA_Abort_IT
 .text.HAL_DMA_IRQHandler
                0x08002a48      0xe54 Drivers\STM32H7xx_HAL_Driver\Src\stm32h7xx_hal_dma.o
                0x08002a48                HAL_DMA_IRQHandler
 .text.DMA_SetConfig
                0x0800389c      0x358 Drivers\STM32H7xx_HAL_Driver\Src\stm32h7xx_hal_dma.o
 .text.DMA_CalcBaseAndBitshift
                0x08003bf4      0x164 Drivers\STM32H7xx_HAL_Driver\Src\stm32h7xx_hal_dma.o
 .text.DMA_CheckFifoParam
                0x08003d58       0xf8 Drivers\STM32H7xx_HAL_Driver\Src\stm32h7xx_hal_dma.o
 .text.DMA_CalcDMAMUXChannelBaseAndMask
                0x08003e50      0x134 Drivers\STM32H7xx_HAL_Driver\Src\stm32h7xx_hal_dma.o
 .text.DMA_CalcDMAMUXRequestGenBaseAndMask
                0x08003f84       0xe8 Drivers\STM32H7xx_HAL_Driver\Src\stm32h7xx_hal_dma.o
 .text.HAL_ETH_Init
                0x0800406c      0x1c4 Drivers\STM32H7xx_HAL_Driver\Src\stm32h7xx_hal_eth.o
                0x0800406c                HAL_ETH_Init
 .text.HAL_ETH_SetMDIOClockRange
                0x08004230       0xb0 Drivers\STM32H7xx_HAL_Driver\Src\stm32h7xx_hal_eth.o
                0x08004230                HAL_ETH_SetMDIOClockRange
 .text.ETH_SetMACConfig
                0x080042e0      0x238 Drivers\STM32H7xx_HAL_Driver\Src\stm32h7xx_hal_eth.o
 .text.ETH_SetDMAConfig
                0x08004518      0x10c Drivers\STM32H7xx_HAL_Driver\Src\stm32h7xx_hal_eth.o
 .text.ETH_MACDMAConfig
                0x08004624      0x13a Drivers\STM32H7xx_HAL_Driver\Src\stm32h7xx_hal_eth.o
 .text.ETH_DMATxDescListInit
                0x0800475e       0x90 Drivers\STM32H7xx_HAL_Driver\Src\stm32h7xx_hal_eth.o
 .text.ETH_DMARxDescListInit
                0x080047ee       0xba Drivers\STM32H7xx_HAL_Driver\Src\stm32h7xx_hal_eth.o
 .text.HAL_GPIO_Init
                0x080048a8      0x360 Drivers\STM32H7xx_HAL_Driver\Src\stm32h7xx_hal_gpio.o
                0x080048a8                HAL_GPIO_Init
 .text.HAL_GPIO_WritePin
                0x08004c08       0x32 Drivers\STM32H7xx_HAL_Driver\Src\stm32h7xx_hal_gpio.o
                0x08004c08                HAL_GPIO_WritePin
 *fill*         0x08004c3a        0x2 
 .text.HAL_PWREx_ConfigSupply
                0x08004c3c       0x74 Drivers\STM32H7xx_HAL_Driver\Src\stm32h7xx_hal_pwr_ex.o
                0x08004c3c                HAL_PWREx_ConfigSupply
 .text.HAL_RCC_OscConfig
                0x08004cb0      0x858 Drivers\STM32H7xx_HAL_Driver\Src\stm32h7xx_hal_rcc.o
                0x08004cb0                HAL_RCC_OscConfig
 .text.HAL_RCC_ClockConfig
                0x08005508      0x36c Drivers\STM32H7xx_HAL_Driver\Src\stm32h7xx_hal_rcc.o
                0x08005508                HAL_RCC_ClockConfig
 .text.HAL_RCC_GetSysClockFreq
                0x08005874      0x2e4 Drivers\STM32H7xx_HAL_Driver\Src\stm32h7xx_hal_rcc.o
                0x08005874                HAL_RCC_GetSysClockFreq
 .text.HAL_RCC_GetHCLKFreq
                0x08005b58       0x60 Drivers\STM32H7xx_HAL_Driver\Src\stm32h7xx_hal_rcc.o
                0x08005b58                HAL_RCC_GetHCLKFreq
 .text.HAL_RCC_GetPCLK1Freq
                0x08005bb8       0x2c Drivers\STM32H7xx_HAL_Driver\Src\stm32h7xx_hal_rcc.o
                0x08005bb8                HAL_RCC_GetPCLK1Freq
 .text.HAL_RCC_GetPCLK2Freq
                0x08005be4       0x2c Drivers\STM32H7xx_HAL_Driver\Src\stm32h7xx_hal_rcc.o
                0x08005be4                HAL_RCC_GetPCLK2Freq
 .text.HAL_RCCEx_PeriphCLKConfig
                0x08005c10      0xdfc Drivers\STM32H7xx_HAL_Driver\Src\stm32h7xx_hal_rcc_ex.o
                0x08005c10                HAL_RCCEx_PeriphCLKConfig
 .text.HAL_RCCEx_GetD3PCLK1Freq
                0x08006a0c       0x2c Drivers\STM32H7xx_HAL_Driver\Src\stm32h7xx_hal_rcc_ex.o
                0x08006a0c                HAL_RCCEx_GetD3PCLK1Freq
 .text.HAL_RCCEx_GetPLL2ClockFreq
                0x08006a38      0x298 Drivers\STM32H7xx_HAL_Driver\Src\stm32h7xx_hal_rcc_ex.o
                0x08006a38                HAL_RCCEx_GetPLL2ClockFreq
 .text.HAL_RCCEx_GetPLL3ClockFreq
                0x08006cd0      0x298 Drivers\STM32H7xx_HAL_Driver\Src\stm32h7xx_hal_rcc_ex.o
                0x08006cd0                HAL_RCCEx_GetPLL3ClockFreq
 .text.RCCEx_PLL2_Config
                0x08006f68      0x164 Drivers\STM32H7xx_HAL_Driver\Src\stm32h7xx_hal_rcc_ex.o
 .text.RCCEx_PLL3_Config
                0x080070cc      0x164 Drivers\STM32H7xx_HAL_Driver\Src\stm32h7xx_hal_rcc_ex.o
 .text.HAL_UART_Init
                0x08007230       0xa0 Drivers\STM32H7xx_HAL_Driver\Src\stm32h7xx_hal_uart.o
                0x08007230                HAL_UART_Init
 .text.HAL_UART_Transmit_DMA
                0x080072d0      0x124 Drivers\STM32H7xx_HAL_Driver\Src\stm32h7xx_hal_uart.o
                0x080072d0                HAL_UART_Transmit_DMA
 .text.HAL_UART_IRQHandler
                0x080073f4      0x73c Drivers\STM32H7xx_HAL_Driver\Src\stm32h7xx_hal_uart.o
                0x080073f4                HAL_UART_IRQHandler
 .text.HAL_UART_TxCpltCallback
                0x08007b30       0x14 Drivers\STM32H7xx_HAL_Driver\Src\stm32h7xx_hal_uart.o
                0x08007b30                HAL_UART_TxCpltCallback
 .text.HAL_UART_TxHalfCpltCallback
                0x08007b44       0x14 Drivers\STM32H7xx_HAL_Driver\Src\stm32h7xx_hal_uart.o
                0x08007b44                HAL_UART_TxHalfCpltCallback
 .text.HAL_UART_ErrorCallback
                0x08007b58       0x14 Drivers\STM32H7xx_HAL_Driver\Src\stm32h7xx_hal_uart.o
                0x08007b58                HAL_UART_ErrorCallback
 .text.HAL_UARTEx_RxEventCallback
                0x08007b6c       0x18 Drivers\STM32H7xx_HAL_Driver\Src\stm32h7xx_hal_uart.o
                0x08007b6c                HAL_UARTEx_RxEventCallback
 .text.UART_SetConfig
                0x08007b84      0xb40 Drivers\STM32H7xx_HAL_Driver\Src\stm32h7xx_hal_uart.o
                0x08007b84                UART_SetConfig
 .text.UART_AdvFeatureConfig
                0x080086c4      0x144 Drivers\STM32H7xx_HAL_Driver\Src\stm32h7xx_hal_uart.o
                0x080086c4                UART_AdvFeatureConfig
 .text.UART_CheckIdleState
                0x08008808       0x96 Drivers\STM32H7xx_HAL_Driver\Src\stm32h7xx_hal_uart.o
                0x08008808                UART_CheckIdleState
 .text.UART_WaitOnFlagUntilTimeout
                0x0800889e      0x190 Drivers\STM32H7xx_HAL_Driver\Src\stm32h7xx_hal_uart.o
                0x0800889e                UART_WaitOnFlagUntilTimeout
 .text.UART_EndTxTransfer
                0x08008a2e       0x82 Drivers\STM32H7xx_HAL_Driver\Src\stm32h7xx_hal_uart.o
 .text.UART_EndRxTransfer
                0x08008ab0       0xcc Drivers\STM32H7xx_HAL_Driver\Src\stm32h7xx_hal_uart.o
 .text.UART_DMATransmitCplt
                0x08008b7c       0x96 Drivers\STM32H7xx_HAL_Driver\Src\stm32h7xx_hal_uart.o
 .text.UART_DMATxHalfCplt
                0x08008c12       0x1c Drivers\STM32H7xx_HAL_Driver\Src\stm32h7xx_hal_uart.o
 .text.UART_DMAError
                0x08008c2e       0x80 Drivers\STM32H7xx_HAL_Driver\Src\stm32h7xx_hal_uart.o
 .text.UART_DMAAbortOnError
                0x08008cae       0x2c Drivers\STM32H7xx_HAL_Driver\Src\stm32h7xx_hal_uart.o
 .text.UART_EndTransmit_IT
                0x08008cda       0x56 Drivers\STM32H7xx_HAL_Driver\Src\stm32h7xx_hal_uart.o
 .text.HAL_UARTEx_WakeupCallback
                0x08008d30       0x14 Drivers\STM32H7xx_HAL_Driver\Src\stm32h7xx_hal_uart_ex.o
                0x08008d30                HAL_UARTEx_WakeupCallback
 .text.HAL_UARTEx_RxFifoFullCallback
                0x08008d44       0x14 Drivers\STM32H7xx_HAL_Driver\Src\stm32h7xx_hal_uart_ex.o
                0x08008d44                HAL_UARTEx_RxFifoFullCallback
 .text.HAL_UARTEx_TxFifoEmptyCallback
                0x08008d58       0x14 Drivers\STM32H7xx_HAL_Driver\Src\stm32h7xx_hal_uart_ex.o
                0x08008d58                HAL_UARTEx_TxFifoEmptyCallback
 .text.HAL_UARTEx_DisableFifoMode
                0x08008d6c       0x72 Drivers\STM32H7xx_HAL_Driver\Src\stm32h7xx_hal_uart_ex.o
                0x08008d6c                HAL_UARTEx_DisableFifoMode
 .text.HAL_UARTEx_SetTxFifoThreshold
                0x08008dde       0x7c Drivers\STM32H7xx_HAL_Driver\Src\stm32h7xx_hal_uart_ex.o
                0x08008dde                HAL_UARTEx_SetTxFifoThreshold
 .text.HAL_UARTEx_SetRxFifoThreshold
                0x08008e5a       0x7c Drivers\STM32H7xx_HAL_Driver\Src\stm32h7xx_hal_uart_ex.o
                0x08008e5a                HAL_UARTEx_SetRxFifoThreshold
 *fill*         0x08008ed6        0x2 
 .text.UARTEx_SetNbDataToProcess
                0x08008ed8       0x9c Drivers\STM32H7xx_HAL_Driver\Src\stm32h7xx_hal_uart_ex.o
 .text.Reset_Handler
                0x08008f74       0x50 startup\startup_stm32h743xx.o
                0x08008f74                Reset_Handler
 .text.Default_Handler
                0x08008fc4        0x2 startup\startup_stm32h743xx.o
                0x08008fc4                RTC_Alarm_IRQHandler
                0x08008fc4                EXTI2_IRQHandler
                0x08008fc4                TIM8_CC_IRQHandler
                0x08008fc4                HRTIM1_Master_IRQHandler
                0x08008fc4                UART8_IRQHandler
                0x08008fc4                SPI4_IRQHandler
                0x08008fc4                TIM1_CC_IRQHandler
                0x08008fc4                BDMA_Channel6_IRQHandler
                0x08008fc4                DMA2_Stream5_IRQHandler
                0x08008fc4                HRTIM1_FLT_IRQHandler
                0x08008fc4                JPEG_IRQHandler
                0x08008fc4                DMA1_Stream5_IRQHandler
                0x08008fc4                BDMA_Channel1_IRQHandler
                0x08008fc4                HRTIM1_TIMD_IRQHandler
                0x08008fc4                TAMP_STAMP_IRQHandler
                0x08008fc4                EXTI3_IRQHandler
                0x08008fc4                LPTIM4_IRQHandler
                0x08008fc4                TIM8_TRG_COM_TIM14_IRQHandler
                0x08008fc4                LPTIM2_IRQHandler
                0x08008fc4                DFSDM1_FLT1_IRQHandler
                0x08008fc4                DMAMUX2_OVR_IRQHandler
                0x08008fc4                TIM8_UP_TIM13_IRQHandler
                0x08008fc4                I2C3_ER_IRQHandler
                0x08008fc4                DFSDM1_FLT2_IRQHandler
                0x08008fc4                MDMA_IRQHandler
                0x08008fc4                LPTIM3_IRQHandler
                0x08008fc4                HSEM1_IRQHandler
                0x08008fc4                EXTI0_IRQHandler
                0x08008fc4                I2C2_EV_IRQHandler
                0x08008fc4                DMA1_Stream2_IRQHandler
                0x08008fc4                FPU_IRQHandler
                0x08008fc4                OTG_HS_WKUP_IRQHandler
                0x08008fc4                FDCAN1_IT1_IRQHandler
                0x08008fc4                LTDC_ER_IRQHandler
                0x08008fc4                DMA2_Stream2_IRQHandler
                0x08008fc4                HRTIM1_TIME_IRQHandler
                0x08008fc4                SPI1_IRQHandler
                0x08008fc4                TIM6_DAC_IRQHandler
                0x08008fc4                DCMI_IRQHandler
                0x08008fc4                HRTIM1_TIMC_IRQHandler
                0x08008fc4                DMA2_Stream3_IRQHandler
                0x08008fc4                SAI2_IRQHandler
                0x08008fc4                DFSDM1_FLT3_IRQHandler
                0x08008fc4                USART6_IRQHandler
                0x08008fc4                TIM17_IRQHandler
                0x08008fc4                BDMA_Channel7_IRQHandler
                0x08008fc4                LPTIM5_IRQHandler
                0x08008fc4                UART5_IRQHandler
                0x08008fc4                ADC3_IRQHandler
                0x08008fc4                DMA2_Stream0_IRQHandler
                0x08008fc4                TIM4_IRQHandler
                0x08008fc4                BDMA_Channel2_IRQHandler
                0x08008fc4                QUADSPI_IRQHandler
                0x08008fc4                I2C1_EV_IRQHandler
                0x08008fc4                DMA1_Stream6_IRQHandler
                0x08008fc4                DMAMUX1_OVR_IRQHandler
                0x08008fc4                DMA1_Stream1_IRQHandler
                0x08008fc4                TIM16_IRQHandler
                0x08008fc4                UART4_IRQHandler
                0x08008fc4                BDMA_Channel5_IRQHandler
                0x08008fc4                TIM3_IRQHandler
                0x08008fc4                RCC_IRQHandler
                0x08008fc4                TIM8_BRK_TIM12_IRQHandler
                0x08008fc4                TIM1_TRG_COM_IRQHandler
                0x08008fc4                Default_Handler
                0x08008fc4                ECC_IRQHandler
                0x08008fc4                CEC_IRQHandler
                0x08008fc4                EXTI15_10_IRQHandler
                0x08008fc4                BDMA_Channel0_IRQHandler
                0x08008fc4                ADC_IRQHandler
                0x08008fc4                DMA1_Stream7_IRQHandler
                0x08008fc4                HRTIM1_TIMA_IRQHandler
                0x08008fc4                SPI5_IRQHandler
                0x08008fc4                TIM7_IRQHandler
                0x08008fc4                SDMMC1_IRQHandler
                0x08008fc4                TIM5_IRQHandler
                0x08008fc4                DMA2_Stream7_IRQHandler
                0x08008fc4                TIM15_IRQHandler
                0x08008fc4                PVD_AVD_IRQHandler
                0x08008fc4                I2C3_EV_IRQHandler
                0x08008fc4                EXTI9_5_IRQHandler
                0x08008fc4                RTC_WKUP_IRQHandler
                0x08008fc4                LTDC_IRQHandler
                0x08008fc4                SAI3_IRQHandler
                0x08008fc4                ETH_WKUP_IRQHandler
                0x08008fc4                SPDIF_RX_IRQHandler
                0x08008fc4                SPI2_IRQHandler
                0x08008fc4                OTG_HS_EP1_IN_IRQHandler
                0x08008fc4                DMA1_Stream0_IRQHandler
                0x08008fc4                CRS_IRQHandler
                0x08008fc4                EXTI4_IRQHandler
                0x08008fc4                RNG_IRQHandler
                0x08008fc4                HRTIM1_TIMB_IRQHandler
                0x08008fc4                FDCAN2_IT1_IRQHandler
                0x08008fc4                ETH_IRQHandler
                0x08008fc4                TIM1_UP_IRQHandler
                0x08008fc4                BDMA_Channel4_IRQHandler
                0x08008fc4                OTG_HS_EP1_OUT_IRQHandler
                0x08008fc4                WWDG_IRQHandler
                0x08008fc4                SPI6_IRQHandler
                0x08008fc4                MDIOS_IRQHandler
                0x08008fc4                I2C4_EV_IRQHandler
                0x08008fc4                FDCAN2_IT0_IRQHandler
                0x08008fc4                LPUART1_IRQHandler
                0x08008fc4                FDCAN1_IT0_IRQHandler
                0x08008fc4                TIM2_IRQHandler
                0x08008fc4                OTG_FS_WKUP_IRQHandler
                0x08008fc4                OTG_HS_IRQHandler
                0x08008fc4                DMA2D_IRQHandler
                0x08008fc4                TIM1_BRK_IRQHandler
                0x08008fc4                EXTI1_IRQHandler
                0x08008fc4                SDMMC2_IRQHandler
                0x08008fc4                OTG_FS_EP1_OUT_IRQHandler
                0x08008fc4                BDMA_Channel3_IRQHandler
                0x08008fc4                UART7_IRQHandler
                0x08008fc4                MDIOS_WKUP_IRQHandler
                0x08008fc4                USART2_IRQHandler
                0x08008fc4                DFSDM1_FLT0_IRQHandler
                0x08008fc4                SAI4_IRQHandler
                0x08008fc4                I2C2_ER_IRQHandler
                0x08008fc4                DMA2_Stream1_IRQHandler
                0x08008fc4                FLASH_IRQHandler
                0x08008fc4                DMA2_Stream4_IRQHandler
                0x08008fc4                USART1_IRQHandler
                0x08008fc4                OTG_FS_IRQHandler
                0x08008fc4                SPI3_IRQHandler
                0x08008fc4                WAKEUP_PIN_IRQHandler
                0x08008fc4                OTG_FS_EP1_IN_IRQHandler
                0x08008fc4                I2C1_ER_IRQHandler
                0x08008fc4                FMC_IRQHandler
                0x08008fc4                FDCAN_CAL_IRQHandler
                0x08008fc4                SWPMI1_IRQHandler
                0x08008fc4                COMP1_IRQHandler
                0x08008fc4                LPTIM1_IRQHandler
                0x08008fc4                I2C4_ER_IRQHandler
                0x08008fc4                DMA2_Stream6_IRQHandler
                0x08008fc4                SAI1_IRQHandler
                0x08008fc4                DMA1_Stream3_IRQHandler
 *fill*         0x08008fc6        0x2 
 .text.__libc_init_array
                0x08008fc8       0x48 c:/program files (x86)/atollic/truestudio for stm32 9.3.0/armtools/bin/../lib/gcc/arm-atollic-eabi/6.3.1/../../../../arm-atollic-eabi/lib/armv7e-m/fpu/fpv5-d16\libc_nano.a(lib_a-init.o)
                0x08008fc8                __libc_init_array
 .text.memset   0x08009010       0x10 c:/program files (x86)/atollic/truestudio for stm32 9.3.0/armtools/bin/../lib/gcc/arm-atollic-eabi/6.3.1/../../../../arm-atollic-eabi/lib/armv7e-m/fpu/fpv5-d16\libc_nano.a(lib_a-memset.o)
                0x08009010                memset
 *(.glue_7)
 .glue_7        0x08009020        0x0 linker stubs
 *(.glue_7t)
 .glue_7t       0x08009020        0x0 linker stubs
 *(.eh_frame)
 .eh_frame      0x08009020        0x0 c:/program files (x86)/atollic/truestudio for stm32 9.3.0/armtools/bin/../lib/gcc/arm-atollic-eabi/6.3.1/armv7e-m/fpu/fpv5-d16/crtbegin.o
 *(.init)
 .init          0x08009020        0x4 c:/program files (x86)/atollic/truestudio for stm32 9.3.0/armtools/bin/../lib/gcc/arm-atollic-eabi/6.3.1/armv7e-m/fpu/fpv5-d16/crti.o
                0x08009020                _init
 .init          0x08009024        0x8 c:/program files (x86)/atollic/truestudio for stm32 9.3.0/armtools/bin/../lib/gcc/arm-atollic-eabi/6.3.1/armv7e-m/fpu/fpv5-d16/crtn.o
 *(.fini)
 .fini          0x0800902c        0x4 c:/program files (x86)/atollic/truestudio for stm32 9.3.0/armtools/bin/../lib/gcc/arm-atollic-eabi/6.3.1/armv7e-m/fpu/fpv5-d16/crti.o
                0x0800902c                _fini
 .fini          0x08009030        0x8 c:/program files (x86)/atollic/truestudio for stm32 9.3.0/armtools/bin/../lib/gcc/arm-atollic-eabi/6.3.1/armv7e-m/fpu/fpv5-d16/crtn.o
                0x08009038                . = ALIGN (0x4)
                0x08009038                _etext = .

.vfp11_veneer   0x08009038        0x0
 .vfp11_veneer  0x08009038        0x0 linker stubs

.v4_bx          0x08009038        0x0
 .v4_bx         0x08009038        0x0 linker stubs

.iplt           0x08009038        0x0
 .iplt          0x08009038        0x0 c:/program files (x86)/atollic/truestudio for stm32 9.3.0/armtools/bin/../lib/gcc/arm-atollic-eabi/6.3.1/armv7e-m/fpu/fpv5-d16/crtbegin.o

.rodata         0x08009038       0x40
                0x08009038                . = ALIGN (0x4)
 *(.rodata)
 *(.rodata*)
 .rodata.D1CorePrescTable
                0x08009038       0x10 Core\Src\system_stm32h7xx.o
                0x08009038                D1CorePrescTable
 .rodata.flagBitshiftOffset.10608
                0x08009048        0x8 Drivers\STM32H7xx_HAL_Driver\Src\stm32h7xx_hal_dma.o
 .rodata.UARTPrescTable
                0x08009050       0x18 Drivers\STM32H7xx_HAL_Driver\Src\stm32h7xx_hal_uart.o
                0x08009050                UARTPrescTable
 .rodata.numerator.10575
                0x08009068        0x8 Drivers\STM32H7xx_HAL_Driver\Src\stm32h7xx_hal_uart_ex.o
 .rodata.denominator.10576
                0x08009070        0x8 Drivers\STM32H7xx_HAL_Driver\Src\stm32h7xx_hal_uart_ex.o
                0x08009078                . = ALIGN (0x4)

.ARM.extab
 *(.ARM.extab* .gnu.linkonce.armextab.*)

.ARM            0x08009078        0x8
                0x08009078                __exidx_start = .
 *(.ARM.exidx*)
 .ARM.exidx     0x08009078        0x8 c:/program files (x86)/atollic/truestudio for stm32 9.3.0/armtools/bin/../lib/gcc/arm-atollic-eabi/6.3.1/armv7e-m/fpu/fpv5-d16\libgcc.a(_udivmoddi4.o)
                0x08009080                __exidx_end = .

.rel.dyn        0x08009080        0x0
 .rel.iplt      0x08009080        0x0 c:/program files (x86)/atollic/truestudio for stm32 9.3.0/armtools/bin/../lib/gcc/arm-atollic-eabi/6.3.1/armv7e-m/fpu/fpv5-d16/crtbegin.o

.preinit_array  0x08009080        0x0
                0x08009080                PROVIDE (__preinit_array_start, .)
 *(.preinit_array*)
                0x08009080                PROVIDE (__preinit_array_end, .)

.init_array     0x08009080        0x4
                0x08009080                PROVIDE (__init_array_start, .)
 *(SORT(.init_array.*))
 *(.init_array*)
 .init_array    0x08009080        0x4 c:/program files (x86)/atollic/truestudio for stm32 9.3.0/armtools/bin/../lib/gcc/arm-atollic-eabi/6.3.1/armv7e-m/fpu/fpv5-d16/crtbegin.o
                0x08009084                PROVIDE (__init_array_end, .)

.fini_array     0x08009084        0x4
                [!provide]                PROVIDE (__fini_array_start, .)
 *(SORT(.fini_array.*))
 *(.fini_array*)
 .fini_array    0x08009084        0x4 c:/program files (x86)/atollic/truestudio for stm32 9.3.0/armtools/bin/../lib/gcc/arm-atollic-eabi/6.3.1/armv7e-m/fpu/fpv5-d16/crtbegin.o
                [!provide]                PROVIDE (__fini_array_end, .)
                0x08009088                _sidata = LOADADDR (.data)

.data           0x20000000       0x10 load address 0x08009088
                0x20000000                . = ALIGN (0x4)
                0x20000000                _sdata = .
 *(.data)
 *(.data*)
 .data.SystemCoreClock
                0x20000000        0x4 Core\Src\system_stm32h7xx.o
                0x20000000                SystemCoreClock
 .data.SystemD2Clock
                0x20000004        0x4 Core\Src\system_stm32h7xx.o
                0x20000004                SystemD2Clock
 .data.uwTickPrio
                0x20000008        0x4 Drivers\STM32H7xx_HAL_Driver\Src\stm32h7xx_hal.o
                0x20000008                uwTickPrio
 .data.uwTickFreq
                0x2000000c        0x1 Drivers\STM32H7xx_HAL_Driver\Src\stm32h7xx_hal.o
                0x2000000c                uwTickFreq
                0x20000010                . = ALIGN (0x4)
 *fill*         0x2000000d        0x3 
                0x20000010                _edata = .

.igot.plt       0x20000010        0x0 load address 0x08009098
 .igot.plt      0x20000010        0x0 c:/program files (x86)/atollic/truestudio for stm32 9.3.0/armtools/bin/../lib/gcc/arm-atollic-eabi/6.3.1/armv7e-m/fpu/fpv5-d16/crtbegin.o

.RxDecripSection
                0x20000010       0x60 load address 0x08009098
 .RxDecripSection
                0x20000010       0x60 Core\Src\main.o
                0x20000010                DMARxDscrTab

.TxDecripSection
                0x20000070       0x60 load address 0x080090f8
 .TxDecripSection
                0x20000070       0x60 Core\Src\main.o
                0x20000070                DMATxDscrTab
                0x200000d0                . = ALIGN (0x4)

.bss            0x200000d0      0x218 load address 0x08009158
                0x200000d0                _sbss = .
                0x200000d0                __bss_start__ = _sbss
 *(.bss)
 .bss           0x200000d0       0x1c c:/program files (x86)/atollic/truestudio for stm32 9.3.0/armtools/bin/../lib/gcc/arm-atollic-eabi/6.3.1/armv7e-m/fpu/fpv5-d16/crtbegin.o
 *(.bss*)
 .bss.MACAddr.10690
                0x200000ec        0x6 Core\Src\main.o
 *(COMMON)
 *fill*         0x200000f2        0x2 
 COMMON         0x200000f4      0x1f0 Core\Src\main.o
                0x200000f4                huart3
                0x20000184                hdma_usart3_tx
                0x200001fc                heth
                0x200002ac                TxConfig
 COMMON         0x200002e4        0x4 Drivers\STM32H7xx_HAL_Driver\Src\stm32h7xx_hal.o
                0x200002e4                uwTick
                0x200002e8                . = ALIGN (0x4)
                0x200002e8                _ebss = .
                0x200002e8                __bss_end__ = _ebss

._user_heap_stack
                0x200002e8      0x600 load address 0x08009158
                0x200002e8                . = ALIGN (0x4)
                0x200002e8                PROVIDE (end, .)
                [!provide]                PROVIDE (_end, .)
                0x200004e8                . = (. + _Min_Heap_Size)
 *fill*         0x200002e8      0x200 
                0x200008e8                . = (. + _Min_Stack_Size)
 *fill*         0x200004e8      0x400 
                0x200008e8                . = ALIGN (0x4)

.buffers        0x38000000       0x1c
                0x38000000                . = ALIGN (0x4)
                0x38000000                _sbuffers = .
 *(.buffers)
 .buffers       0x38000000       0x1a Core\Src\main.o
                0x38000000                str
 *(.buffers*)
                0x3800001c                . = ALIGN (0x4)
 *fill*         0x3800001a        0x2 
                0x3800001c                _ebuffers = .

.ram_d1         0x24000000        0x0
                0x24000000                . = ALIGN (0x4)
 *(.ram_d1)
 *(.ram_d1*)

/DISCARD/
 libc.a(*)
 libm.a(*)
 libgcc.a(*)

.ARM.attributes
                0x00000000       0x2e
 *(.ARM.attributes)
 .ARM.attributes
                0x00000000       0x20 c:/program files (x86)/atollic/truestudio for stm32 9.3.0/armtools/bin/../lib/gcc/arm-atollic-eabi/6.3.1/armv7e-m/fpu/fpv5-d16/crti.o
 .ARM.attributes
                0x00000020       0x32 c:/program files (x86)/atollic/truestudio for stm32 9.3.0/armtools/bin/../lib/gcc/arm-atollic-eabi/6.3.1/armv7e-m/fpu/fpv5-d16/crtbegin.o
 .ARM.attributes
                0x00000052       0x37 Core\Src\main.o
 .ARM.attributes
                0x00000089       0x37 Core\Src\stm32h7xx_hal_msp.o
 .ARM.attributes
                0x000000c0       0x37 Core\Src\stm32h7xx_it.o
 .ARM.attributes
                0x000000f7       0x37 Core\Src\system_stm32h7xx.o
 .ARM.attributes
                0x0000012e       0x37 Drivers\STM32H7xx_HAL_Driver\Src\stm32h7xx_hal.o
 .ARM.attributes
                0x00000165       0x37 Drivers\STM32H7xx_HAL_Driver\Src\stm32h7xx_hal_cortex.o
 .ARM.attributes
                0x0000019c       0x37 Drivers\STM32H7xx_HAL_Driver\Src\stm32h7xx_hal_dma.o
 .ARM.attributes
                0x000001d3       0x37 Drivers\STM32H7xx_HAL_Driver\Src\stm32h7xx_hal_eth.o
 .ARM.attributes
                0x0000020a       0x37 Drivers\STM32H7xx_HAL_Driver\Src\stm32h7xx_hal_gpio.o
 .ARM.attributes
                0x00000241       0x37 Drivers\STM32H7xx_HAL_Driver\Src\stm32h7xx_hal_pwr_ex.o
 .ARM.attributes
                0x00000278       0x37 Drivers\STM32H7xx_HAL_Driver\Src\stm32h7xx_hal_rcc.o
 .ARM.attributes
                0x000002af       0x37 Drivers\STM32H7xx_HAL_Driver\Src\stm32h7xx_hal_rcc_ex.o
 .ARM.attributes
                0x000002e6       0x37 Drivers\STM32H7xx_HAL_Driver\Src\stm32h7xx_hal_uart.o
 .ARM.attributes
                0x0000031d       0x37 Drivers\STM32H7xx_HAL_Driver\Src\stm32h7xx_hal_uart_ex.o
 .ARM.attributes
                0x00000354       0x21 startup\startup_stm32h743xx.o
 .ARM.attributes
                0x00000375       0x32 c:/program files (x86)/atollic/truestudio for stm32 9.3.0/armtools/bin/../lib/gcc/arm-atollic-eabi/6.3.1/../../../../arm-atollic-eabi/lib/armv7e-m/fpu/fpv5-d16\libc_nano.a(lib_a-init.o)
 .ARM.attributes
                0x000003a7       0x32 c:/program files (x86)/atollic/truestudio for stm32 9.3.0/armtools/bin/../lib/gcc/arm-atollic-eabi/6.3.1/../../../../arm-atollic-eabi/lib/armv7e-m/fpu/fpv5-d16\libc_nano.a(lib_a-memset.o)
 .ARM.attributes
                0x000003d9       0x20 c:/program files (x86)/atollic/truestudio for stm32 9.3.0/armtools/bin/../lib/gcc/arm-atollic-eabi/6.3.1/armv7e-m/fpu/fpv5-d16\libgcc.a(_aeabi_uldivmod.o)
 .ARM.attributes
                0x000003f9       0x32 c:/program files (x86)/atollic/truestudio for stm32 9.3.0/armtools/bin/../lib/gcc/arm-atollic-eabi/6.3.1/armv7e-m/fpu/fpv5-d16\libgcc.a(_udivmoddi4.o)
 .ARM.attributes
                0x0000042b       0x20 c:/program files (x86)/atollic/truestudio for stm32 9.3.0/armtools/bin/../lib/gcc/arm-atollic-eabi/6.3.1/armv7e-m/fpu/fpv5-d16\libgcc.a(_dvmd_tls.o)
 .ARM.attributes
                0x0000044b       0x20 c:/program files (x86)/atollic/truestudio for stm32 9.3.0/armtools/bin/../lib/gcc/arm-atollic-eabi/6.3.1/armv7e-m/fpu/fpv5-d16/crtn.o
OUTPUT(USARTtxDMA.elf elf32-littlearm)

.debug_info     0x00000000    0x1d9f1
 .debug_info    0x00000000     0x2f67 Core\Src\main.o
 .debug_info    0x00002f67     0x2ba1 Core\Src\stm32h7xx_hal_msp.o
 .debug_info    0x00005b08     0x119a Core\Src\stm32h7xx_it.o
 .debug_info    0x00006ca2     0x161c Core\Src\system_stm32h7xx.o
 .debug_info    0x000082be     0x1df1 Drivers\STM32H7xx_HAL_Driver\Src\stm32h7xx_hal.o
 .debug_info    0x0000a0af     0x1aae Drivers\STM32H7xx_HAL_Driver\Src\stm32h7xx_hal_cortex.o
 .debug_info    0x0000bb5d     0x15ee Drivers\STM32H7xx_HAL_Driver\Src\stm32h7xx_hal_dma.o
 .debug_info    0x0000d14b     0x3292 Drivers\STM32H7xx_HAL_Driver\Src\stm32h7xx_hal_eth.o
 .debug_info    0x000103dd     0x1672 Drivers\STM32H7xx_HAL_Driver\Src\stm32h7xx_hal_gpio.o
 .debug_info    0x00011a4f     0x19e3 Drivers\STM32H7xx_HAL_Driver\Src\stm32h7xx_hal_pwr_ex.o
 .debug_info    0x00013432     0x17c5 Drivers\STM32H7xx_HAL_Driver\Src\stm32h7xx_hal_rcc.o
 .debug_info    0x00014bf7     0x1b34 Drivers\STM32H7xx_HAL_Driver\Src\stm32h7xx_hal_rcc_ex.o
 .debug_info    0x0001672b     0x59cb Drivers\STM32H7xx_HAL_Driver\Src\stm32h7xx_hal_uart.o
 .debug_info    0x0001c0f6     0x187c Drivers\STM32H7xx_HAL_Driver\Src\stm32h7xx_hal_uart_ex.o
 .debug_info    0x0001d972       0x7f startup\startup_stm32h743xx.o

.debug_abbrev   0x00000000     0x26b2
 .debug_abbrev  0x00000000      0x2f5 Core\Src\main.o
 .debug_abbrev  0x000002f5      0x257 Core\Src\stm32h7xx_hal_msp.o
 .debug_abbrev  0x0000054c      0x1cf Core\Src\stm32h7xx_it.o
 .debug_abbrev  0x0000071b      0x227 Core\Src\system_stm32h7xx.o
 .debug_abbrev  0x00000942      0x2d2 Drivers\STM32H7xx_HAL_Driver\Src\stm32h7xx_hal.o
 .debug_abbrev  0x00000c14      0x3ae Drivers\STM32H7xx_HAL_Driver\Src\stm32h7xx_hal_cortex.o
 .debug_abbrev  0x00000fc2      0x282 Drivers\STM32H7xx_HAL_Driver\Src\stm32h7xx_hal_dma.o
 .debug_abbrev  0x00001244      0x2fb Drivers\STM32H7xx_HAL_Driver\Src\stm32h7xx_hal_eth.o
 .debug_abbrev  0x0000153f      0x288 Drivers\STM32H7xx_HAL_Driver\Src\stm32h7xx_hal_gpio.o
 .debug_abbrev  0x000017c7      0x30a Drivers\STM32H7xx_HAL_Driver\Src\stm32h7xx_hal_pwr_ex.o
 .debug_abbrev  0x00001ad1      0x2db Drivers\STM32H7xx_HAL_Driver\Src\stm32h7xx_hal_rcc.o
 .debug_abbrev  0x00001dac      0x2d4 Drivers\STM32H7xx_HAL_Driver\Src\stm32h7xx_hal_rcc_ex.o
 .debug_abbrev  0x00002080      0x32e Drivers\STM32H7xx_HAL_Driver\Src\stm32h7xx_hal_uart.o
 .debug_abbrev  0x000023ae      0x2f2 Drivers\STM32H7xx_HAL_Driver\Src\stm32h7xx_hal_uart_ex.o
 .debug_abbrev  0x000026a0       0x12 startup\startup_stm32h743xx.o

.debug_aranges  0x00000000      0xca0
 .debug_aranges
                0x00000000       0x58 Core\Src\main.o
 .debug_aranges
                0x00000058       0x40 Core\Src\stm32h7xx_hal_msp.o
 .debug_aranges
                0x00000098       0x70 Core\Src\stm32h7xx_it.o
 .debug_aranges
                0x00000108       0x28 Core\Src\system_stm32h7xx.o
 .debug_aranges
                0x00000130      0x198 Drivers\STM32H7xx_HAL_Driver\Src\stm32h7xx_hal.o
 .debug_aranges
                0x000002c8      0x120 Drivers\STM32H7xx_HAL_Driver\Src\stm32h7xx_hal_cortex.o
 .debug_aranges
                0x000003e8       0xa0 Drivers\STM32H7xx_HAL_Driver\Src\stm32h7xx_hal_dma.o
 .debug_aranges
                0x00000488      0x1d8 Drivers\STM32H7xx_HAL_Driver\Src\stm32h7xx_hal_eth.o
 .debug_aranges
                0x00000660       0x58 Drivers\STM32H7xx_HAL_Driver\Src\stm32h7xx_hal_gpio.o
 .debug_aranges
                0x000006b8      0x158 Drivers\STM32H7xx_HAL_Driver\Src\stm32h7xx_hal_pwr_ex.o
 .debug_aranges
                0x00000810       0x88 Drivers\STM32H7xx_HAL_Driver\Src\stm32h7xx_hal_rcc.o
 .debug_aranges
                0x00000898       0xf8 Drivers\STM32H7xx_HAL_Driver\Src\stm32h7xx_hal_rcc_ex.o
 .debug_aranges
                0x00000990      0x248 Drivers\STM32H7xx_HAL_Driver\Src\stm32h7xx_hal_uart.o
 .debug_aranges
                0x00000bd8       0xa0 Drivers\STM32H7xx_HAL_Driver\Src\stm32h7xx_hal_uart_ex.o
 .debug_aranges
                0x00000c78       0x28 startup\startup_stm32h743xx.o

.debug_ranges   0x00000000      0xbe8
 .debug_ranges  0x00000000       0x48 Core\Src\main.o
 .debug_ranges  0x00000048       0x30 Core\Src\stm32h7xx_hal_msp.o
 .debug_ranges  0x00000078       0x60 Core\Src\stm32h7xx_it.o
 .debug_ranges  0x000000d8       0x18 Core\Src\system_stm32h7xx.o
 .debug_ranges  0x000000f0      0x188 Drivers\STM32H7xx_HAL_Driver\Src\stm32h7xx_hal.o
 .debug_ranges  0x00000278      0x110 Drivers\STM32H7xx_HAL_Driver\Src\stm32h7xx_hal_cortex.o
 .debug_ranges  0x00000388       0x90 Drivers\STM32H7xx_HAL_Driver\Src\stm32h7xx_hal_dma.o
 .debug_ranges  0x00000418      0x1c8 Drivers\STM32H7xx_HAL_Driver\Src\stm32h7xx_hal_eth.o
 .debug_ranges  0x000005e0       0x48 Drivers\STM32H7xx_HAL_Driver\Src\stm32h7xx_hal_gpio.o
 .debug_ranges  0x00000628      0x148 Drivers\STM32H7xx_HAL_Driver\Src\stm32h7xx_hal_pwr_ex.o
 .debug_ranges  0x00000770       0x78 Drivers\STM32H7xx_HAL_Driver\Src\stm32h7xx_hal_rcc.o
 .debug_ranges  0x000007e8       0xe8 Drivers\STM32H7xx_HAL_Driver\Src\stm32h7xx_hal_rcc_ex.o
 .debug_ranges  0x000008d0      0x268 Drivers\STM32H7xx_HAL_Driver\Src\stm32h7xx_hal_uart.o
 .debug_ranges  0x00000b38       0x90 Drivers\STM32H7xx_HAL_Driver\Src\stm32h7xx_hal_uart_ex.o
 .debug_ranges  0x00000bc8       0x20 startup\startup_stm32h743xx.o

.debug_line     0x00000000     0x8fe9
 .debug_line    0x00000000      0x4da Core\Src\main.o
 .debug_line    0x000004da      0x420 Core\Src\stm32h7xx_hal_msp.o
 .debug_line    0x000008fa      0x400 Core\Src\stm32h7xx_it.o
 .debug_line    0x00000cfa      0x385 Core\Src\system_stm32h7xx.o
 .debug_line    0x0000107f      0x6ee Drivers\STM32H7xx_HAL_Driver\Src\stm32h7xx_hal.o
 .debug_line    0x0000176d      0x69e Drivers\STM32H7xx_HAL_Driver\Src\stm32h7xx_hal_cortex.o
 .debug_line    0x00001e0b     0x17bb Drivers\STM32H7xx_HAL_Driver\Src\stm32h7xx_hal_dma.o
 .debug_line    0x000035c6      0xc32 Drivers\STM32H7xx_HAL_Driver\Src\stm32h7xx_hal_eth.o
 .debug_line    0x000041f8      0x535 Drivers\STM32H7xx_HAL_Driver\Src\stm32h7xx_hal_gpio.o
 .debug_line    0x0000472d      0x751 Drivers\STM32H7xx_HAL_Driver\Src\stm32h7xx_hal_pwr_ex.o
 .debug_line    0x00004e7e      0x751 Drivers\STM32H7xx_HAL_Driver\Src\stm32h7xx_hal_rcc.o
 .debug_line    0x000055cf      0xa4a Drivers\STM32H7xx_HAL_Driver\Src\stm32h7xx_hal_rcc_ex.o
 .debug_line    0x00006019     0x2763 Drivers\STM32H7xx_HAL_Driver\Src\stm32h7xx_hal_uart.o
 .debug_line    0x0000877c      0x7ec Drivers\STM32H7xx_HAL_Driver\Src\stm32h7xx_hal_uart_ex.o
 .debug_line    0x00008f68       0x81 startup\startup_stm32h743xx.o

.debug_str      0x00000000     0x5f20
 .debug_str     0x00000000     0x241a Core\Src\main.o
                               0x25e6 (size before relaxing)
 .debug_str     0x0000241a      0x3c6 Core\Src\stm32h7xx_hal_msp.o
                               0x254f (size before relaxing)
 .debug_str     0x000027e0       0xd5 Core\Src\stm32h7xx_it.o
                                0xeb0 (size before relaxing)
 .debug_str     0x000028b5      0x301 Core\Src\system_stm32h7xx.o
                                0xdfc (size before relaxing)
 .debug_str     0x00002bb6      0x68a Drivers\STM32H7xx_HAL_Driver\Src\stm32h7xx_hal.o
                               0x1a9f (size before relaxing)
 .debug_str     0x00003240      0x421 Drivers\STM32H7xx_HAL_Driver\Src\stm32h7xx_hal_cortex.o
                               0x1732 (size before relaxing)
 .debug_str     0x00003661      0x3df Drivers\STM32H7xx_HAL_Driver\Src\stm32h7xx_hal_dma.o
                               0x1074 (size before relaxing)
 .debug_str     0x00003a40      0xb9a Drivers\STM32H7xx_HAL_Driver\Src\stm32h7xx_hal_eth.o
                               0x21b2 (size before relaxing)
 .debug_str     0x000045da      0x118 Drivers\STM32H7xx_HAL_Driver\Src\stm32h7xx_hal_gpio.o
                                0xdce (size before relaxing)
 .debug_str     0x000046f2      0x550 Drivers\STM32H7xx_HAL_Driver\Src\stm32h7xx_hal_pwr_ex.o
                               0x1125 (size before relaxing)
 .debug_str     0x00004c42      0x1d0 Drivers\STM32H7xx_HAL_Driver\Src\stm32h7xx_hal_rcc.o
                               0x1094 (size before relaxing)
 .debug_str     0x00004e12      0x5df Drivers\STM32H7xx_HAL_Driver\Src\stm32h7xx_hal_rcc_ex.o
                               0x1584 (size before relaxing)
 .debug_str     0x000053f1      0x85e Drivers\STM32H7xx_HAL_Driver\Src\stm32h7xx_hal_uart.o
                               0x19f7 (size before relaxing)
 .debug_str     0x00005c4f      0x2d1 Drivers\STM32H7xx_HAL_Driver\Src\stm32h7xx_hal_uart_ex.o
                               0x1164 (size before relaxing)

.comment        0x00000000       0x7c
 .comment       0x00000000       0x7c Core\Src\main.o
                                 0x7d (size before relaxing)
 .comment       0x0000007c       0x7d Core\Src\stm32h7xx_hal_msp.o
 .comment       0x0000007c       0x7d Core\Src\stm32h7xx_it.o
 .comment       0x0000007c       0x7d Core\Src\system_stm32h7xx.o
 .comment       0x0000007c       0x7d Drivers\STM32H7xx_HAL_Driver\Src\stm32h7xx_hal.o
 .comment       0x0000007c       0x7d Drivers\STM32H7xx_HAL_Driver\Src\stm32h7xx_hal_cortex.o
 .comment       0x0000007c       0x7d Drivers\STM32H7xx_HAL_Driver\Src\stm32h7xx_hal_dma.o
 .comment       0x0000007c       0x7d Drivers\STM32H7xx_HAL_Driver\Src\stm32h7xx_hal_eth.o
 .comment       0x0000007c       0x7d Drivers\STM32H7xx_HAL_Driver\Src\stm32h7xx_hal_gpio.o
 .comment       0x0000007c       0x7d Drivers\STM32H7xx_HAL_Driver\Src\stm32h7xx_hal_pwr_ex.o
 .comment       0x0000007c       0x7d Drivers\STM32H7xx_HAL_Driver\Src\stm32h7xx_hal_rcc.o
 .comment       0x0000007c       0x7d Drivers\STM32H7xx_HAL_Driver\Src\stm32h7xx_hal_rcc_ex.o
 .comment       0x0000007c       0x7d Drivers\STM32H7xx_HAL_Driver\Src\stm32h7xx_hal_uart.o
 .comment       0x0000007c       0x7d Drivers\STM32H7xx_HAL_Driver\Src\stm32h7xx_hal_uart_ex.o

.debug_frame    0x00000000     0x348c
 .debug_frame   0x00000000      0x10c Core\Src\main.o
 .debug_frame   0x0000010c       0xcc Core\Src\stm32h7xx_hal_msp.o
 .debug_frame   0x000001d8      0x13c Core\Src\stm32h7xx_it.o
 .debug_frame   0x00000314       0x58 Core\Src\system_stm32h7xx.o
 .debug_frame   0x0000036c      0x690 Drivers\STM32H7xx_HAL_Driver\Src\stm32h7xx_hal.o
 .debug_frame   0x000009fc      0x4b8 Drivers\STM32H7xx_HAL_Driver\Src\stm32h7xx_hal_cortex.o
 .debug_frame   0x00000eb4      0x2b4 Drivers\STM32H7xx_HAL_Driver\Src\stm32h7xx_hal_dma.o
 .debug_frame   0x00001168      0x898 Drivers\STM32H7xx_HAL_Driver\Src\stm32h7xx_hal_eth.o
 .debug_frame   0x00001a00      0x14c Drivers\STM32H7xx_HAL_Driver\Src\stm32h7xx_hal_gpio.o
 .debug_frame   0x00001b4c      0x580 Drivers\STM32H7xx_HAL_Driver\Src\stm32h7xx_hal_pwr_ex.o
 .debug_frame   0x000020cc      0x1f8 Drivers\STM32H7xx_HAL_Driver\Src\stm32h7xx_hal_rcc.o
 .debug_frame   0x000022c4      0x3f4 Drivers\STM32H7xx_HAL_Driver\Src\stm32h7xx_hal_rcc_ex.o
 .debug_frame   0x000026b8      0xa8c Drivers\STM32H7xx_HAL_Driver\Src\stm32h7xx_hal_uart.o
 .debug_frame   0x00003144      0x29c Drivers\STM32H7xx_HAL_Driver\Src\stm32h7xx_hal_uart_ex.o
 .debug_frame   0x000033e0       0x2c c:/program files (x86)/atollic/truestudio for stm32 9.3.0/armtools/bin/../lib/gcc/arm-atollic-eabi/6.3.1/../../../../arm-atollic-eabi/lib/armv7e-m/fpu/fpv5-d16\libc_nano.a(lib_a-init.o)
 .debug_frame   0x0000340c       0x20 c:/program files (x86)/atollic/truestudio for stm32 9.3.0/armtools/bin/../lib/gcc/arm-atollic-eabi/6.3.1/../../../../arm-atollic-eabi/lib/armv7e-m/fpu/fpv5-d16\libc_nano.a(lib_a-memset.o)
 .debug_frame   0x0000342c       0x2c c:/program files (x86)/atollic/truestudio for stm32 9.3.0/armtools/bin/../lib/gcc/arm-atollic-eabi/6.3.1/armv7e-m/fpu/fpv5-d16\libgcc.a(_aeabi_uldivmod.o)
 .debug_frame   0x00003458       0x34 c:/program files (x86)/atollic/truestudio for stm32 9.3.0/armtools/bin/../lib/gcc/arm-atollic-eabi/6.3.1/armv7e-m/fpu/fpv5-d16\libgcc.a(_udivmoddi4.o)
